Component: ARM Compiler 5.06 update 7 (build 960) Tool: armlink [4d3601]

==============================================================================

Section Cross References

    led.o(i.LED0_Set) refers to led.o(i.LED0_On) for LED0_On
    led.o(i.LED0_Set) refers to led.o(i.LED0_Off) for LED0_Off
    led.o(i.LED1_Set) refers to led.o(i.LED1_On) for LED1_On
    led.o(i.LED1_Set) refers to led.o(i.LED1_Off) for LED1_Off
    led.o(i.LED2_Set) refers to led.o(i.LED2_On) for LED2_On
    led.o(i.LED2_Set) refers to led.o(i.LED2_Off) for LED2_Off
    led.o(i.LED3_Set) refers to led.o(i.LED3_On) for LED3_On
    led.o(i.LED3_Set) refers to led.o(i.LED3_Off) for LED3_Off
    led.o(i.LED_Off) refers to led.o(i.LED0_Off) for LED0_Off
    led.o(i.LED_Off) refers to led.o(i.LED1_Off) for LED1_Off
    led.o(i.LED_Off) refers to led.o(i.LED2_Off) for LED2_Off
    led.o(i.LED_Off) refers to led.o(i.LED3_Off) for LED3_Off
    led.o(i.LED_On) refers to led.o(i.LED0_On) for LED0_On
    led.o(i.LED_On) refers to led.o(i.LED1_On) for LED1_On
    led.o(i.LED_On) refers to led.o(i.LED2_On) for LED2_On
    led.o(i.LED_On) refers to led.o(i.LED3_On) for LED3_On
    led.o(i.LED_Set) refers to led.o(i.LED0_Set) for LED0_Set
    led.o(i.LED_Set) refers to led.o(i.LED1_Set) for LED1_Set
    led.o(i.LED_Set) refers to led.o(i.LED2_Set) for LED2_Set
    led.o(i.LED_Set) refers to led.o(i.LED3_Set) for LED3_Set
    led.o(i.LED_State) refers to led.o(i.LED0_State) for LED0_State
    led.o(i.LED_State) refers to led.o(i.LED1_State) for LED1_State
    led.o(i.LED_State) refers to led.o(i.LED2_State) for LED2_State
    led.o(i.LED_State) refers to led.o(i.LED3_State) for LED3_State
    led.o(i.LED_State) refers to assert.o(.text) for __aeabi_assert
    led.o(i.LED_Toggle) refers to led.o(i.LED0_Toggle) for LED0_Toggle
    led.o(i.LED_Toggle) refers to led.o(i.LED1_Toggle) for LED1_Toggle
    led.o(i.LED_Toggle) refers to led.o(i.LED2_Toggle) for LED2_Toggle
    led.o(i.LED_Toggle) refers to led.o(i.LED3_Toggle) for LED3_Toggle
    main.o(i.main) refers to sysclock.o(i.System_Clock_Init) for System_Clock_Init
    main.o(i.main) refers to systimer.o(i.SysTick_Init) for SysTick_Init
    main.o(i.main) refers to led.o(i.LED_Init) for LED_Init
    main.o(i.main) refers to button.o(i.BUTTON_Init) for BUTTON_Init
    main.o(i.main) refers to spi.o(i.initializeDisplay) for initializeDisplay
    main.o(i.main) refers to rng.o(i.RNG_Init) for RNG_Init
    main.o(i.main) refers to pwm.o(i.PWM_Init) for PWM_Init
    main.o(i.main) refers to oled.o(i.drawImage) for drawImage
    main.o(i.main) refers to config.o(i.gameStartup) for gameStartup
    main.o(i.main) refers to systimer.o(i.delay) for delay
    main.o(i.main) refers to oled.o(i.ClearScreen) for ClearScreen
    main.o(i.main) refers to led.o(i.LED_Off) for LED_Off
    main.o(i.main) refers to rand.o(.emb_text) for rand
    main.o(i.main) refers to led.o(i.LED_On) for LED_On
    main.o(i.main) refers to led.o(i.LED_State) for LED_State
    main.o(i.main) refers to button.o(i.isPressed) for isPressed
    main.o(i.main) refers to led.o(i.LED_Toggle) for LED_Toggle
    main.o(i.main) refers to pwm.o(i.Flap) for Flap
    main.o(i.main) refers to pwm.o(i.Motor) for Motor
    main.o(i.main) refers to main.o(.data) for title
    main.o(i.main) refers to main.o(.bss) for simulated_buttons
    main.o(i.main) refers to systimer.o(.data) for msTicks
    startup_stm32l476xx.o(STACK) refers (Special) to heapauxi.o(.text) for __use_two_region_memory
    startup_stm32l476xx.o(HEAP) refers (Special) to heapauxi.o(.text) for __use_two_region_memory
    startup_stm32l476xx.o(RESET) refers (Special) to heapauxi.o(.text) for __use_two_region_memory
    startup_stm32l476xx.o(RESET) refers to startup_stm32l476xx.o(STACK) for __initial_sp
    startup_stm32l476xx.o(RESET) refers to startup_stm32l476xx.o(.text) for Reset_Handler
    startup_stm32l476xx.o(RESET) refers to systimer.o(i.SysTick_Handler) for SysTick_Handler
    startup_stm32l476xx.o(.text) refers (Special) to heapauxi.o(.text) for __use_two_region_memory
    startup_stm32l476xx.o(.text) refers to __main.o(!!!main) for __main
    startup_stm32l476xx.o(.text) refers to startup_stm32l476xx.o(HEAP) for Heap_Mem
    startup_stm32l476xx.o(.text) refers to startup_stm32l476xx.o(STACK) for Stack_Mem
    sysclock.o(i.System_Clock_Init) refers to sysclock.o(i.UART_Clock) for UART_Clock
    button.o(i.isPressed) refers to assert.o(.text) for __aeabi_assert
    systimer.o(i.SysTick_Handler) refers to systimer.o(.data) for msTicks
    systimer.o(i.delay) refers to systimer.o(.data) for msTicks
    rng.o(i.RNG_Init) refers to rand.o(.text) for srand
    spi.o(i.SPI_Transfer_Byte) refers to spi.o(i.setCS) for setCS
    spi.o(i.SPI_Transfer_Byte) refers to spi.o(i.setDC) for setDC
    spi.o(i.initializeDisplay) refers to spi.o(i.SPI2_GPIO_Init) for SPI2_GPIO_Init
[...]
    libinit.o(.ARM.Collect$$libinit$$00000000) refers (Special) to libinit2.o(.ARM.Collect$$libinit$$00000015) for __rt_lib_init_lc_monetary_1
    libinit.o(.ARM.Collect$$libinit$$00000000) refers (Special) to libinit2.o(.ARM.Collect$$libinit$$00000017) for __rt_lib_init_lc_numeric_1
    libinit.o(.ARM.Collect$$libinit$$00000000) refers (Special) to libinit2.o(.ARM.Collect$$libinit$$00000019) for __rt_lib_init_lc_time_1
    libinit.o(.ARM.Collect$$libinit$$00000000) refers (Special) to libinit2.o(.ARM.Collect$$libinit$$00000004) for __rt_lib_init_preinit_1
    libinit.o(.ARM.Collect$$libinit$$00000000) refers (Special) to libinit2.o(.ARM.Collect$$libinit$$0000000E) for __rt_lib_init_rand_1
    libinit.o(.ARM.Collect$$libinit$$00000000) refers (Special) to libinit2.o(.ARM.Collect$$libinit$$00000033) for __rt_lib_init_return
    libinit.o(.ARM.Collect$$libinit$$00000000) refers (Special) to libinit2.o(.ARM.Collect$$libinit$$0000001D) for __rt_lib_init_signal_1
    libinit.o(.ARM.Collect$$libinit$$00000000) refers (Special) to libinit2.o(.ARM.Collect$$libinit$$00000025) for __rt_lib_init_stdio_1
    libinit.o(.ARM.Collect$$libinit$$00000000) refers (Special) to libinit2.o(.ARM.Collect$$libinit$$0000000C) for __rt_lib_init_user_alloc_1
    sys_command.o(.text) refers (Special) to use_no_semi.o(.text) for __I$use$semihosting
    sys_command.o(.text) refers (Special) to indicate_semi.o(.text) for __semihosting_library_function
    libspace.o(.text) refers to libspace.o(.bss) for __libspace_start
    rtexit.o(.ARM.Collect$$rtexit$$00000000) refers (Special) to rtexit2.o(.ARM.Collect$$rtexit$$00000004) for __rt_exit_exit
    rtexit.o(.ARM.Collect$$rtexit$$00000000) refers (Special) to rtexit2.o(.ARM.Collect$$rtexit$$00000003) for __rt_exit_ls
    rtexit.o(.ARM.Collect$$rtexit$$00000000) refers (Special) to rtexit2.o(.ARM.Collect$$rtexit$$00000002) for __rt_exit_prels_1
    rtexit.o(.ARM.exidx) refers (Special) to rtexit2.o(.ARM.Collect$$rtexit$$00000004) for __rt_exit_exit
    rtexit.o(.ARM.exidx) refers (Special) to rtexit2.o(.ARM.Collect$$rtexit$$00000003) for __rt_exit_ls
    rtexit.o(.ARM.exidx) refers (Special) to rtexit2.o(.ARM.Collect$$rtexit$$00000002) for __rt_exit_prels_1
    rtexit.o(.ARM.exidx) refers to rtexit.o(.ARM.Collect$$rtexit$$00000000) for .ARM.Collect$$rtexit$$00000000
    rt_ctype_table.o(.text) refers to rt_locale_intlibspace.o(.text) for __rt_locale
    rt_ctype_table.o(.text) refers to lc_ctype_c.o(locale$$code) for _get_lc_ctype
    __raise.o(.text) refers to defsig.o(CL$$defsig) for __default_signal_handler
    defsig_general.o(.text) refers to sys_wrch.o(.text) for _ttywrch
    defsig_rtmem_outer.o(.text) refers to defsig_rtmem_inner.o(.text) for __rt_SIGRTMEM_inner
    defsig_rtmem_outer.o(.text) refers to defsig_exit.o(.text) for __sig_exit
    defsig_rtmem_formal.o(.text) refers to rt_raise.o(.text) for __rt_raise
    rtexit2.o(.ARM.Collect$$rtexit$$00000003) refers to libshutdown.o(.ARM.Collect$$libshutdown$$00000000) for __rt_lib_shutdown
    rtexit2.o(.ARM.Collect$$rtexit$$00000004) refers to sys_exit.o(.text) for _sys_exit
    rtexit2.o(.ARM.exidx) refers to rtexit2.o(.ARM.Collect$$rtexit$$00000001) for .ARM.Collect$$rtexit$$00000001
    rtexit2.o(.ARM.exidx) refers to rtexit2.o(.ARM.Collect$$rtexit$$00000003) for .ARM.Collect$$rtexit$$00000003
    rtexit2.o(.ARM.exidx) refers to rtexit2.o(.ARM.Collect$$rtexit$$00000004) for .ARM.Collect$$rtexit$$00000004
    rt_locale.o(.text) refers to rt_locale.o(.bss) for __rt_locale_data
    rt_locale_intlibspace.o(.text) refers to libspace.o(.bss) for __libspace_start
    lc_ctype_c.o(locale$$data) refers (Special) to libinit2.o(.ARM.Collect$$libinit$$00000012) for __rt_lib_init_lc_ctype_2
    lc_ctype_c.o(locale$$code) refers (Special) to libinit2.o(.ARM.Collect$$libinit$$00000012) for __rt_lib_init_lc_ctype_2
    lc_ctype_c.o(locale$$code) refers to strcmpv7m.o(.text) for strcmp
    lc_ctype_c.o(locale$$code) refers to lc_ctype_c.o(locale$$data) for __lcctype_c_name
    defsig_rtmem_inner.o(.text) refers to defsig_general.o(.text) for __default_signal_display
    defsig.o(CL$$defsig) refers to defsig_abrt_inner.o(.text) for __rt_SIGABRT_inner
    defsig.o(CL$$defsig) refers to defsig_rtmem_inner.o(.text) for __rt_SIGRTMEM_inner
    defsig_fpe_inner.o(.text) refers to defsig_general.o(.text) for __default_signal_display
    defsig_rtred_inner.o(.text) refers to defsig_general.o(.text) for __default_signal_display
    defsig_stak_inner.o(.text) refers to defsig_general.o(.text) for __default_signal_display
    defsig_pvfn_inner.o(.text) refers to defsig_general.o(.text) for __default_signal_display
    defsig_cppl_inner.o(.text) refers to defsig_general.o(.text) for __default_signal_display
    defsig_segv_inner.o(.text) refers to defsig_general.o(.text) for __default_signal_display
    defsig_other.o(.text) refers to defsig_general.o(.text) for __default_signal_display
    libshutdown.o(.ARM.Collect$$libshutdown$$00000000) refers (Special) to libshutdown2.o(.ARM.Collect$$libshutdown$$00000004) for __rt_lib_shutdown_cpp_1
    libshutdown.o(.ARM.Collect$$libshutdown$$00000000) refers (Special) to libshutdown2.o(.ARM.Collect$$libshutdown$$00000002) for __rt_lib_shutdown_fini_1
    libshutdown.o(.ARM.Collect$$libshutdown$$00000000) refers (Special) to libshutdown2.o(.ARM.Collect$$libshutdown$$00000009) for __rt_lib_shutdown_fp_trap_1
    libshutdown.o(.ARM.Collect$$libshutdown$$00000000) refers (Special) to libshutdown2.o(.ARM.Collect$$libshutdown$$00000011) for __rt_lib_shutdown_heap_1
    libshutdown.o(.ARM.Collect$$libshutdown$$00000000) refers (Special) to libshutdown2.o(.ARM.Collect$$libshutdown$$00000012) for __rt_lib_shutdown_return
    libshutdown.o(.ARM.Collect$$libshutdown$$00000000) refers (Special) to libshutdown2.o(.ARM.Collect$$libshutdown$$0000000C) for __rt_lib_shutdown_signal_1
    libshutdown.o(.ARM.Collect$$libshutdown$$00000000) refers (Special) to libshutdown2.o(.ARM.Collect$$libshutdown$$00000006) for __rt_lib_shutdown_stdio_1
    libshutdown.o(.ARM.Collect$$libshutdown$$00000000) refers (Special) to libshutdown2.o(.ARM.Collect$$libshutdown$$0000000E) for __rt_lib_shutdown_user_alloc_1


==============================================================================

Removing Unused input sections from the image.

    Removing led.o(.rev16_text), (4 bytes).
    Removing led.o(.revsh_text), (4 bytes).
    Removing led.o(.rrx_text), (6 bytes).
    Removing led.o(i.Green_LED_Off), (18 bytes).
    Removing led.o(i.Green_LED_On), (18 bytes).
    Removing led.o(i.LED0_Set), (18 bytes).
    Removing led.o(i.LED1_Set), (18 bytes).
    Removing led.o(i.LED2_Set), (18 bytes).
    Removing led.o(i.LED3_Set), (18 bytes).
    Removing led.o(i.LED_Set), (58 bytes).
    Removing main.o(.rev16_text), (4 bytes).
    Removing main.o(.revsh_text), (4 bytes).
    Removing main.o(.rrx_text), (6 bytes).
    Removing sysclock.o(.rev16_text), (4 bytes).
    Removing sysclock.o(.revsh_text), (4 bytes).
    Removing sysclock.o(.rrx_text), (6 bytes).
    Removing button.o(.rev16_text), (4 bytes).
    Removing button.o(.revsh_text), (4 bytes).
    Removing button.o(.rrx_text), (6 bytes).
    Removing systimer.o(.rev16_text), (4 bytes).
    Removing systimer.o(.revsh_text), (4 bytes).
    Removing systimer.o(.rrx_text), (6 bytes).
    Removing rng.o(.rev16_text), (4 bytes).
    Removing rng.o(.revsh_text), (4 bytes).
    Removing rng.o(.rrx_text), (6 bytes).
    Removing spi.o(.rev16_text), (4 bytes).
    Removing spi.o(.revsh_text), (4 bytes).
    Removing spi.o(.rrx_text), (6 bytes).
    Removing uart.o(.rev16_text), (4 bytes).
    Removing uart.o(.revsh_text), (4 bytes).
    Removing uart.o(.rrx_text), (6 bytes).
    Removing uart_printf.o(.rev16_text), (4 bytes).
    Removing uart_printf.o(.revsh_text), (4 bytes).
    Removing uart_printf.o(.rrx_text), (6 bytes).
    Removing oled.o(.rev16_text), (4 bytes).
    Removing oled.o(.revsh_text), (4 bytes).
    Removing oled.o(.rrx_text), (6 bytes).
    Removing pwm.o(.rev16_text), (4 bytes).
    Removing pwm.o(.revsh_text), (4 bytes).
    Removing pwm.o(.rrx_text), (6 bytes).
    Removing config.o(.rev16_text), (4 bytes).
    Removing config.o(.revsh_text), (4 bytes).
    Removing config.o(.rrx_text), (6 bytes).

43 unused section(s) (total 334 bytes) removed from the image.

==============================================================================

Image Symbol Table

    Local Symbols

    Symbol Name                              Value     Ov Type        Size  Object(Section)

    ../clib/angel/boardlib.s                 0x00000000   Number         0  boardshut.o ABSOLUTE
    ../clib/angel/boardlib.s                 0x00000000   Number         0  boardinit1.o ABSOLUTE
    ../clib/angel/boardlib.s                 0x00000000   Number         0  boardinit3.o ABSOLUTE
    ../clib/angel/boardlib.s                 0x00000000   Number         0  boardinit2.o ABSOLUTE
    ../clib/angel/dczerorl2.s                0x00000000   Number         0  __dczerorl2.o ABSOLUTE
    ../clib/angel/handlers.s                 0x00000000   Number         0  __scatter_zi.o ABSOLUTE
    ../clib/angel/kernel.s                   0x00000000   Number         0  __rtentry4.o ABSOLUTE
    ../clib/angel/kernel.s                   0x00000000   Number         0  __rtentry2.o ABSOLUTE
    ../clib/angel/kernel.s                   0x00000000   Number         0  __rtentry.o ABSOLUTE
    ../clib/angel/kernel.s                   0x00000000   Number         0  rtexit.o ABSOLUTE
    ../clib/angel/kernel.s                   0x00000000   Number         0  rtexit2.o ABSOLUTE
    ../clib/angel/rt.s                       0x00000000   Number         0  rt_locale_intlibspace.o ABSOLUTE
    ../clib/angel/rt.s                       0x00000000   Number         0  rt_locale.o ABSOLUTE
    ../clib/angel/rt.s                       0x00000000   Number         0  rt_raise.o ABSOLUTE
    ../clib/angel/rt.s                       0x00000000   Number         0  rt_ctype_table.o ABSOLUTE
    ../clib/angel/scatter.s                  0x00000000   Number         0  __scatter.o ABSOLUTE
    ../clib/angel/startup.s                  0x00000000   Number         0  __main.o ABSOLUTE
    ../clib/angel/sys.s                      0x00000000   Number         0  indicate_semi.o ABSOLUTE
    ../clib/angel/sys.s                      0x00000000   Number         0  sys_stackheap_outer.o ABSOLUTE
    ../clib/angel/sys.s                      0x00000000   Number         0  libspace.o ABSOLUTE
    ../clib/angel/sys.s                      0x00000000   Number         0  use_no_semi.o ABSOLUTE
    ../clib/angel/sysapp.c                   0x00000000   Number         0  sys_exit.o ABSOLUTE
    ../clib/angel/sysapp.c                   0x00000000   Number         0  sys_wrch.o ABSOLUTE
    ../clib/angel/sysapp.c                   0x00000000   Number         0  sys_command.o ABSOLUTE
    ../clib/armsys.c                         0x00000000   Number         0  argv_veneer.o ABSOLUTE
    ../clib/armsys.c                         0x00000000   Number         0  argv_veneer.o ABSOLUTE
    ../clib/armsys.c                         0x00000000   Number         0  _get_argv_nomalloc.o ABSOLUTE
    ../clib/armsys.c                         0x00000000   Number         0  no_argv.o ABSOLUTE
    ../clib/assert.c                         0x00000000   Number         0  assert.o ABSOLUTE
    ../clib/assert.c                         0x00000000   Number         0  assert_puts.o ABSOLUTE
    ../clib/ctype.c                          0x00000000   Number         0  isspace.o ABSOLUTE
    ../clib/heapalloc.c                      0x00000000   Number         0  hrguard.o ABSOLUTE
    ../clib/heapaux.c                        0x00000000   Number         0  heapauxi.o ABSOLUTE
    ../clib/libinit.s                        0x00000000   Number         0  libshutdown.o ABSOLUTE
    ../clib/libinit.s                        0x00000000   Number         0  libshutdown2.o ABSOLUTE
    ../clib/libinit.s                        0x00000000   Number         0  libinit.o ABSOLUTE
    ../clib/libinit.s                        0x00000000   Number         0  libinit2.o ABSOLUTE
    ../clib/locale.s                         0x00000000   Number         0  lc_ctype_c.o ABSOLUTE
    ../clib/memcpset.s                       0x00000000   Number         0  strcmpv7m.o ABSOLUTE
    ../clib/memcpset.s                       0x00000000   Number         0  rt_memcpy_w.o ABSOLUTE
    ../clib/printf.c                         0x00000000   Number         0  _printf_char_file.o ABSOLUTE
    ../clib/printf.c                         0x00000000   Number         0  __2printf.o ABSOLUTE
    ../clib/printf.c                         0x00000000   Number         0  noretval__2printf.o ABSOLUTE
    ../clib/printf.c                         0x00000000   Number         0  __printf_nopercent.o ABSOLUTE
    ../clib/printf.c                         0x00000000   Number         0  _printf_char_common.o ABSOLUTE
    ../clib/scanf.c                          0x00000000   Number         0  scanf_char.o ABSOLUTE
    ../clib/scanf.c                          0x00000000   Number         0  scanf_char_file.o ABSOLUTE
    ../clib/scanf.c                          0x00000000   Number         0  __0scanf.o ABSOLUTE
    ../clib/scanf.c                          0x00000000   Number         0  _scanf.o ABSOLUTE
    ../clib/scanf.c                          0x00000000   Number         0  _scanf_str.o ABSOLUTE
    ../clib/signal.c                         0x00000000   Number         0  defsig_cppl_inner.o ABSOLUTE
    ../clib/signal.c                         0x00000000   Number         0  defsig_pvfn_inner.o ABSOLUTE
    ../clib/signal.c                         0x00000000   Number         0  defsig_stak_inner.o ABSOLUTE
    ../clib/signal.c                         0x00000000   Number         0  defsig_rtred_inner.o ABSOLUTE
    ../clib/signal.c                         0x00000000   Number         0  defsig_fpe_inner.o ABSOLUTE
    ../clib/signal.c                         0x00000000   Number         0  defsig_rtmem_formal.o ABSOLUTE
    ../clib/signal.c                         0x00000000   Number         0  defsig_rtmem_outer.o ABSOLUTE
    ../clib/signal.c                         0x00000000   Number         0  defsig_general.o ABSOLUTE
    ../clib/signal.c                         0x00000000   Number         0  defsig_rtmem_inner.o ABSOLUTE
    ../clib/signal.c                         0x00000000   Number         0  __raise.o ABSOLUTE
    ../clib/signal.c                         0x00000000   Number         0  defsig_abrt_inner.o ABSOLUTE
    ../clib/signal.c                         0x00000000   Number         0  defsig_exit.o ABSOLUTE
    ../clib/signal.c                         0x00000000   Number         0  defsig_abrt_formal.o ABSOLUTE
    ../clib/signal.c                         0x00000000   Number         0  defsig_abrt_outer.o ABSOLUTE
    ../clib/signal.c                         0x00000000   Number         0  defsig_other.o ABSOLUTE
    ../clib/signal.c                         0x00000000   Number         0  defsig_segv_inner.o ABSOLUTE
    ../clib/signal.s                         0x00000000   Number         0  defsig.o ABSOLUTE
    ../clib/stdio.c                          0x00000000   Number         0  ungetc.o ABSOLUTE
    ../clib/stdio.c                          0x00000000   Number         0  ferror.o ABSOLUTE
    ../clib/stdio.c                          0x00000000   Number         0  backspace_locked.o ABSOLUTE
    ../clib/stdio.c                          0x00000000   Number         0  ferror_locked.o ABSOLUTE
    ../clib/stdio.c                          0x00000000   Number         0  backspace.o ABSOLUTE
    ../clib/stdlib.c                         0x00000000   Number         0  rand.o ABSOLUTE
    ../clib/stdlib.c                         0x00000000   Number         0  rand.o ABSOLUTE
    ../clib/stdlib.c                         0x00000000   Number         0  abort.o ABSOLUTE
    ../clib/stdlib.c                         0x00000000   Number         0  exit.o ABSOLUTE
    ../fplib/fpinit.s                        0x00000000   Number         0  fpinit.o ABSOLUTE
    BUTTON.c                                 0x00000000   Number         0  button.o ABSOLUTE
    BUTTON.c                                 0x00000000   Number         0  button.o ABSOLUTE
    Config.c                                 0x00000000   Number         0  config.o ABSOLUTE
    Config.c                                 0x00000000   Number         0  config.o ABSOLUTE
    LED.c                                    0x00000000   Number         0  led.o ABSOLUTE
    LED.c                                    0x00000000   Number         0  led.o ABSOLUTE
    OLED.c                                   0x00000000   Number         0  oled.o ABSOLUTE
    OLED.c                                   0x00000000   Number         0  oled.o ABSOLUTE
    PWM.c                                    0x00000000   Number         0  pwm.o ABSOLUTE
    PWM.c                                    0x00000000   Number         0  pwm.o ABSOLUTE
    RNG.c                                    0x00000000   Number         0  rng.o ABSOLUTE
    RNG.c                                    0x00000000   Number         0  rng.o ABSOLUTE
    SPI.c                                    0x00000000   Number         0  spi.o ABSOLUTE
    SPI.c                                    0x00000000   Number         0  spi.o ABSOLUTE
    SysClock.c                               0x00000000   Number         0  sysclock.o ABSOLUTE
    SysClock.c                               0x00000000   Number         0  sysclock.o ABSOLUTE
    SysTimer.c                               0x00000000   Number         0  systimer.o ABSOLUTE
    SysTimer.c                               0x00000000   Number         0  systimer.o ABSOLUTE
    UART.c                                   0x00000000   Number         0  uart.o ABSOLUTE
    UART.c                                   0x00000000   Number         0  uart.o ABSOLUTE
    UART_printf.c                            0x00000000   Number         0  uart_printf.o ABSOLUTE
    UART_printf.c                            0x00000000   Number         0  uart_printf.o ABSOLUTE
    dc.s                                     0x00000000   Number         0  dc.o ABSOLUTE
    main.c                                   0x00000000   Number         0  main.o ABSOLUTE
    main.c                                   0x00000000   Number         0  main.o ABSOLUTE
    startup_stm32l476xx.s                    0x00000000   Number         0  startup_stm32l476xx.o ABSOLUTE
    RESET                                    0x08000000   Section      392  startup_stm32l476xx.o(RESET)
    !!!main                                  0x08000188   Section        8  __main.o(!!!main)
    !!!scatter                               0x08000190   Section       52  __scatter.o(!!!scatter)
    !!dczerorl2                              0x080001c4   Section       90  __dczerorl2.o(!!dczerorl2)
    !!handler_zi                             0x08000220   Section       28  __scatter_zi.o(!!handler_zi)
    .ARM.Collect$$libinit$$00000000          0x0800023c   Section        2  libinit.o(.ARM.Collect$$libinit$$00000000)
    .ARM.Collect$$libinit$$00000001          0x0800023e   Section        4  libinit2.o(.ARM.Collect$$libinit$$00000001)
    .ARM.Collect$$libinit$$00000004          0x08000242   Section        0  libinit2.o(.ARM.Collect$$libinit$$00000004)
    .ARM.Collect$$libinit$$0000000A          0x08000242   Section        0  libinit2.o(.ARM.Collect$$libinit$$0000000A)
    .ARM.Collect$$libinit$$0000000C          0x08000242   Section        0  libinit2.o(.ARM.Collect$$libinit$$0000000C)
    .ARM.Collect$$libinit$$0000000D          0x08000242   Section        4  libinit2.o(.ARM.Collect$$libinit$$0000000D)
    .ARM.Collect$$libinit$$0000000E          0x08000246   Section        0  libinit2.o(.ARM.Collect$$libinit$$0000000E)
    .ARM.Collect$$libinit$$0000000F          0x08000246   Section        6  libinit2.o(.ARM.Collect$$libinit$$0000000F)
    .ARM.Collect$$libinit$$00000011          0x0800024c   Section        0  libinit2.o(.ARM.Collect$$libinit$$00000011)
    .ARM.Collect$$libinit$$00000012          0x0800024c   Section       12  libinit2.o(.ARM.Collect$$libinit$$00000012)
    .ARM.Collect$$libinit$$00000013          0x08000258   Section        0  libinit2.o(.ARM.Collect$$libinit$$00000013)
    .ARM.Collect$$libinit$$00000015          0x08000258   Section        0  libinit2.o(.ARM.Collect$$libinit$$00000015)
    .ARM.Collect$$libinit$$00000017          0x08000258   Section        0  libinit2.o(.ARM.Collect$$libinit$$00000017)
    .ARM.Collect$$libinit$$00000019          0x08000258   Section        0  libinit2.o(.ARM.Collect$$libinit$$00000019)
    .ARM.Collect$$libinit$$0000001B          0x08000258   Section        0  libinit2.o(.ARM.Collect$$libinit$$0000001B)
    .ARM.Collect$$libinit$$0000001D          0x08000258   Section        0  libinit2.o(.ARM.Collect$$libinit$$0000001D)
    .ARM.Collect$$libinit$$0000001F          0x08000258   Section        0  libinit2.o(.ARM.Collect$$libinit$$0000001F)
    .ARM.Collect$$libinit$$00000021          0x08000258   Section        0  libinit2.o(.ARM.Collect$$libinit$$00000021)
    .ARM.Collect$$libinit$$00000023          0x08000258   Section        0  libinit2.o(.ARM.Collect$$libinit$$00000023)
    .ARM.Collect$$libinit$$00000025          0x08000258   Section        0  libinit2.o(.ARM.Collect$$libinit$$00000025)
    .ARM.Collect$$libinit$$0000002C          0x08000258   Section        0  libinit2.o(.ARM.Collect$$libinit$$0000002C)
    .ARM.Collect$$libinit$$0000002E          0x08000258   Section        0  libinit2.o(.ARM.Collect$$libinit$$0000002E)
    .ARM.Collect$$libinit$$00000030          0x08000258   Section        0  libinit2.o(.ARM.Collect$$libinit$$00000030)
    .ARM.Collect$$libinit$$00000032          0x08000258   Section        0  libinit2.o(.ARM.Collect$$libinit$$00000032)
    .ARM.Collect$$libinit$$00000033          0x08000258   Section        2  libinit2.o(.ARM.Collect$$libinit$$00000033)
    .ARM.Collect$$libshutdown$$00000000      0x0800025a   Section        2  libshutdown.o(.ARM.Collect$$libshutdown$$00000000)
    .ARM.Collect$$libshutdown$$00000002      0x0800025c   Section        0  libshutdown2.o(.ARM.Collect$$libshutdown$$00000002)
    .ARM.Collect$$libshutdown$$00000004      0x0800025c   Section        0  libshutdown2.o(.ARM.Collect$$libshutdown$$00000004)
    .ARM.Collect$$libshutdown$$00000006      0x0800025c   Section        0  libshutdown2.o(.ARM.Collect$$libshutdown$$00000006)
    .ARM.Collect$$libshutdown$$00000009      0x0800025c   Section        0  libshutdown2.o(.ARM.Collect$$libshutdown$$00000009)
    .ARM.Collect$$libshutdown$$0000000C      0x0800025c   Section        0  libshutdown2.o(.ARM.Collect$$libshutdown$$0000000C)
    .ARM.Collect$$libshutdown$$0000000E      0x0800025c   Section        0  libshutdown2.o(.ARM.Collect$$libshutdown$$0000000E)
    .ARM.Collect$$libshutdown$$00000011      0x0800025c   Section        0  libshutdown2.o(.ARM.Collect$$libshutdown$$00000011)
    .ARM.Collect$$libshutdown$$00000012      0x0800025c   Section        2  libshutdown2.o(.ARM.Collect$$libshutdown$$00000012)
    .ARM.Collect$$rtentry$$00000000          0x0800025e   Section        0  __rtentry.o(.ARM.Collect$$rtentry$$00000000)
    .ARM.Collect$$rtentry$$00000002          0x0800025e   Section        0  __rtentry2.o(.ARM.Collect$$rtentry$$00000002)
    .ARM.Collect$$rtentry$$00000004          0x0800025e   Section        6  __rtentry4.o(.ARM.Collect$$rtentry$$00000004)
    .ARM.Collect$$rtentry$$00000009          0x08000264   Section        0  __rtentry2.o(.ARM.Collect$$rtentry$$00000009)
    .ARM.Collect$$rtentry$$0000000A          0x08000264   Section        4  __rtentry2.o(.ARM.Collect$$rtentry$$0000000A)
    .ARM.Collect$$rtentry$$0000000C          0x08000268   Section        0  __rtentry2.o(.ARM.Collect$$rtentry$$0000000C)
    .ARM.Collect$$rtentry$$0000000D          0x08000268   Section        8  __rtentry2.o(.ARM.Collect$$rtentry$$0000000D)
    .ARM.Collect$$rtexit$$00000000           0x08000270   Section        2  rtexit.o(.ARM.Collect$$rtexit$$00000000)
    .ARM.Collect$$rtexit$$00000002           0x08000272   Section        0  rtexit2.o(.ARM.Collect$$rtexit$$00000002)
    .ARM.Collect$$rtexit$$00000003           0x08000272   Section        4  rtexit2.o(.ARM.Collect$$rtexit$$00000003)
    .ARM.Collect$$rtexit$$00000004           0x08000276   Section        6  rtexit2.o(.ARM.Collect$$rtexit$$00000004)
    .emb_text                                0x0800027c   Section       52  rand.o(.emb_text)
    .text                                    0x080002b0   Section      132  startup_stm32l476xx.o(.text)
    $v0                                      0x080002b0   Number         0  startup_stm32l476xx.o(.text)
    .text                                    0x08000334   Section        0  noretval__2printf.o(.text)
    .text                                    0x0800034c   Section        0  __0scanf.o(.text)
    .text                                    0x0800036c   Section        0  _scanf_str.o(.text)
    .text                                    0x08000454   Section        0  rand.o(.text)
    .text                                    0x08000490   Section        0  assert.o(.text)
    .text                                    0x08000510   Section      100  rt_memcpy_w.o(.text)
    .text                                    0x08000574   Section        0  heapauxi.o(.text)
    .text                                    0x0800057c   Section        0  _printf_char_file.o(.text)
    .text                                    0x080005a0   Section        0  scanf_char_file.o(.text)
    .text                                    0x080005b8   Section        0  abort.o(.text)
    .text                                    0x080005ce   Section        0  assert_puts.o(.text)
    .text                                    0x080005e2   Section        0  sys_wrch.o(.text)
    .text                                    0x080005f0   Section        0  sys_exit.o(.text)
    .text                                    0x080005fc   Section        0  _printf_char_common.o(.text)
    _printf_input_char                       0x080005fd   Thumb Code    10  _printf_char_common.o(.text)
    .text                                    0x0800062c   Section        0  scanf_char.o(.text)
    _scanf_char_input                        0x0800062d   Thumb Code    12  scanf_char.o(.text)
    .text                                    0x08000658   Section        0  backspace.o(.text)
    .text                                    0x080006a0   Section        0  ferror.o(.text)
    .text                                    0x080006a8   Section        0  defsig_abrt_outer.o(.text)
    .text                                    0x080006b6   Section        2  use_no_semi.o(.text)
    .text                                    0x080006b8   Section        0  indicate_semi.o(.text)
    .text                                    0x080006b8   Section       74  sys_stackheap_outer.o(.text)
    .text                                    0x08000702   Section        0  isspace.o(.text)
    .text                                    0x08000714   Section        0  __printf_nopercent.o(.text)
    .text                                    0x0800073c   Section        0  _scanf.o(.text)
    .text                                    0x08000ab8   Section        0  ungetc.o(.text)
    .text                                    0x08000b00   Section        0  exit.o(.text)
    .text                                    0x08000b12   Section        0  defsig_exit.o(.text)
    .text                                    0x08000b1c   Section        0  defsig_abrt_inner.o(.text)
    .text                                    0x08000b4c   Section        8  libspace.o(.text)
    .text                                    0x08000b54   Section       16  rt_ctype_table.o(.text)
    .text                                    0x08000b64   Section        0  defsig_general.o(.text)
    .text                                    0x08000b98   Section        8  rt_locale_intlibspace.o(.text)
    .text                                    0x08000ba0   Section      128  strcmpv7m.o(.text)
    i.BUTTON_Init                            0x08000c20   Section        0  button.o(i.BUTTON_Init)
    i.ClearScreen                            0x08000cd0   Section        0  oled.o(i.ClearScreen)
    i.Flap                                   0x08000cf0   Section        0  pwm.o(i.Flap)
    i.Green_LED_Toggle                       0x08000d4c   Section        0  led.o(i.Green_LED_Toggle)
    i.Init_USARTx                            0x08000d60   Section        0  uart.o(i.Init_USARTx)
    i.LED0_Off                               0x08000d94   Section        0  led.o(i.LED0_Off)
    i.LED0_On                                0x08000da8   Section        0  led.o(i.LED0_On)
    i.LED0_State                             0x08000dbc   Section        0  led.o(i.LED0_State)
    i.LED0_Toggle                            0x08000dcc   Section        0  led.o(i.LED0_Toggle)
    i.LED1_Off                               0x08000de0   Section        0  led.o(i.LED1_Off)
    i.LED1_On                                0x08000df4   Section        0  led.o(i.LED1_On)
    i.LED1_State                             0x08000e08   Section        0  led.o(i.LED1_State)
    i.LED1_Toggle                            0x08000e18   Section        0  led.o(i.LED1_Toggle)
    i.LED2_Off                               0x08000e2c   Section        0  led.o(i.LED2_Off)
    i.LED2_On                                0x08000e40   Section        0  led.o(i.LED2_On)
    i.LED2_State                             0x08000e54   Section        0  led.o(i.LED2_State)
    i.LED2_Toggle                            0x08000e64   Section        0  led.o(i.LED2_Toggle)
    i.LED3_Off                               0x08000e78   Section        0  led.o(i.LED3_Off)
    i.LED3_On                                0x08000e8c   Section        0  led.o(i.LED3_On)
    i.LED3_State                             0x08000ea0   Section        0  led.o(i.LED3_State)
    i.LED3_Toggle                            0x08000eb0   Section        0  led.o(i.LED3_Toggle)
    i.LED_Init                               0x08000ec4   Section        0  led.o(i.LED_Init)
    i.LED_Off                                0x08000fdc   Section        0  led.o(i.LED_Off)
    i.LED_On                                 0x0800100c   Section        0  led.o(i.LED_On)
    i.LED_State                              0x0800103c   Section        0  led.o(i.LED_State)
    i.LED_Toggle                             0x08001080   Section        0  led.o(i.LED_Toggle)
    i.Motor                                  0x080010b0   Section        0  pwm.o(i.Motor)
    i.PWM_Init                               0x080010f0   Section        0  pwm.o(i.PWM_Init)
    i.RNG_Init                               0x080011cc   Section        0  rng.o(i.RNG_Init)
    i.SPI2_GPIO_Init                         0x0800122c   Section        0  spi.o(i.SPI2_GPIO_Init)
    i.SPI2_Init                              0x080012e4   Section        0  spi.o(i.SPI2_Init)
    i.SPI_Transfer_Byte                      0x080013ec   Section        0  spi.o(i.SPI_Transfer_Byte)
    i.SysTick_Handler                        0x0800142c   Section        0  systimer.o(i.SysTick_Handler)
    i.SysTick_Init                           0x08001450   Section        0  systimer.o(i.SysTick_Init)
    i.System_Clock_Init                      0x080014dc   Section        0  sysclock.o(i.System_Clock_Init)
    i.UART1_GPIO_Init                        0x080014e4   Section        0  uart.o(i.UART1_GPIO_Init)
    i.UART1_Init                             0x08001594   Section        0  uart.o(i.UART1_Init)
    i.UART2_GPIO_Init                        0x080015c4   Section        0  uart.o(i.UART2_GPIO_Init)
    i.UART2_Init                             0x08001660   Section        0  uart.o(i.UART2_Init)
    i.UART_Clock                             0x08001690   Section        0  sysclock.o(i.UART_Clock)
    i.USART_Delay                            0x08001814   Section        0  uart.o(i.USART_Delay)
    i.USART_Init                             0x08001828   Section        0  uart.o(i.USART_Init)
    i.USART_Read                             0x0800186c   Section        0  uart.o(i.USART_Read)
    i.USART_Write                            0x08001880   Section        0  uart.o(i.USART_Write)
    i.delay                                  0x080018c0   Section        0  systimer.o(i.delay)
    i.drawImage                              0x080018dc   Section        0  oled.o(i.drawImage)
    i.fgetc                                  0x08001900   Section        0  uart_printf.o(i.fgetc)
    i.fputc                                  0x08001914   Section        0  uart_printf.o(i.fputc)
    i.gameStartup                            0x08001930   Section        0  config.o(i.gameStartup)
    i.initializeDisplay                      0x08001f48   Section        0  spi.o(i.initializeDisplay)
    i.isPressed                              0x08001fa8   Section        0  button.o(i.isPressed)
    i.main                                   0x0800200c   Section        0  main.o(i.main)
    i.setCS                                  0x08002328   Section        0  spi.o(i.setCS)
    i.setDC                                  0x0800234c   Section        0  spi.o(i.setDC)
    i.setReset                               0x08002370   Section        0  spi.o(i.setReset)
    locale$$code                             0x08002394   Section       44  lc_ctype_c.o(locale$$code)
    x$fpl$fpinit                             0x080023c0   Section       10  fpinit.o(x$fpl$fpinit)
    $v0                                      0x080023c0   Number         0  fpinit.o(x$fpl$fpinit)
    .conststring                             0x080023cc   Section      180  config.o(.conststring)
    locale$$data                             0x080024a0   Section      272  lc_ctype_c.o(locale$$data)
    __lcctype_c_name                         0x080024a4   Data           2  lc_ctype_c.o(locale$$data)
    __lcctype_c_start                        0x080024ac   Data           0  lc_ctype_c.o(locale$$data)
    __lcctype_c_end                          0x080025b0   Data           0  lc_ctype_c.o(locale$$data)
    .data                                    0x20000000   Section     4136  main.o(.data)
    .data                                    0x20001028   Section        8  systimer.o(.data)
    .data                                    0x20001030   Section        8  uart_printf.o(.data)
    .bss                                     0x20001038   Section       16  main.o(.bss)
    .bss                                     0x20001048   Section      228  rand.o(.bss)
    .bss                                     0x2000112c   Section       96  libspace.o(.bss)
    HEAP                                     0x20001190   Section      512  startup_stm32l476xx.o(HEAP)
    Heap_Mem                                 0x20001190   Data         512  startup_stm32l476xx.o(HEAP)
    STACK                                    0x20001390   Section     1024  startup_stm32l476xx.o(STACK)
    Stack_Mem                                0x20001390   Data        1024  startup_stm32l476xx.o(STACK)
    __initial_sp                             0x20001790   Data           0  startup_stm32l476xx.o(STACK)

    Global Symbols

    Symbol Name                              Value     Ov Type        Size  Object(Section)

    BuildAttributes$$THM_ISAv4$E$P$D$K$B$S$7EM$VFPi3$EXTD16$VFPS$VFMA$PE$A:L22UL41UL21$X:L11$S22US41US21$IEEE1$IW$USESV6$~STKCKD$USESV7$~SHL$OSPACE$ROPI$EBA8$UX$STANDARDLIB$REQ8$PRES8$EABIv2 0x00000000   Number         0  anon$$obj.o ABSOLUTE
    Image$$ER_IROM1$$RW$$Length              0x00000000   Number         0  anon$$obj.o ABSOLUTE
    Image$$ER_IROM1$$ZI$$Length              0x00000000   Number         0  anon$$obj.o ABSOLUTE
    Image$$RW_IRAM1$$RO$$Length              0x00000000   Number         0  anon$$obj.o ABSOLUTE
    __ARM_use_no_argv                        0x00000000   Number         0  main.o ABSOLUTE
    __ARM_exceptions_init                     - Undefined Weak Reference
    __alloca_initialize                       - Undefined Weak Reference
    __arm_fini_                               - Undefined Weak Reference
    __arm_preinit_                            - Undefined Weak Reference
    __cpp_initialize__aeabi_                  - Undefined Weak Reference
    __cxa_finalize                            - Undefined Weak Reference
    __sigvec_lookup                           - Undefined Weak Reference
    _atexit_init                              - Undefined Weak Reference
    _call_atexit_fns                          - Undefined Weak Reference
    _clock_init                               - Undefined Weak Reference
    _fp_trap_init                             - Undefined Weak Reference
    _fp_trap_shutdown                         - Undefined Weak Reference
    _get_lc_collate                           - Undefined Weak Reference
    _get_lc_monetary                          - Undefined Weak Reference
    _get_lc_numeric                           - Undefined Weak Reference
    _get_lc_time                              - Undefined Weak Reference
    _getenv_init                              - Undefined Weak Reference
    _handle_redirection                       - Undefined Weak Reference
    _init_alloc                               - Undefined Weak Reference
    _init_user_alloc                          - Undefined Weak Reference
    _initio                                   - Undefined Weak Reference
    _mutex_acquire                            - Undefined Weak Reference
    _mutex_release                            - Undefined Weak Reference
    _scanf_int                                - Undefined Weak Reference
    _scanf_longlong                           - Undefined Weak Reference
    _scanf_mbtowc                             - Undefined Weak Reference
    _scanf_real                               - Undefined Weak Reference
    _scanf_wctomb                             - Undefined Weak Reference
    _scanf_wstring                            - Undefined Weak Reference
    _signal_finish                            - Undefined Weak Reference
    _signal_init                              - Undefined Weak Reference
    _terminate_alloc                          - Undefined Weak Reference
    _terminate_user_alloc                     - Undefined Weak Reference
    _terminateio                              - Undefined Weak Reference
    __Vectors_Size                           0x00000188   Number         0  startup_stm32l476xx.o ABSOLUTE
    Image$$RW_IRAM1$$ZI$$Length              0x00000758   Number         0  anon$$obj.o ABSOLUTE
    Image$$RW_IRAM1$$Length                  0x00001038   Number         0  anon$$obj.o ABSOLUTE
    Image$$RW_IRAM1$$RW$$Length              0x00001038   Number         0  anon$$obj.o ABSOLUTE
    Image$$ER_IROM1$$RO$$Length              0x000025b0   Number         0  anon$$obj.o ABSOLUTE
    Image$$ER_IROM1$$RO$$Base                0x08000000   Number         0  anon$$obj.o ABSOLUTE
    Load$$ER_IROM1$$Base                     0x08000000   Number         0  anon$$obj.o ABSOLUTE
    __Vectors                                0x08000000   Data           4  startup_stm32l476xx.o(RESET)
    __Vectors_End                            0x08000188   Data           0  startup_stm32l476xx.o(RESET)
    __main                                   0x08000189   Thumb Code     8  __main.o(!!!main)
    __scatterload                            0x08000191   Thumb Code     0  __scatter.o(!!!scatter)
    __scatterload_rt2                        0x08000191   Thumb Code    44  __scatter.o(!!!scatter)
    __scatterload_rt2_thumb_only             0x08000191   Thumb Code     0  __scatter.o(!!!scatter)
    __scatterload_null                       0x0800019f   Thumb Code     0  __scatter.o(!!!scatter)
    __decompress                             0x080001c5   Thumb Code    90  __dczerorl2.o(!!dczerorl2)
    __decompress1                            0x080001c5   Thumb Code     0  __dczerorl2.o(!!dczerorl2)
    __scatterload_zeroinit                   0x08000221   Thumb Code    28  __scatter_zi.o(!!handler_zi)
    __rt_lib_init                            0x0800023d   Thumb Code     0  libinit.o(.ARM.Collect$$libinit$$00000000)
    __rt_lib_init_fp_1                       0x0800023f   Thumb Code     0  libinit2.o(.ARM.Collect$$libinit$$00000001)
    __rt_lib_init_heap_1                     0x08000243   Thumb Code     0  libinit2.o(.ARM.Collect$$libinit$$0000000A)
    __rt_lib_init_preinit_1                  0x08000243   Thumb Code     0  libinit2.o(.ARM.Collect$$libinit$$00000004)
    __rt_lib_init_rand_2                     0x08000243   Thumb Code     0  libinit2.o(.ARM.Collect$$libinit$$0000000D)
    __rt_lib_init_user_alloc_1               0x08000243   Thumb Code     0  libinit2.o(.ARM.Collect$$libinit$$0000000C)
    __rt_lib_init_lc_common                  0x08000247   Thumb Code     0  libinit2.o(.ARM.Collect$$libinit$$0000000F)
    __rt_lib_init_rand_1                     0x08000247   Thumb Code     0  libinit2.o(.ARM.Collect$$libinit$$0000000E)
    __rt_lib_init_lc_collate_1               0x0800024d   Thumb Code     0  libinit2.o(.ARM.Collect$$libinit$$00000011)
    __rt_lib_init_lc_ctype_2                 0x0800024d   Thumb Code     0  libinit2.o(.ARM.Collect$$libinit$$00000012)
    __rt_lib_init_alloca_1                   0x08000259   Thumb Code     0  libinit2.o(.ARM.Collect$$libinit$$0000002E)
    __rt_lib_init_argv_1                     0x08000259   Thumb Code     0  libinit2.o(.ARM.Collect$$libinit$$0000002C)
    __rt_lib_init_atexit_1                   0x08000259   Thumb Code     0  libinit2.o(.ARM.Collect$$libinit$$0000001B)
    __rt_lib_init_clock_1                    0x08000259   Thumb Code     0  libinit2.o(.ARM.Collect$$libinit$$00000021)
    __rt_lib_init_cpp_1                      0x08000259   Thumb Code     0  libinit2.o(.ARM.Collect$$libinit$$00000032)
    __rt_lib_init_exceptions_1               0x08000259   Thumb Code     0  libinit2.o(.ARM.Collect$$libinit$$00000030)
    __rt_lib_init_fp_trap_1                  0x08000259   Thumb Code     0  libinit2.o(.ARM.Collect$$libinit$$0000001F)
    __rt_lib_init_getenv_1                   0x08000259   Thumb Code     0  libinit2.o(.ARM.Collect$$libinit$$00000023)
    __rt_lib_init_lc_ctype_1                 0x08000259   Thumb Code     0  libinit2.o(.ARM.Collect$$libinit$$00000013)
    __rt_lib_init_lc_monetary_1              0x08000259   Thumb Code     0  libinit2.o(.ARM.Collect$$libinit$$00000015)
    __rt_lib_init_lc_numeric_1               0x08000259   Thumb Code     0  libinit2.o(.ARM.Collect$$libinit$$00000017)
    __rt_lib_init_lc_time_1                  0x08000259   Thumb Code     0  libinit2.o(.ARM.Collect$$libinit$$00000019)
    __rt_lib_init_return                     0x08000259   Thumb Code     0  libinit2.o(.ARM.Collect$$libinit$$00000033)
    __rt_lib_init_signal_1                   0x08000259   Thumb Code     0  libinit2.o(.ARM.Collect$$libinit$$0000001D)
    __rt_lib_init_stdio_1                    0x08000259   Thumb Code     0  libinit2.o(.ARM.Collect$$libinit$$00000025)
    __rt_lib_shutdown                        0x0800025b   Thumb Code     0  libshutdown.o(.ARM.Collect$$libshutdown$$00000000)
    __rt_lib_shutdown_cpp_1                  0x0800025d   Thumb Code     0  libshutdown2.o(.ARM.Collect$$libshutdown$$00000004)
    __rt_lib_shutdown_fini_1                 0x0800025d   Thumb Code     0  libshutdown2.o(.ARM.Collect$$libshutdown$$00000002)
    __rt_lib_shutdown_fp_trap_1              0x0800025d   Thumb Code     0  libshutdown2.o(.ARM.Collect$$libshutdown$$00000009)
    __rt_lib_shutdown_heap_1                 0x0800025d   Thumb Code     0  libshutdown2.o(.ARM.Collect$$libshutdown$$00000011)
    __rt_lib_shutdown_return                 0x0800025d   Thumb Code     0  libshutdown2.o(.ARM.Collect$$libshutdown$$00000012)
    __rt_lib_shutdown_signal_1               0x0800025d   Thumb Code     0  libshutdown2.o(.ARM.Collect$$libshutdown$$0000000C)
    __rt_lib_shutdown_stdio_1                0x0800025d   Thumb Code     0  libshutdown2.o(.ARM.Collect$$libshutdown$$00000006)
    __rt_lib_shutdown_user_alloc_1           0x0800025d   Thumb Code     0  libshutdown2.o(.ARM.Collect$$libshutdown$$0000000E)
    __rt_entry                               0x0800025f   Thumb Code     0  __rtentry.o(.ARM.Collect$$rtentry$$00000000)
    __rt_entry_presh_1                       0x0800025f   Thumb Code     0  __rtentry2.o(.ARM.Collect$$rtentry$$00000002)
    __rt_entry_sh                            0x0800025f   Thumb Code     0  __rtentry4.o(.ARM.Collect$$rtentry$$00000004)
    __rt_entry_li                            0x08000265   Thumb Code     0  __rtentry2.o(.ARM.Collect$$rtentry$$0000000A)
    __rt_entry_postsh_1                      0x08000265   Thumb Code     0  __rtentry2.o(.ARM.Collect$$rtentry$$00000009)
    __rt_entry_main                          0x08000269   Thumb Code     0  __rtentry2.o(.ARM.Collect$$rtentry$$0000000D)
    __rt_entry_postli_1                      0x08000269   Thumb Code     0  __rtentry2.o(.ARM.Collect$$rtentry$$0000000C)
    __rt_exit                                0x08000271   Thumb Code     0  rtexit.o(.ARM.Collect$$rtexit$$00000000)
    __rt_exit_ls                             0x08000273   Thumb Code     0  rtexit2.o(.ARM.Collect$$rtexit$$00000003)
    __rt_exit_prels_1                        0x08000273   Thumb Code     0  rtexit2.o(.ARM.Collect$$rtexit$$00000002)
    __rt_exit_exit                           0x08000277   Thumb Code     0  rtexit2.o(.ARM.Collect$$rtexit$$00000004)
    rand                                     0x0800027d   Thumb Code    48  rand.o(.emb_text)
    Reset_Handler                            0x080002b1   Thumb Code    60  startup_stm32l476xx.o(.text)
    NMI_Handler                              0x080002ed   Thumb Code     2  startup_stm32l476xx.o(.text)
    HardFault_Handler                        0x080002ef   Thumb Code     2  startup_stm32l476xx.o(.text)
    MemManage_Handler                        0x080002f1   Thumb Code     2  startup_stm32l476xx.o(.text)
    BusFault_Handler                         0x080002f3   Thumb Code     2  startup_stm32l476xx.o(.text)
    UsageFault_Handler                       0x080002f5   Thumb Code     2  startup_stm32l476xx.o(.text)
    SVC_Handler                              0x080002f7   Thumb Code     2  startup_stm32l476xx.o(.text)
    DebugMon_Handler                         0x080002f9   Thumb Code     2  startup_stm32l476xx.o(.text)
    PendSV_Handler                           0x080002fb   Thumb Code     2  startup_stm32l476xx.o(.text)
    ADC1_2_IRQHandler                        0x080002ff   Thumb Code     0  startup_stm32l476xx.o(.text)
    ADC3_IRQHandler                          0x080002ff   Thumb Code     0  startup_stm32l476xx.o(.text)
    CAN1_RX0_IRQHandler                      0x080002ff   Thumb Code     0  startup_stm32l476xx.o(.text)
    CAN1_RX1_IRQHandler                      0x080002ff   Thumb Code     0  startup_stm32l476xx.o(.text)
    CAN1_SCE_IRQHandler                      0x080002ff   Thumb Code     0  startup_stm32l476xx.o(.text)
    CAN1_TX_IRQHandler                       0x080002ff   Thumb Code     0  startup_stm32l476xx.o(.text)
    COMP_IRQHandler                          0x080002ff   Thumb Code     0  startup_stm32l476xx.o(.text)
    DFSDM0_IRQHandler                        0x080002ff   Thumb Code     0  startup_stm32l476xx.o(.text)
    DFSDM1_IRQHandler                        0x080002ff   Thumb Code     0  startup_stm32l476xx.o(.text)
    DFSDM2_IRQHandler                        0x080002ff   Thumb Code     0  startup_stm32l476xx.o(.text)
    DFSDM3_IRQHandler                        0x080002ff   Thumb Code     0  startup_stm32l476xx.o(.text)
    DMA1_Channel1_IRQHandler                 0x080002ff   Thumb Code     0  startup_stm32l476xx.o(.text)
    DMA1_Channel2_IRQHandler                 0x080002ff   Thumb Code     0  startup_stm32l476xx.o(.text)
    DMA1_Channel3_IRQHandler                 0x080002ff   Thumb Code     0  startup_stm32l476xx.o(.text)
    DMA1_Channel4_IRQHandler                 0x080002ff   Thumb Code     0  startup_stm32l476xx.o(.text)
    DMA1_Channel5_IRQHandler                 0x080002ff   Thumb Code     0  startup_stm32l476xx.o(.text)
    DMA1_Channel6_IRQHandler                 0x080002ff   Thumb Code     0  startup_stm32l476xx.o(.text)
    DMA1_Channel7_IRQHandler                 0x080002ff   Thumb Code     0  startup_stm32l476xx.o(.text)
    DMA2_Channel1_IRQHandler                 0x080002ff   Thumb Code     0  startup_stm32l476xx.o(.text)
    DMA2_Channel2_IRQHandler                 0x080002ff   Thumb Code     0  startup_stm32l476xx.o(.text)
    DMA2_Channel3_IRQHandler                 0x080002ff   Thumb Code     0  startup_stm32l476xx.o(.text)
    DMA2_Channel4_IRQHandler                 0x080002ff   Thumb Code     0  startup_stm32l476xx.o(.text)
    DMA2_Channel5_IRQHandler                 0x080002ff   Thumb Code     0  startup_stm32l476xx.o(.text)
    DMA2_Channel6_IRQHandler                 0x080002ff   Thumb Code     0  startup_stm32l476xx.o(.text)
    DMA2_Channel7_IRQHandler                 0x080002ff   Thumb Code     0  startup_stm32l476xx.o(.text)
    EXTI0_IRQHandler                         0x080002ff   Thumb Code     0  startup_stm32l476xx.o(.text)
    EXTI15_10_IRQHandler                     0x080002ff   Thumb Code     0  startup_stm32l476xx.o(.text)
    EXTI1_IRQHandler                         0x080002ff   Thumb Code     0  startup_stm32l476xx.o(.text)
    EXTI2_IRQHandler                         0x080002ff   Thumb Code     0  startup_stm32l476xx.o(.text)
    EXTI3_IRQHandler                         0x080002ff   Thumb Code     0  startup_stm32l476xx.o(.text)
    EXTI4_IRQHandler                         0x080002ff   Thumb Code     0  startup_stm32l476xx.o(.text)
    EXTI9_5_IRQHandler                       0x080002ff   Thumb Code     0  startup_stm32l476xx.o(.text)
    FLASH_IRQHandler                         0x080002ff   Thumb Code     0  startup_stm32l476xx.o(.text)
    FMC_IRQHandler                           0x080002ff   Thumb Code     0  startup_stm32l476xx.o(.text)
    FPU_IRQHandler                           0x080002ff   Thumb Code     0  startup_stm32l476xx.o(.text)
    I2C1_ER_IRQHandler                       0x080002ff   Thumb Code     0  startup_stm32l476xx.o(.text)
    I2C1_EV_IRQHandler                       0x080002ff   Thumb Code     0  startup_stm32l476xx.o(.text)
    I2C2_ER_IRQHandler                       0x080002ff   Thumb Code     0  startup_stm32l476xx.o(.text)
    I2C2_EV_IRQHandler                       0x080002ff   Thumb Code     0  startup_stm32l476xx.o(.text)
    I2C3_ER_IRQHandler                       0x080002ff   Thumb Code     0  startup_stm32l476xx.o(.text)
    I2C3_EV_IRQHandler                       0x080002ff   Thumb Code     0  startup_stm32l476xx.o(.text)
    LCD_IRQHandler                           0x080002ff   Thumb Code     0  startup_stm32l476xx.o(.text)
    LPTIM1_IRQHandler                        0x080002ff   Thumb Code     0  startup_stm32l476xx.o(.text)
    LPTIM2_IRQHandler                        0x080002ff   Thumb Code     0  startup_stm32l476xx.o(.text)
    LPUART1_IRQHandler                       0x080002ff   Thumb Code     0  startup_stm32l476xx.o(.text)
    OTG_FS_IRQHandler                        0x080002ff   Thumb Code     0  startup_stm32l476xx.o(.text)
    PVD_PVM_IRQHandler                       0x080002ff   Thumb Code     0  startup_stm32l476xx.o(.text)
    QUADSPI_IRQHandler                       0x080002ff   Thumb Code     0  startup_stm32l476xx.o(.text)
    RCC_IRQHandler                           0x080002ff   Thumb Code     0  startup_stm32l476xx.o(.text)
    RNG_IRQHandler                           0x080002ff   Thumb Code     0  startup_stm32l476xx.o(.text)
    RTC_Alarm_IRQHandler                     0x080002ff   Thumb Code     0  startup_stm32l476xx.o(.text)
    RTC_WKUP_IRQHandler                      0x080002ff   Thumb Code     0  startup_stm32l476xx.o(.text)
    SAI1_IRQHandler                          0x080002ff   Thumb Code     0  startup_stm32l476xx.o(.text)
    SAI2_IRQHandler                          0x080002ff   Thumb Code     0  startup_stm32l476xx.o(.text)
    SDMMC1_IRQHandler                        0x080002ff   Thumb Code     0  startup_stm32l476xx.o(.text)
    SPI1_IRQHandler                          0x080002ff   Thumb Code     0  startup_stm32l476xx.o(.text)
    SPI2_IRQHandler                          0x080002ff   Thumb Code     0  startup_stm32l476xx.o(.text)
    SPI3_IRQHandler                          0x080002ff   Thumb Code     0  startup_stm32l476xx.o(.text)
    SWPMI1_IRQHandler                        0x080002ff   Thumb Code     0  startup_stm32l476xx.o(.text)
    TAMP_STAMP_IRQHandler                    0x080002ff   Thumb Code     0  startup_stm32l476xx.o(.text)
    TIM1_BRK_TIM15_IRQHandler                0x080002ff   Thumb Code     0  startup_stm32l476xx.o(.text)
    TIM1_CC_IRQHandler                       0x080002ff   Thumb Code     0  startup_stm32l476xx.o(.text)
    TIM1_TRG_COM_TIM17_IRQHandler            0x080002ff   Thumb Code     0  startup_stm32l476xx.o(.text)
    TIM1_UP_TIM16_IRQHandler                 0x080002ff   Thumb Code     0  startup_stm32l476xx.o(.text)
    TIM2_IRQHandler                          0x080002ff   Thumb Code     0  startup_stm32l476xx.o(.text)
    TIM3_IRQHandler                          0x080002ff   Thumb Code     0  startup_stm32l476xx.o(.text)
    TIM4_IRQHandler                          0x080002ff   Thumb Code     0  startup_stm32l476xx.o(.text)
    TIM5_IRQHandler                          0x080002ff   Thumb Code     0  startup_stm32l476xx.o(.text)
    TIM6_DAC_IRQHandler                      0x080002ff   Thumb Code     0  startup_stm32l476xx.o(.text)
    TIM7_IRQHandler                          0x080002ff   Thumb Code     0  startup_stm32l476xx.o(.text)
    TIM8_BRK_IRQHandler                      0x080002ff   Thumb Code     0  startup_stm32l476xx.o(.text)
    TIM8_CC_IRQHandler                       0x080002ff   Thumb Code     0  startup_stm32l476xx.o(.text)
    TIM8_TRG_COM_IRQHandler                  0x080002ff   Thumb Code     0  startup_stm32l476xx.o(.text)
    TIM8_UP_IRQHandler                       0x080002ff   Thumb Code     0  startup_stm32l476xx.o(.text)
    TSC_IRQHandler                           0x080002ff   Thumb Code     0  startup_stm32l476xx.o(.text)
    UART4_IRQHandler                         0x080002ff   Thumb Code     0  startup_stm32l476xx.o(.text)
    UART5_IRQHandler                         0x080002ff   Thumb Code     0  startup_stm32l476xx.o(.text)
    USART1_IRQHandler                        0x080002ff   Thumb Code     0  startup_stm32l476xx.o(.text)
    USART2_IRQHandler                        0x080002ff   Thumb Code     0  startup_stm32l476xx.o(.text)
    USART3_IRQHandler                        0x080002ff   Thumb Code     0  startup_stm32l476xx.o(.text)
    WWDG_IRQHandler                          0x080002ff   Thumb Code     0  startup_stm32l476xx.o(.text)
    __user_initial_stackheap                 0x08000301   Thumb Code     0  startup_stm32l476xx.o(.text)
    __2printf                                0x08000335   Thumb Code    20  noretval__2printf.o(.text)
    __0scanf                                 0x0800034d   Thumb Code    26  __0scanf.o(.text)
    _scanf_string                            0x0800036d   Thumb Code   224  _scanf_str.o(.text)
    srand                                    0x08000455   Thumb Code    42  rand.o(.text)
    _rand_init                               0x0800047f   Thumb Code     4  rand.o(.text)
    __aeabi_assert                           0x08000491   Thumb Code    86  assert.o(.text)
    __assert                                 0x08000491   Thumb Code     0  assert.o(.text)
    __aeabi_memcpy4                          0x08000511   Thumb Code     0  rt_memcpy_w.o(.text)
    __aeabi_memcpy8                          0x08000511   Thumb Code     0  rt_memcpy_w.o(.text)
    __rt_memcpy_w                            0x08000511   Thumb Code   100  rt_memcpy_w.o(.text)
    _memcpy_lastbytes_aligned                0x08000559   Thumb Code     0  rt_memcpy_w.o(.text)
    __use_two_region_memory                  0x08000575   Thumb Code     2  heapauxi.o(.text)
    __rt_heap_escrow$2region                 0x08000577   Thumb Code     2  heapauxi.o(.text)
    __rt_heap_expand$2region                 0x08000579   Thumb Code     2  heapauxi.o(.text)
    _printf_char_file                        0x0800057d   Thumb Code    32  _printf_char_file.o(.text)
    __vfscanf_char_file                      0x080005a1   Thumb Code    16  scanf_char_file.o(.text)
    abort                                    0x080005b9   Thumb Code    22  abort.o(.text)
    __assert_puts                            0x080005cf   Thumb Code    20  assert_puts.o(.text)
    _ttywrch                                 0x080005e3   Thumb Code    14  sys_wrch.o(.text)
    _sys_exit                                0x080005f1   Thumb Code     8  sys_exit.o(.text)
    _printf_char_common                      0x08000607   Thumb Code    32  _printf_char_common.o(.text)
    __vfscanf_char                           0x08000639   Thumb Code    24  scanf_char.o(.text)
    ___backspace$unlocked                    0x08000659   Thumb Code     2  backspace.o(.text)
    __backspace                              0x0800065b   Thumb Code    70  backspace.o(.text)
    ferror                                   0x080006a1   Thumb Code     8  ferror.o(.text)
    __rt_SIGABRT                             0x080006a9   Thumb Code    14  defsig_abrt_outer.o(.text)
    __I$use$semihosting                      0x080006b7   Thumb Code     0  use_no_semi.o(.text)
    __use_no_semihosting_swi                 0x080006b7   Thumb Code     2  use_no_semi.o(.text)
    __semihosting_library_function           0x080006b9   Thumb Code     0  indicate_semi.o(.text)
    __user_setup_stackheap                   0x080006b9   Thumb Code    74  sys_stackheap_outer.o(.text)
    isspace                                  0x08000703   Thumb Code    18  isspace.o(.text)
    __printf                                 0x08000715   Thumb Code    40  __printf_nopercent.o(.text)
    __vfscanf                                0x0800073d   Thumb Code   880  _scanf.o(.text)
    _ungetc_internal                         0x08000ab9   Thumb Code    60  ungetc.o(.text)
    ungetc                                   0x08000ab9   Thumb Code     0  ungetc.o(.text)
    exit                                     0x08000b01   Thumb Code    18  exit.o(.text)
    __sig_exit                               0x08000b13   Thumb Code    10  defsig_exit.o(.text)
    __rt_SIGABRT_inner                       0x08000b1d   Thumb Code    14  defsig_abrt_inner.o(.text)
    __user_libspace                          0x08000b4d   Thumb Code     8  libspace.o(.text)
    __user_perproc_libspace                  0x08000b4d   Thumb Code     0  libspace.o(.text)
    __user_perthread_libspace                0x08000b4d   Thumb Code     0  libspace.o(.text)
    __rt_ctype_table                         0x08000b55   Thumb Code    16  rt_ctype_table.o(.text)
    __default_signal_display                 0x08000b65   Thumb Code    50  defsig_general.o(.text)
    __rt_locale                              0x08000b99   Thumb Code     8  rt_locale_intlibspace.o(.text)
    strcmp                                   0x08000ba1   Thumb Code   128  strcmpv7m.o(.text)
    BUTTON_Init                              0x08000c21   Thumb Code   166  button.o(i.BUTTON_Init)
    ClearScreen                              0x08000cd1   Thumb Code    26  oled.o(i.ClearScreen)
    Flap                                     0x08000cf1   Thumb Code    86  pwm.o(i.Flap)
    Green_LED_Toggle                         0x08000d4d   Thumb Code    18  led.o(i.Green_LED_Toggle)
    Init_USARTx                              0x08000d61   Thumb Code    44  uart.o(i.Init_USARTx)
    LED0_Off                                 0x08000d95   Thumb Code    14  led.o(i.LED0_Off)
    LED0_On                                  0x08000da9   Thumb Code    14  led.o(i.LED0_On)
    LED0_State                               0x08000dbd   Thumb Code    10  led.o(i.LED0_State)
    LED0_Toggle                              0x08000dcd   Thumb Code    14  led.o(i.LED0_Toggle)
    LED1_Off                                 0x08000de1   Thumb Code    14  led.o(i.LED1_Off)
    LED1_On                                  0x08000df5   Thumb Code    14  led.o(i.LED1_On)
    LED1_State                               0x08000e09   Thumb Code    10  led.o(i.LED1_State)
    LED1_Toggle                              0x08000e19   Thumb Code    14  led.o(i.LED1_Toggle)
    LED2_Off                                 0x08000e2d   Thumb Code    14  led.o(i.LED2_Off)
    LED2_On                                  0x08000e41   Thumb Code    14  led.o(i.LED2_On)
    LED2_State                               0x08000e55   Thumb Code    10  led.o(i.LED2_State)
    LED2_Toggle                              0x08000e65   Thumb Code    14  led.o(i.LED2_Toggle)
    LED3_Off                                 0x08000e79   Thumb Code    14  led.o(i.LED3_Off)
    LED3_On                                  0x08000e8d   Thumb Code    14  led.o(i.LED3_On)
    LED3_State                               0x08000ea1   Thumb Code    10  led.o(i.LED3_State)
    LED3_Toggle                              0x08000eb1   Thumb Code    14  led.o(i.LED3_Toggle)
    LED_Init                                 0x08000ec5   Thumb Code   270  led.o(i.LED_Init)
    LED_Off                                  0x08000fdd   Thumb Code    48  led.o(i.LED_Off)
    LED_On                                   0x0800100d   Thumb Code    48  led.o(i.LED_On)
    LED_State                                0x0800103d   Thumb Code    54  led.o(i.LED_State)
    LED_Toggle                               0x08001081   Thumb Code    48  led.o(i.LED_Toggle)
    Motor                                    0x080010b1   Thumb Code    54  pwm.o(i.Motor)
    PWM_Init                                 0x080010f1   Thumb Code   212  pwm.o(i.PWM_Init)
    RNG_Init                                 0x080011cd   Thumb Code    88  rng.o(i.RNG_Init)
    SPI2_GPIO_Init                           0x0800122d   Thumb Code   166  spi.o(i.SPI2_GPIO_Init)
    SPI2_Init                                0x080012e5   Thumb Code   254  spi.o(i.SPI2_Init)
    SPI_Transfer_Byte                        0x080013ed   Thumb Code    58  spi.o(i.SPI_Transfer_Byte)
    SysTick_Handler                          0x0800142d   Thumb Code    28  systimer.o(i.SysTick_Handler)
    SysTick_Init                             0x08001451   Thumb Code   130  systimer.o(i.SysTick_Init)
    System_Clock_Init                        0x080014dd   Thumb Code     8  sysclock.o(i.System_Clock_Init)
    UART1_GPIO_Init                          0x080014e5   Thumb Code   166  uart.o(i.UART1_GPIO_Init)
    UART1_Init                               0x08001595   Thumb Code    42  uart.o(i.UART1_Init)
    UART2_GPIO_Init                          0x080015c5   Thumb Code   150  uart.o(i.UART2_GPIO_Init)
    UART2_Init                               0x08001661   Thumb Code    42  uart.o(i.UART2_Init)
    UART_Clock                               0x08001691   Thumb Code   380  sysclock.o(i.UART_Clock)
    USART_Delay                              0x08001815   Thumb Code    20  uart.o(i.USART_Delay)
    USART_Init                               0x08001829   Thumb Code    68  uart.o(i.USART_Init)
    USART_Read                               0x0800186d   Thumb Code    20  uart.o(i.USART_Read)
    USART_Write                              0x08001881   Thumb Code    64  uart.o(i.USART_Write)
    delay                                    0x080018c1   Thumb Code    24  systimer.o(i.delay)
    drawImage                                0x080018dd   Thumb Code    32  oled.o(i.drawImage)
    fgetc                                    0x08001901   Thumb Code    16  uart_printf.o(i.fgetc)
    fputc                                    0x08001915   Thumb Code    24  uart_printf.o(i.fputc)
    gameStartup                              0x08001931   Thumb Code   618  config.o(i.gameStartup)
    initializeDisplay                        0x08001f49   Thumb Code    66  spi.o(i.initializeDisplay)
    isPressed                                0x08001fa9   Thumb Code    78  button.o(i.isPressed)
    main                                     0x0800200d   Thumb Code   740  main.o(i.main)
    setCS                                    0x08002329   Thumb Code    30  spi.o(i.setCS)
    setDC                                    0x0800234d   Thumb Code    30  spi.o(i.setDC)
    setReset                                 0x08002371   Thumb Code    30  spi.o(i.setReset)
    _get_lc_ctype                            0x08002395   Thumb Code    44  lc_ctype_c.o(locale$$code)
    _fp_init                                 0x080023c1   Thumb Code    10  fpinit.o(x$fpl$fpinit)
    __fplib_config_fpu_vfp                   0x080023c9   Thumb Code     0  fpinit.o(x$fpl$fpinit)
    __fplib_config_pureend_doubles           0x080023c9   Thumb Code     0  fpinit.o(x$fpl$fpinit)
    Region$$Table$$Base                      0x08002480   Number         0  anon$$obj.o(Region$$Table)
    Region$$Table$$Limit                     0x080024a0   Number         0  anon$$obj.o(Region$$Table)
    __ctype                                  0x080024ad   Data           0  lc_ctype_c.o(locale$$data)
    Image$$ER_IROM1$$RO$$Limit               0x080025b0   Number         0  anon$$obj.o ABSOLUTE
    Image$$ER_IROM1$$RW$$Base                0x080025b0   Number         0  anon$$obj.o ABSOLUTE
    Image$$ER_IROM1$$RW$$Limit               0x080025b0   Number         0  anon$$obj.o ABSOLUTE
    Image$$ER_IROM1$$ZI$$Base                0x080025b0   Number         0  anon$$obj.o ABSOLUTE
    Image$$ER_IROM1$$ZI$$Limit               0x080025b0   Number         0  anon$$obj.o ABSOLUTE
    Load$$RW_IRAM1$$Base                     0x080025b0   Number         0  anon$$obj.o ABSOLUTE
    Image$$RW_IRAM1$$Base                    0x20000000   Number         0  anon$$obj.o ABSOLUTE
    Image$$RW_IRAM1$$RO$$Base                0x20000000   Number         0  anon$$obj.o ABSOLUTE
    Image$$RW_IRAM1$$RW$$Base                0x20000000   Number         0  anon$$obj.o ABSOLUTE
    hash                                     0x20000000   Data        1024  main.o(.data)
    lose                                     0x20000400   Data        1024  main.o(.data)
    win                                      0x20000800   Data        1024  main.o(.data)
    title                                    0x20000c00   Data        1024  main.o(.data)
    CHOOSE                                   0x20001000   Data           4  main.o(.data)
    BUTTONS                                  0x20001004   Data           4  main.o(.data)
    LOSE_PENALTY                             0x20001008   Data           4  main.o(.data)
    ROUND_STARTUP                            0x2000100c   Data           4  main.o(.data)
    VIBRATION_TIME                           0x20001010   Data           4  main.o(.data)
    DURATION                                 0x20001014   Data           4  main.o(.data)
    i                                        0x20001018   Data           4  main.o(.data)
    j                                        0x2000101c   Data           4  main.o(.data)
    count                                    0x20001020   Data           4  main.o(.data)
    start                                    0x20001024   Data           4  main.o(.data)
    msTicks                                  0x20001028   Data           4  systimer.o(.data)
    msCounter                                0x2000102c   Data           4  systimer.o(.data)
    __stdout                                 0x20001030   Data           4  uart_printf.o(.data)
    __stdin                                  0x20001034   Data           4  uart_printf.o(.data)
    Image$$RW_IRAM1$$Limit                   0x20001038   Number         0  anon$$obj.o ABSOLUTE
    Image$$RW_IRAM1$$RW$$Limit               0x20001038   Number         0  anon$$obj.o ABSOLUTE
    Image$$RW_IRAM1$$ZI$$Base                0x20001038   Number         0  anon$$obj.o ABSOLUTE
    simulated_buttons                        0x20001038   Data          16  main.o(.bss)
    _random_number_data                      0x20001048   Data         228  rand.o(.bss)
    __libspace_start                         0x2000112c   Data          96  libspace.o(.bss)
    __temporary_stack_top$libspace           0x2000118c   Data           0  libspace.o(.bss)
    Image$$RW_IRAM1$$ZI$$Limit               0x20001790   Number         0  anon$$obj.o ABSOLUTE



==============================================================================

Memory Map of the image

  Image Entry point : 0x08000189

  Load Region LR_IROM1 (Base: 0x08000000, Size: 0x000035e8, Max: 0x00100000, ABSOLUTE, COMPRESSED[0x000029dc])

    Execution Region ER_IROM1 (Exec base: 0x08000000, Load base: 0x08000000, Size: 0x000025b0, Max: 0x00100000, ABSOLUTE)

    Exec Addr    Load Addr    Size         Type   Attr      Idx    E Section Name        Object

    0x08000000   0x08000000   0x00000188   Data   RO          302    RESET               startup_stm32l476xx.o
    0x08000188   0x08000188   0x00000008   Code   RO          724  * !!!main             c_w.l(__main.o)
    0x08000190   0x08000190   0x00000034   Code   RO          929    !!!scatter          c_w.l(__scatter.o)
    0x080001c4   0x080001c4   0x0000005a   Code   RO          927    !!dczerorl2         c_w.l(__dczerorl2.o)
    0x0800021e   0x0800021e   0x00000002   PAD
    0x08000220   0x08000220   0x0000001c   Code   RO          931    !!handler_zi        c_w.l(__scatter_zi.o)
    0x0800023c   0x0800023c   0x00000002   Code   RO          849    .ARM.Collect$$libinit$$00000000  c_w.l(libinit.o)
    0x0800023e   0x0800023e   0x00000004   Code   RO          735    .ARM.Collect$$libinit$$00000001  c_w.l(libinit2.o)
    0x08000242   0x08000242   0x00000000   Code   RO          738    .ARM.Collect$$libinit$$00000004  c_w.l(libinit2.o)
    0x08000242   0x08000242   0x00000000   Code   RO          741    .ARM.Collect$$libinit$$0000000A  c_w.l(libinit2.o)
    0x08000242   0x08000242   0x00000000   Code   RO          743    .ARM.Collect$$libinit$$0000000C  c_w.l(libinit2.o)
    0x08000242   0x08000242   0x00000004   Code   RO          744    .ARM.Collect$$libinit$$0000000D  c_w.l(libinit2.o)
    0x08000246   0x08000246   0x00000000   Code   RO          745    .ARM.Collect$$libinit$$0000000E  c_w.l(libinit2.o)
    0x08000246   0x08000246   0x00000006   Code   RO          746    .ARM.Collect$$libinit$$0000000F  c_w.l(libinit2.o)
    0x0800024c   0x0800024c   0x00000000   Code   RO          748    .ARM.Collect$$libinit$$00000011  c_w.l(libinit2.o)
    0x0800024c   0x0800024c   0x0000000c   Code   RO          749    .ARM.Collect$$libinit$$00000012  c_w.l(libinit2.o)
    0x08000258   0x08000258   0x00000000   Code   RO          750    .ARM.Collect$$libinit$$00000013  c_w.l(libinit2.o)
    0x08000258   0x08000258   0x00000000   Code   RO          752    .ARM.Collect$$libinit$$00000015  c_w.l(libinit2.o)
    0x08000258   0x08000258   0x00000000   Code   RO          754    .ARM.Collect$$libinit$$00000017  c_w.l(libinit2.o)
    0x08000258   0x08000258   0x00000000   Code   RO          756    .ARM.Collect$$libinit$$00000019  c_w.l(libinit2.o)
    0x08000258   0x08000258   0x00000000   Code   RO          758    .ARM.Collect$$libinit$$0000001B  c_w.l(libinit2.o)
    0x08000258   0x08000258   0x00000000   Code   RO          760    .ARM.Collect$$libinit$$0000001D  c_w.l(libinit2.o)
    0x08000258   0x08000258   0x00000000   Code   RO          762    .ARM.Collect$$libinit$$0000001F  c_w.l(libinit2.o)
    0x08000258   0x08000258   0x00000000   Code   RO          764    .ARM.Collect$$libinit$$00000021  c_w.l(libinit2.o)
    0x08000258   0x08000258   0x00000000   Code   RO          766    .ARM.Collect$$libinit$$00000023  c_w.l(libinit2.o)
    0x08000258   0x08000258   0x00000000   Code   RO          768    .ARM.Collect$$libinit$$00000025  c_w.l(libinit2.o)
    0x08000258   0x08000258   0x00000000   Code   RO          772    .ARM.Collect$$libinit$$0000002C  c_w.l(libinit2.o)
    0x08000258   0x08000258   0x00000000   Code   RO          774    .ARM.Collect$$libinit$$0000002E  c_w.l(libinit2.o)
    0x08000258   0x08000258   0x00000000   Code   RO          776    .ARM.Collect$$libinit$$00000030  c_w.l(libinit2.o)
    0x08000258   0x08000258   0x00000000   Code   RO          778    .ARM.Collect$$libinit$$00000032  c_w.l(libinit2.o)
    0x08000258   0x08000258   0x00000002   Code   RO          779    .ARM.Collect$$libinit$$00000033  c_w.l(libinit2.o)
    0x0800025a   0x0800025a   0x00000002   Code   RO          906    .ARM.Collect$$libshutdown$$00000000  c_w.l(libshutdown.o)
    0x0800025c   0x0800025c   0x00000000   Code   RO          908    .ARM.Collect$$libshutdown$$00000002  c_w.l(libshutdown2.o)
    0x0800025c   0x0800025c   0x00000000   Code   RO          910    .ARM.Collect$$libshutdown$$00000004  c_w.l(libshutdown2.o)
    0x0800025c   0x0800025c   0x00000000   Code   RO          912    .ARM.Collect$$libshutdown$$00000006  c_w.l(libshutdown2.o)
    0x0800025c   0x0800025c   0x00000000   Code   RO          915    .ARM.Collect$$libshutdown$$00000009  c_w.l(libshutdown2.o)
    0x0800025c   0x0800025c   0x00000000   Code   RO          918    .ARM.Collect$$libshutdown$$0000000C  c_w.l(libshutdown2.o)
    0x0800025c   0x0800025c   0x00000000   Code   RO          920    .ARM.Collect$$libshutdown$$0000000E  c_w.l(libshutdown2.o)
    0x0800025c   0x0800025c   0x00000000   Code   RO          923    .ARM.Collect$$libshutdown$$00000011  c_w.l(libshutdown2.o)
    0x0800025c   0x0800025c   0x00000002   Code   RO          924    .ARM.Collect$$libshutdown$$00000012  c_w.l(libshutdown2.o)
    0x0800025e   0x0800025e   0x00000000   Code   RO          726    .ARM.Collect$$rtentry$$00000000  c_w.l(__rtentry.o)
    0x0800025e   0x0800025e   0x00000000   Code   RO          785    .ARM.Collect$$rtentry$$00000002  c_w.l(__rtentry2.o)
    0x0800025e   0x0800025e   0x00000006   Code   RO          797    .ARM.Collect$$rtentry$$00000004  c_w.l(__rtentry4.o)
    0x08000264   0x08000264   0x00000000   Code   RO          787    .ARM.Collect$$rtentry$$00000009  c_w.l(__rtentry2.o)
    0x08000264   0x08000264   0x00000004   Code   RO          788    .ARM.Collect$$rtentry$$0000000A  c_w.l(__rtentry2.o)
    0x08000268   0x08000268   0x00000000   Code   RO          790    .ARM.Collect$$rtentry$$0000000C  c_w.l(__rtentry2.o)
    0x08000268   0x08000268   0x00000008   Code   RO          791    .ARM.Collect$$rtentry$$0000000D  c_w.l(__rtentry2.o)
    0x08000270   0x08000270   0x00000002   Code   RO          855    .ARM.Collect$$rtexit$$00000000  c_w.l(rtexit.o)
    0x08000272   0x08000272   0x00000000   Code   RO          870    .ARM.Collect$$rtexit$$00000002  c_w.l(rtexit2.o)
    0x08000272   0x08000272   0x00000004   Code   RO          871    .ARM.Collect$$rtexit$$00000003  c_w.l(rtexit2.o)
    0x08000276   0x08000276   0x00000006   Code   RO          872    .ARM.Collect$$rtexit$$00000004  c_w.l(rtexit2.o)
    0x0800027c   0x0800027c   0x00000034   Code   RO          713    .emb_text           c_w.l(rand.o)
    0x080002b0   0x080002b0   0x00000084   Code   RO          303    .text               startup_stm32l476xx.o
    0x08000334   0x08000334   0x00000018   Code   RO          707    .text               c_w.l(noretval__2printf.o)
    0x0800034c   0x0800034c   0x00000020   Code   RO          709    .text               c_w.l(__0scanf.o)
    0x0800036c   0x0800036c   0x000000e6   Code   RO          711    .text               c_w.l(_scanf_str.o)
    0x08000452   0x08000452   0x00000002   PAD
    0x08000454   0x08000454   0x0000003c   Code   RO          714    .text               c_w.l(rand.o)
    0x08000490   0x08000490   0x00000080   Code   RO          718    .text               c_w.l(assert.o)
    0x08000510   0x08000510   0x00000064   Code   RO          720    .text               c_w.l(rt_memcpy_w.o)
    0x08000574   0x08000574   0x00000006   Code   RO          722    .text               c_w.l(heapauxi.o)
    0x0800057a   0x0800057a   0x00000002   PAD
    0x0800057c   0x0800057c   0x00000024   Code   RO          727    .text               c_w.l(_printf_char_file.o)
    0x080005a0   0x080005a0   0x00000018   Code   RO          729    .text               c_w.l(scanf_char_file.o)
    0x080005b8   0x080005b8   0x00000016   Code   RO          731    .text               c_w.l(abort.o)
    0x080005ce   0x080005ce   0x00000014   Code   RO          733    .text               c_w.l(assert_puts.o)
    0x080005e2   0x080005e2   0x0000000e   Code   RO          780    .text               c_w.l(sys_wrch.o)
    0x080005f0   0x080005f0   0x0000000c   Code   RO          782    .text               c_w.l(sys_exit.o)
    0x080005fc   0x080005fc   0x00000030   Code   RO          799    .text               c_w.l(_printf_char_common.o)
    0x0800062c   0x0800062c   0x0000002c   Code   RO          801    .text               c_w.l(scanf_char.o)
    0x08000658   0x08000658   0x00000048   Code   RO          803    .text               c_w.l(backspace.o)
    0x080006a0   0x080006a0   0x00000008   Code   RO          805    .text               c_w.l(ferror.o)
    0x080006a8   0x080006a8   0x0000000e   Code   RO          811    .text               c_w.l(defsig_abrt_outer.o)
    0x080006b6   0x080006b6   0x00000002   Code   RO          819    .text               c_w.l(use_no_semi.o)
    0x080006b8   0x080006b8   0x00000000   Code   RO          821    .text               c_w.l(indicate_semi.o)
    0x080006b8   0x080006b8   0x0000004a   Code   RO          822    .text               c_w.l(sys_stackheap_outer.o)
    0x08000702   0x08000702   0x00000012   Code   RO          826    .text               c_w.l(isspace.o)
    0x08000714   0x08000714   0x00000028   Code   RO          828    .text               c_w.l(__printf_nopercent.o)
    0x0800073c   0x0800073c   0x0000037a   Code   RO          830    .text               c_w.l(_scanf.o)
    0x08000ab6   0x08000ab6   0x00000002   PAD
    0x08000ab8   0x08000ab8   0x00000048   Code   RO          832    .text               c_w.l(ungetc.o)
    0x08000b00   0x08000b00   0x00000012   Code   RO          834    .text               c_w.l(exit.o)
    0x08000b12   0x08000b12   0x0000000a   Code   RO          836    .text               c_w.l(defsig_exit.o)
    0x08000b1c   0x08000b1c   0x00000030   Code   RO          838    .text               c_w.l(defsig_abrt_inner.o)
    0x08000b4c   0x08000b4c   0x00000008   Code   RO          852    .text               c_w.l(libspace.o)
    0x08000b54   0x08000b54   0x00000010   Code   RO          857    .text               c_w.l(rt_ctype_table.o)
    0x08000b64   0x08000b64   0x00000032   Code   RO          863    .text               c_w.l(defsig_general.o)
    0x08000b96   0x08000b96   0x00000002   PAD
    0x08000b98   0x08000b98   0x00000008   Code   RO          879    .text               c_w.l(rt_locale_intlibspace.o)
    0x08000ba0   0x08000ba0   0x00000080   Code   RO          902    .text               c_w.l(strcmpv7m.o)
    0x08000c20   0x08000c20   0x000000b0   Code   RO          340    i.BUTTON_Init       button.o
    0x08000cd0   0x08000cd0   0x00000020   Code   RO          613    i.ClearScreen       oled.o
    0x08000cf0   0x08000cf0   0x0000005c   Code   RO          643    i.Flap              pwm.o
    0x08000d4c   0x08000d4c   0x00000012   Code   RO            6    i.Green_LED_Toggle  led.o
    0x08000d5e   0x08000d5e   0x00000002   PAD
    0x08000d60   0x08000d60   0x00000034   Code   RO          504    i.Init_USARTx       uart.o
    0x08000d94   0x08000d94   0x00000014   Code   RO            7    i.LED0_Off          led.o
    0x08000da8   0x08000da8   0x00000014   Code   RO            8    i.LED0_On           led.o
    0x08000dbc   0x08000dbc   0x00000010   Code   RO           10    i.LED0_State        led.o
    0x08000dcc   0x08000dcc   0x00000014   Code   RO           11    i.LED0_Toggle       led.o
    0x08000de0   0x08000de0   0x00000014   Code   RO           12    i.LED1_Off          led.o
    0x08000df4   0x08000df4   0x00000014   Code   RO           13    i.LED1_On           led.o
    0x08000e08   0x08000e08   0x00000010   Code   RO           15    i.LED1_State        led.o
    0x08000e18   0x08000e18   0x00000014   Code   RO           16    i.LED1_Toggle       led.o
    0x08000e2c   0x08000e2c   0x00000014   Code   RO           17    i.LED2_Off          led.o
    0x08000e40   0x08000e40   0x00000014   Code   RO           18    i.LED2_On           led.o
    0x08000e54   0x08000e54   0x00000010   Code   RO           20    i.LED2_State        led.o
    0x08000e64   0x08000e64   0x00000014   Code   RO           21    i.LED2_Toggle       led.o
    0x08000e78   0x08000e78   0x00000014   Code   RO           22    i.LED3_Off          led.o
    0x08000e8c   0x08000e8c   0x00000014   Code   RO           23    i.LED3_On           led.o
    0x08000ea0   0x08000ea0   0x00000010   Code   RO           25    i.LED3_State        led.o
    0x08000eb0   0x08000eb0   0x00000014   Code   RO           26    i.LED3_Toggle       led.o
    0x08000ec4   0x08000ec4   0x00000118   Code   RO           27    i.LED_Init          led.o
    0x08000fdc   0x08000fdc   0x00000030   Code   RO           28    i.LED_Off           led.o
    0x0800100c   0x0800100c   0x00000030   Code   RO           29    i.LED_On            led.o
    0x0800103c   0x0800103c   0x00000044   Code   RO           31    i.LED_State         led.o
    0x08001080   0x08001080   0x00000030   Code   RO           32    i.LED_Toggle        led.o
    0x080010b0   0x080010b0   0x00000040   Code   RO          644    i.Motor             pwm.o
    0x080010f0   0x080010f0   0x000000dc   Code   RO          645    i.PWM_Init          pwm.o
    0x080011cc   0x080011cc   0x00000060   Code   RO          413    i.RNG_Init          rng.o
    0x0800122c   0x0800122c   0x000000b8   Code   RO          444    i.SPI2_GPIO_Init    spi.o
    0x080012e4   0x080012e4   0x00000108   Code   RO          445    i.SPI2_Init         spi.o
    0x080013ec   0x080013ec   0x00000040   Code   RO          446    i.SPI_Transfer_Byte  spi.o
    0x0800142c   0x0800142c   0x00000024   Code   RO          370    i.SysTick_Handler   systimer.o
    0x08001450   0x08001450   0x0000008c   Code   RO          371    i.SysTick_Init      systimer.o
    0x080014dc   0x080014dc   0x00000008   Code   RO          310    i.System_Clock_Init  sysclock.o
    0x080014e4   0x080014e4   0x000000b0   Code   RO          505    i.UART1_GPIO_Init   uart.o
    0x08001594   0x08001594   0x00000030   Code   RO          506    i.UART1_Init        uart.o
    0x080015c4   0x080015c4   0x0000009c   Code   RO          507    i.UART2_GPIO_Init   uart.o
    0x08001660   0x08001660   0x00000030   Code   RO          508    i.UART2_Init        uart.o
    0x08001690   0x08001690   0x00000184   Code   RO          311    i.UART_Clock        sysclock.o
    0x08001814   0x08001814   0x00000014   Code   RO          509    i.USART_Delay       uart.o
    0x08001828   0x08001828   0x00000044   Code   RO          510    i.USART_Init        uart.o
    0x0800186c   0x0800186c   0x00000014   Code   RO          511    i.USART_Read        uart.o
    0x08001880   0x08001880   0x00000040   Code   RO          512    i.USART_Write       uart.o
    0x080018c0   0x080018c0   0x0000001c   Code   RO          372    i.delay             systimer.o
    0x080018dc   0x080018dc   0x00000024   Code   RO          614    i.drawImage         oled.o
    0x08001900   0x08001900   0x00000014   Code   RO          576    i.fgetc             uart_printf.o
    0x08001914   0x08001914   0x0000001c   Code   RO          577    i.fputc             uart_printf.o
    0x08001930   0x08001930   0x00000618   Code   RO          680    i.gameStartup       config.o
    0x08001f48   0x08001f48   0x00000060   Code   RO          447    i.initializeDisplay  spi.o
    0x08001fa8   0x08001fa8   0x00000064   Code   RO          341    i.isPressed         button.o
    0x0800200c   0x0800200c   0x0000031c   Code   RO          231    i.main              main.o
    0x08002328   0x08002328   0x00000024   Code   RO          448    i.setCS             spi.o
    0x0800234c   0x0800234c   0x00000024   Code   RO          449    i.setDC             spi.o
    0x08002370   0x08002370   0x00000024   Code   RO          450    i.setReset          spi.o
    0x08002394   0x08002394   0x0000002c   Code   RO          882    locale$$code        c_w.l(lc_ctype_c.o)
    0x080023c0   0x080023c0   0x0000000a   Code   RO          817    x$fpl$fpinit        fz_wm.l(fpinit.o)
    0x080023ca   0x080023ca   0x00000002   PAD
    0x080023cc   0x080023cc   0x000000b4   Data   RO          681    .conststring        config.o
    0x08002480   0x08002480   0x00000020   Data   RO          925    Region$$Table       anon$$obj.o
    0x080024a0   0x080024a0   0x00000110   Data   RO          881    locale$$data        c_w.l(lc_ctype_c.o)


    Execution Region RW_IRAM1 (Exec base: 0x20000000, Load base: 0x080025b0, Size: 0x00001790, Max: 0x00018000, ABSOLUTE, COMPRESSED[0x0000042c])

    Exec Addr    Load Addr    Size         Type   Attr      Idx    E Section Name        Object

    0x20000000   COMPRESSED   0x00001028   Data   RW          233    .data               main.o
    0x20001028   COMPRESSED   0x00000008   Data   RW          373    .data               systimer.o
    0x20001030   COMPRESSED   0x00000008   Data   RW          578    .data               uart_printf.o
    0x20001038        -       0x00000010   Zero   RW          232    .bss                main.o
    0x20001048        -       0x000000e4   Zero   RW          715    .bss                c_w.l(rand.o)
    0x2000112c        -       0x00000060   Zero   RW          853    .bss                c_w.l(libspace.o)
    0x2000118c   COMPRESSED   0x00000004   PAD
    0x20001190        -       0x00000200   Zero   RW          301    HEAP                startup_stm32l476xx.o
    0x20001390        -       0x00000400   Zero   RW          300    STACK               startup_stm32l476xx.o


==============================================================================

Image component sizes


      Code (inc. data)   RO Data    RW Data    ZI Data      Debug   Object Name

       276         32          0          0          0       1090   button.o
      1560        942        180          0          0        874   config.o
       814        120          0          0          0     327158   led.o
       796         56          0       4136         16       2499   main.o
        68         10          0          0          0       1318   oled.o
       376         24          0          0          0       1642   pwm.o
        96          8          0          0          0        479   rng.o
       716         82          0          0          0       3960   spi.o
       132         42        392          0       1536        848   startup_stm32l476xx.o
       396          8          0          0          0       1105   sysclock.o
       204         22          0          8          0      32304   systimer.o
       652         36          0          0          0       4870   uart.o
        48          8          0          8          0       2902   uart_printf.o

    ----------------------------------------------------------------------
      6136       1390        604       4152       1552     381049   Object Totals
         0          0         32          0          0          0   (incl. Generated)
         2          0          0          0          0          0   (incl. Padding)

    ----------------------------------------------------------------------

      Code (inc. data)   RO Data    RW Data    ZI Data      Debug   Library Member Name

        32          6          0          0          0         84   __0scanf.o
        90          0          0          0          0          0   __dczerorl2.o
         8          0          0          0          0         68   __main.o
        40          0          0          0          0         84   __printf_nopercent.o
         0          0          0          0          0          0   __rtentry.o
        12          0          0          0          0          0   __rtentry2.o
         6          0          0          0          0          0   __rtentry4.o
        52          8          0          0          0          0   __scatter.o
        28          0          0          0          0          0   __scatter_zi.o
        48          6          0          0          0         96   _printf_char_common.o
        36          4          0          0          0         80   _printf_char_file.o
       890          4          0          0          0        100   _scanf.o
       230          0          0          0          0         96   _scanf_str.o
        22          0          0          0          0         80   abort.o
       128         42          0          0          0         76   assert.o
        20          0          0          0          0         76   assert_puts.o
        72          0          0          0          0         92   backspace.o
        48         34          0          0          0         76   defsig_abrt_inner.o
        14          0          0          0          0         80   defsig_abrt_outer.o
        10          0          0          0          0         68   defsig_exit.o
        50          0          0          0          0         88   defsig_general.o
        18          0          0          0          0         80   exit.o
         8          0          0          0          0         68   ferror.o
         6          0          0          0          0        152   heapauxi.o
         0          0          0          0          0          0   indicate_semi.o
        18          0          0          0          0         76   isspace.o
        44         10        272          0          0         76   lc_ctype_c.o
         2          0          0          0          0          0   libinit.o
        28          0          0          0          0          0   libinit2.o
         2          0          0          0          0          0   libshutdown.o
         2          0          0          0          0          0   libshutdown2.o
         8          4          0          0         96         68   libspace.o
        24          4          0          0          0         84   noretval__2printf.o
       112         18          0          0        228        160   rand.o
        16          4          0          0          0         76   rt_ctype_table.o
         8          4          0          0          0         68   rt_locale_intlibspace.o
       100          0          0          0          0         80   rt_memcpy_w.o
         2          0          0          0          0          0   rtexit.o
        10          0          0          0          0          0   rtexit2.o
        44          8          0          0          0         84   scanf_char.o
        24          8          0          0          0         68   scanf_char_file.o
       128          0          0          0          0         68   strcmpv7m.o
        12          4          0          0          0         68   sys_exit.o
        74          0          0          0          0         80   sys_stackheap_outer.o
        14          0          0          0          0         76   sys_wrch.o
        72         12          0          0          0         68   ungetc.o
         2          0          0          0          0         68   use_no_semi.o
        10          0          0          0          0        116   fpinit.o

    ----------------------------------------------------------------------
      2636        180        272          0        328       2928   Library Totals
        12          0          0          0          4          0   (incl. Padding)

    ----------------------------------------------------------------------

      Code (inc. data)   RO Data    RW Data    ZI Data      Debug   Library Name

      2614        180        272          0        324       2812   c_w.l
        10          0          0          0          0        116   fz_wm.l

    ----------------------------------------------------------------------
      2636        180        272          0        328       2928   Library Totals

    ----------------------------------------------------------------------

==============================================================================


      Code (inc. data)   RO Data    RW Data    ZI Data      Debug   

      8772       1570        876       4152       1880     377365   Grand Totals
      8772       1570        876       1068       1880     377365   ELF Image Totals (compressed)
      8772       1570        876       1068          0          0   ROM Totals

==============================================================================

    Total RO  Size (Code + RO Data)                 9648 (   9.42kB)
    Total RW  Size (RW Data + ZI Data)              6032 (   5.89kB)
    Total ROM Size (Code + RO Data + RW Data)      10716 (  10.46kB)

==============================================================================

