Component: ARM Compiler 5.06 update 7 (build 960) Tool: armlink [4d3601]

==============================================================================

Section Cross References

    led.o(i.LED0_Set) refers to led.o(i.LED0_On) for LED0_On
    led.o(i.LED0_Set) refers to led.o(i.LED0_Off) for LED0_Off
    led.o(i.LED1_Set) refers to led.o(i.LED1_On) for LED1_On
    led.o(i.LED1_Set) refers to led.o(i.LED1_Off) for LED1_Off
    led.o(i.LED2_Set) refers to led.o(i.LED2_On) for LED2_On
    led.o(i.LED2_Set) refers to led.o(i.LED2_Off) for LED2_Off
    led.o(i.LED3_Set) refers to led.o(i.LED3_On) for LED3_On
    led.o(i.LED3_Set) refers to led.o(i.LED3_Off) for LED3_Off
    led.o(i.LED_Off) refers to led.o(i.LED0_Off) for LED0_Off
    led.o(i.LED_Off) refers to led.o(i.LED1_Off) for LED1_Off
    led.o(i.LED_Off) refers to led.o(i.LED2_Off) for LED2_Off
    led.o(i.LED_Off) refers to led.o(i.LED3_Off) for LED3_Off
    led.o(i.LED_On) refers to led.o(i.LED0_On) for LED0_On
    led.o(i.LED_On) refers to led.o(i.LED1_On) for LED1_On
    led.o(i.LED_On) refers to led.o(i.LED2_On) for LED2_On
    led.o(i.LED_On) refers to led.o(i.LED3_On) for LED3_On
    led.o(i.LED_Set) refers to led.o(i.LED0_Set) for LED0_Set
    led.o(i.LED_Set) refers to led.o(i.LED1_Set) for LED1_Set
    led.o(i.LED_Set) refers to led.o(i.LED2_Set) for LED2_Set
    led.o(i.LED_Set) refers to led.o(i.LED3_Set) for LED3_Set
    led.o(i.LED_State) refers to led.o(i.LED0_State) for LED0_State
    led.o(i.LED_State) refers to led.o(i.LED1_State) for LED1_State
    led.o(i.LED_State) refers to led.o(i.LED2_State) for LED2_State
    led.o(i.LED_State) refers to led.o(i.LED3_State) for LED3_State
    led.o(i.LED_Toggle) refers to led.o(i.LED0_Toggle) for LED0_Toggle
    led.o(i.LED_Toggle) refers to led.o(i.LED1_Toggle) for LED1_Toggle
    led.o(i.LED_Toggle) refers to led.o(i.LED2_Toggle) for LED2_Toggle
    led.o(i.LED_Toggle) refers to led.o(i.LED3_Toggle) for LED3_Toggle
    main.o(i.Init_USARTx) refers to uart.o(i.UART1_Init) for UART1_Init
    main.o(i.Init_USARTx) refers to uart.o(i.UART1_GPIO_Init) for UART1_GPIO_Init
    main.o(i.Init_USARTx) refers to uart.o(i.USART_Init) for USART_Init
    main.o(i.Init_USARTx) refers to uart.o(i.UART2_Init) for UART2_Init
    main.o(i.Init_USARTx) refers to uart.o(i.UART2_GPIO_Init) for UART2_GPIO_Init
    main.o(i.main) refers to _scanf_str.o(.text) for _scanf_string
    main.o(i.main) refers to _printf_percent.o(.ARM.Collect$$_printf_percent$$00000000) for _printf_percent
    main.o(i.main) refers to _printf_c.o(.ARM.Collect$$_printf_percent$$00000013) for _printf_c
    main.o(i.main) refers to _printf_str.o(.text) for _printf_str
    main.o(i.main) refers to sysclock.o(i.System_Clock_Init) for System_Clock_Init
    main.o(i.main) refers to systimer.o(i.SysTick_Init) for SysTick_Init
    main.o(i.main) refers to led.o(i.LED_Init) for LED_Init
    main.o(i.main) refers to button.o(i.BUTTON_Init) for BUTTON_Init
    main.o(i.main) refers to main.o(i.Init_USARTx) for Init_USARTx
    main.o(i.main) refers to spi.o(i.SPI2_GPIO_Init) for SPI2_GPIO_Init
    main.o(i.main) refers to spi.o(i.SPI2_Init) for SPI2_Init
    main.o(i.main) refers to noretval__2printf.o(.text) for __2printf
    main.o(i.main) refers to __0scanf.o(.text) for __0scanf
    main.o(i.main) refers to led.o(i.Green_LED_Toggle) for Green_LED_Toggle
    main.o(i.main) refers to led.o(i.LED_Off) for LED_Off
    main.o(i.main) refers to systimer.o(i.delay) for delay
    main.o(i.main) refers to rand.o(.emb_text) for rand
    main.o(i.main) refers to led.o(i.LED_State) for LED_State
    main.o(i.main) refers to led.o(i.LED_On) for LED_On
    main.o(i.main) refers to button.o(i.isPressed) for isPressed
    main.o(i.main) refers to led.o(i.LED_Toggle) for LED_Toggle
    main.o(i.main) refers to main.o(.data) for CHOOSE
    main.o(i.main) refers to main.o(.conststring) for .conststring
    main.o(i.main) refers to systimer.o(.data) for msTicks
    startup_stm32l476xx.o(STACK) refers (Special) to heapauxi.o(.text) for __use_two_region_memory
    startup_stm32l476xx.o(HEAP) refers (Special) to heapauxi.o(.text) for __use_two_region_memory
    startup_stm32l476xx.o(RESET) refers (Special) to heapauxi.o(.text) for __use_two_region_memory
    startup_stm32l476xx.o(RESET) refers to startup_stm32l476xx.o(STACK) for __initial_sp
    startup_stm32l476xx.o(RESET) refers to startup_stm32l476xx.o(.text) for Reset_Handler
    startup_stm32l476xx.o(RESET) refers to systimer.o(i.SysTick_Handler) for SysTick_Handler
    startup_stm32l476xx.o(RESET) refers to exti.o(i.EXTI9_5_IRQHandler) for EXTI9_5_IRQHandler
    startup_stm32l476xx.o(.text) refers (Special) to heapauxi.o(.text) for __use_two_region_memory
    startup_stm32l476xx.o(.text) refers to __main.o(!!!main) for __main
    startup_stm32l476xx.o(.text) refers to startup_stm32l476xx.o(HEAP) for Heap_Mem
[...]
    libinit2.o(.ARM.Collect$$libinit$$00000010) refers to libinit2.o(.ARM.Collect$$libinit$$0000000F) for .ARM.Collect$$libinit$$0000000F
    libinit2.o(.ARM.Collect$$libinit$$00000012) refers to libinit2.o(.ARM.Collect$$libinit$$0000000F) for .ARM.Collect$$libinit$$0000000F
    libinit2.o(.ARM.Collect$$libinit$$00000012) refers (Weak) to lc_ctype_c.o(locale$$code) for _get_lc_ctype
    libinit2.o(.ARM.Collect$$libinit$$00000014) refers to libinit2.o(.ARM.Collect$$libinit$$0000000F) for .ARM.Collect$$libinit$$0000000F
    libinit2.o(.ARM.Collect$$libinit$$00000016) refers to libinit2.o(.ARM.Collect$$libinit$$0000000F) for .ARM.Collect$$libinit$$0000000F
    libinit2.o(.ARM.Collect$$libinit$$00000018) refers to libinit2.o(.ARM.Collect$$libinit$$0000000F) for .ARM.Collect$$libinit$$0000000F
    libinit2.o(.ARM.Collect$$libinit$$00000026) refers to argv_veneer.o(.emb_text) for __ARM_argv_veneer
    libinit2.o(.ARM.Collect$$libinit$$00000027) refers to argv_veneer.o(.emb_text) for __ARM_argv_veneer
    __rtentry2.o(.ARM.Collect$$rtentry$$00000008) refers to boardinit2.o(.text) for _platform_post_stackheap_init
    __rtentry2.o(.ARM.Collect$$rtentry$$0000000A) refers to libinit.o(.ARM.Collect$$libinit$$00000000) for __rt_lib_init
    __rtentry2.o(.ARM.Collect$$rtentry$$0000000B) refers to boardinit3.o(.text) for _platform_post_lib_init
    __rtentry2.o(.ARM.Collect$$rtentry$$0000000D) refers to main.o(i.main) for main
    __rtentry2.o(.ARM.Collect$$rtentry$$0000000D) refers to exit.o(.text) for exit
    __rtentry2.o(.ARM.exidx) refers to __rtentry2.o(.ARM.Collect$$rtentry$$00000001) for .ARM.Collect$$rtentry$$00000001
    __rtentry2.o(.ARM.exidx) refers to __rtentry2.o(.ARM.Collect$$rtentry$$00000008) for .ARM.Collect$$rtentry$$00000008
    __rtentry2.o(.ARM.exidx) refers to __rtentry2.o(.ARM.Collect$$rtentry$$0000000A) for .ARM.Collect$$rtentry$$0000000A
    __rtentry2.o(.ARM.exidx) refers to __rtentry2.o(.ARM.Collect$$rtentry$$0000000B) for .ARM.Collect$$rtentry$$0000000B
    __rtentry2.o(.ARM.exidx) refers to __rtentry2.o(.ARM.Collect$$rtentry$$0000000D) for .ARM.Collect$$rtentry$$0000000D
    __rtentry4.o(.ARM.Collect$$rtentry$$00000004) refers to sys_stackheap_outer.o(.text) for __user_setup_stackheap
    __rtentry4.o(.ARM.exidx) refers to __rtentry4.o(.ARM.Collect$$rtentry$$00000004) for .ARM.Collect$$rtentry$$00000004
    _printf_char_common.o(.text) refers to __printf.o(.text) for __printf
    scanf_char.o(.text) refers to _scanf.o(.text) for __vfscanf
    scanf_char.o(.text) refers to isspace.o(.text) for isspace
    backspace.o(.text) refers to ungetc.o(.text) for _ungetc_internal
    argv_veneer.o(.emb_text) refers to no_argv.o(.text) for __ARM_get_argv
    sys_stackheap_outer.o(.text) refers to libspace.o(.text) for __user_perproc_libspace
    sys_stackheap_outer.o(.text) refers to startup_stm32l476xx.o(.text) for __user_initial_stackheap
    isspace.o(.text) refers to rt_ctype_table.o(.text) for __rt_ctype_table
    _scanf.o(.text) refers (Weak) to _scanf_str.o(.text) for _scanf_string
    exit.o(.text) refers to rtexit.o(.ARM.Collect$$rtexit$$00000000) for __rt_exit
    _get_argv_nomalloc.o(.text) refers (Special) to hrguard.o(.text) for __heap_region$guard
    _get_argv_nomalloc.o(.text) refers to defsig_rtmem_outer.o(.text) for __rt_SIGRTMEM
    _get_argv_nomalloc.o(.text) refers to sys_command.o(.text) for _sys_command_string
    libinit.o(.ARM.Collect$$libinit$$00000000) refers (Special) to libinit2.o(.ARM.Collect$$libinit$$0000002E) for __rt_lib_init_alloca_1
    libinit.o(.ARM.Collect$$libinit$$00000000) refers (Special) to libinit2.o(.ARM.Collect$$libinit$$0000002C) for __rt_lib_init_argv_1
    libinit.o(.ARM.Collect$$libinit$$00000000) refers (Special) to libinit2.o(.ARM.Collect$$libinit$$0000001B) for __rt_lib_init_atexit_1
    libinit.o(.ARM.Collect$$libinit$$00000000) refers (Special) to libinit2.o(.ARM.Collect$$libinit$$00000021) for __rt_lib_init_clock_1
    libinit.o(.ARM.Collect$$libinit$$00000000) refers (Special) to libinit2.o(.ARM.Collect$$libinit$$00000032) for __rt_lib_init_cpp_1
    libinit.o(.ARM.Collect$$libinit$$00000000) refers (Special) to libinit2.o(.ARM.Collect$$libinit$$00000030) for __rt_lib_init_exceptions_1
    libinit.o(.ARM.Collect$$libinit$$00000000) refers (Special) to libinit2.o(.ARM.Collect$$libinit$$00000001) for __rt_lib_init_fp_1
    libinit.o(.ARM.Collect$$libinit$$00000000) refers (Special) to libinit2.o(.ARM.Collect$$libinit$$0000001F) for __rt_lib_init_fp_trap_1
    libinit.o(.ARM.Collect$$libinit$$00000000) refers (Special) to libinit2.o(.ARM.Collect$$libinit$$00000023) for __rt_lib_init_getenv_1
    libinit.o(.ARM.Collect$$libinit$$00000000) refers (Special) to libinit2.o(.ARM.Collect$$libinit$$0000000A) for __rt_lib_init_heap_1
    libinit.o(.ARM.Collect$$libinit$$00000000) refers (Special) to libinit2.o(.ARM.Collect$$libinit$$00000011) for __rt_lib_init_lc_collate_1
    libinit.o(.ARM.Collect$$libinit$$00000000) refers (Special) to libinit2.o(.ARM.Collect$$libinit$$00000013) for __rt_lib_init_lc_ctype_1
    libinit.o(.ARM.Collect$$libinit$$00000000) refers (Special) to libinit2.o(.ARM.Collect$$libinit$$00000015) for __rt_lib_init_lc_monetary_1
    libinit.o(.ARM.Collect$$libinit$$00000000) refers (Special) to libinit2.o(.ARM.Collect$$libinit$$00000017) for __rt_lib_init_lc_numeric_1
    libinit.o(.ARM.Collect$$libinit$$00000000) refers (Special) to libinit2.o(.ARM.Collect$$libinit$$00000019) for __rt_lib_init_lc_time_1
    libinit.o(.ARM.Collect$$libinit$$00000000) refers (Special) to libinit2.o(.ARM.Collect$$libinit$$00000004) for __rt_lib_init_preinit_1
    libinit.o(.ARM.Collect$$libinit$$00000000) refers (Special) to libinit2.o(.ARM.Collect$$libinit$$0000000E) for __rt_lib_init_rand_1
    libinit.o(.ARM.Collect$$libinit$$00000000) refers (Special) to libinit2.o(.ARM.Collect$$libinit$$00000033) for __rt_lib_init_return
    libinit.o(.ARM.Collect$$libinit$$00000000) refers (Special) to libinit2.o(.ARM.Collect$$libinit$$0000001D) for __rt_lib_init_signal_1
    libinit.o(.ARM.Collect$$libinit$$00000000) refers (Special) to libinit2.o(.ARM.Collect$$libinit$$00000025) for __rt_lib_init_stdio_1
    libinit.o(.ARM.Collect$$libinit$$00000000) refers (Special) to libinit2.o(.ARM.Collect$$libinit$$0000000C) for __rt_lib_init_user_alloc_1
    sys_command.o(.text) refers (Special) to use_no_semi.o(.text) for __I$use$semihosting
    sys_command.o(.text) refers (Special) to indicate_semi.o(.text) for __semihosting_library_function
    libspace.o(.text) refers to libspace.o(.bss) for __libspace_start
    rtexit.o(.ARM.Collect$$rtexit$$00000000) refers (Special) to rtexit2.o(.ARM.Collect$$rtexit$$00000004) for __rt_exit_exit
    rtexit.o(.ARM.Collect$$rtexit$$00000000) refers (Special) to rtexit2.o(.ARM.Collect$$rtexit$$00000003) for __rt_exit_ls
    rtexit.o(.ARM.Collect$$rtexit$$00000000) refers (Special) to rtexit2.o(.ARM.Collect$$rtexit$$00000002) for __rt_exit_prels_1
    rtexit.o(.ARM.exidx) refers (Special) to rtexit2.o(.ARM.Collect$$rtexit$$00000004) for __rt_exit_exit
    rtexit.o(.ARM.exidx) refers (Special) to rtexit2.o(.ARM.Collect$$rtexit$$00000003) for __rt_exit_ls
    rtexit.o(.ARM.exidx) refers (Special) to rtexit2.o(.ARM.Collect$$rtexit$$00000002) for __rt_exit_prels_1
    rtexit.o(.ARM.exidx) refers to rtexit.o(.ARM.Collect$$rtexit$$00000000) for .ARM.Collect$$rtexit$$00000000
    rt_ctype_table.o(.text) refers to rt_locale_intlibspace.o(.text) for __rt_locale
    rt_ctype_table.o(.text) refers to lc_ctype_c.o(locale$$code) for _get_lc_ctype
    defsig_rtmem_outer.o(.text) refers to defsig_rtmem_inner.o(.text) for __rt_SIGRTMEM_inner
    defsig_rtmem_outer.o(.text) refers to defsig_exit.o(.text) for __sig_exit
    defsig_rtmem_formal.o(.text) refers to rt_raise.o(.text) for __rt_raise
    rtexit2.o(.ARM.Collect$$rtexit$$00000003) refers to libshutdown.o(.ARM.Collect$$libshutdown$$00000000) for __rt_lib_shutdown
    rtexit2.o(.ARM.Collect$$rtexit$$00000004) refers to sys_exit.o(.text) for _sys_exit
    rtexit2.o(.ARM.exidx) refers to rtexit2.o(.ARM.Collect$$rtexit$$00000001) for .ARM.Collect$$rtexit$$00000001
    rtexit2.o(.ARM.exidx) refers to rtexit2.o(.ARM.Collect$$rtexit$$00000003) for .ARM.Collect$$rtexit$$00000003
    rtexit2.o(.ARM.exidx) refers to rtexit2.o(.ARM.Collect$$rtexit$$00000004) for .ARM.Collect$$rtexit$$00000004
    rt_raise.o(.text) refers to __raise.o(.text) for __raise
    rt_raise.o(.text) refers to sys_exit.o(.text) for _sys_exit
    rt_locale.o(.text) refers to rt_locale.o(.bss) for __rt_locale_data
    rt_locale_intlibspace.o(.text) refers to libspace.o(.bss) for __libspace_start
    lc_ctype_c.o(locale$$data) refers (Special) to libinit2.o(.ARM.Collect$$libinit$$00000012) for __rt_lib_init_lc_ctype_2
    lc_ctype_c.o(locale$$code) refers (Special) to libinit2.o(.ARM.Collect$$libinit$$00000012) for __rt_lib_init_lc_ctype_2
    lc_ctype_c.o(locale$$code) refers to strcmpv7m.o(.text) for strcmp
    lc_ctype_c.o(locale$$code) refers to lc_ctype_c.o(locale$$data) for __lcctype_c_name
    defsig_exit.o(.text) refers to sys_exit.o(.text) for _sys_exit
    defsig_rtmem_inner.o(.text) refers to defsig_general.o(.text) for __default_signal_display
    sys_exit.o(.text) refers (Special) to use_no_semi.o(.text) for __I$use$semihosting
    sys_exit.o(.text) refers (Special) to indicate_semi.o(.text) for __semihosting_library_function
    __raise.o(.text) refers to defsig.o(CL$$defsig) for __default_signal_handler
    defsig_general.o(.text) refers to sys_wrch.o(.text) for _ttywrch
    libshutdown.o(.ARM.Collect$$libshutdown$$00000000) refers (Special) to libshutdown2.o(.ARM.Collect$$libshutdown$$00000004) for __rt_lib_shutdown_cpp_1
    libshutdown.o(.ARM.Collect$$libshutdown$$00000000) refers (Special) to libshutdown2.o(.ARM.Collect$$libshutdown$$00000002) for __rt_lib_shutdown_fini_1
    libshutdown.o(.ARM.Collect$$libshutdown$$00000000) refers (Special) to libshutdown2.o(.ARM.Collect$$libshutdown$$00000009) for __rt_lib_shutdown_fp_trap_1
    libshutdown.o(.ARM.Collect$$libshutdown$$00000000) refers (Special) to libshutdown2.o(.ARM.Collect$$libshutdown$$00000011) for __rt_lib_shutdown_heap_1
    libshutdown.o(.ARM.Collect$$libshutdown$$00000000) refers (Special) to libshutdown2.o(.ARM.Collect$$libshutdown$$00000012) for __rt_lib_shutdown_return
    libshutdown.o(.ARM.Collect$$libshutdown$$00000000) refers (Special) to libshutdown2.o(.ARM.Collect$$libshutdown$$0000000C) for __rt_lib_shutdown_signal_1
    libshutdown.o(.ARM.Collect$$libshutdown$$00000000) refers (Special) to libshutdown2.o(.ARM.Collect$$libshutdown$$00000006) for __rt_lib_shutdown_stdio_1
    libshutdown.o(.ARM.Collect$$libshutdown$$00000000) refers (Special) to libshutdown2.o(.ARM.Collect$$libshutdown$$0000000E) for __rt_lib_shutdown_user_alloc_1
    sys_wrch.o(.text) refers (Special) to use_no_semi.o(.text) for __I$use$semihosting
    sys_wrch.o(.text) refers (Special) to indicate_semi.o(.text) for __semihosting_library_function
    defsig.o(CL$$defsig) refers to defsig_rtmem_inner.o(.text) for __rt_SIGRTMEM_inner
    defsig_abrt_inner.o(.text) refers to defsig_general.o(.text) for __default_signal_display
    defsig_fpe_inner.o(.text) refers to defsig_general.o(.text) for __default_signal_display
    defsig_rtred_inner.o(.text) refers to defsig_general.o(.text) for __default_signal_display
    defsig_stak_inner.o(.text) refers to defsig_general.o(.text) for __default_signal_display
    defsig_pvfn_inner.o(.text) refers to defsig_general.o(.text) for __default_signal_display
    defsig_cppl_inner.o(.text) refers to defsig_general.o(.text) for __default_signal_display
    defsig_segv_inner.o(.text) refers to defsig_general.o(.text) for __default_signal_display
    defsig_other.o(.text) refers to defsig_general.o(.text) for __default_signal_display


==============================================================================

Removing Unused input sections from the image.

    Removing led.o(.rev16_text), (4 bytes).
    Removing led.o(.revsh_text), (4 bytes).
    Removing led.o(.rrx_text), (6 bytes).
    Removing led.o(i.LED0_Set), (18 bytes).
    Removing led.o(i.LED1_Set), (18 bytes).
    Removing led.o(i.LED2_Set), (18 bytes).
    Removing led.o(i.LED3_Set), (18 bytes).
    Removing led.o(i.LED_Set), (58 bytes).
    Removing main.o(.rev16_text), (4 bytes).
    Removing main.o(.revsh_text), (4 bytes).
    Removing main.o(.rrx_text), (6 bytes).
    Removing exti.o(.rev16_text), (4 bytes).
    Removing exti.o(.revsh_text), (4 bytes).
    Removing exti.o(.rrx_text), (6 bytes).
    Removing exti.o(i.EXTI_Init), (296 bytes).
    Removing sysclock.o(.rev16_text), (4 bytes).
    Removing sysclock.o(.revsh_text), (4 bytes).
    Removing sysclock.o(.rrx_text), (6 bytes).
    Removing button.o(.rev16_text), (4 bytes).
    Removing button.o(.revsh_text), (4 bytes).
    Removing button.o(.rrx_text), (6 bytes).
    Removing systimer.o(.rev16_text), (4 bytes).
    Removing systimer.o(.revsh_text), (4 bytes).
    Removing systimer.o(.rrx_text), (6 bytes).
    Removing rng.o(.rev16_text), (4 bytes).
    Removing rng.o(.revsh_text), (4 bytes).
    Removing rng.o(.rrx_text), (6 bytes).
    Removing rng.o(i.RNG_Init), (80 bytes).
    Removing spi.o(.rev16_text), (4 bytes).
    Removing spi.o(.revsh_text), (4 bytes).
    Removing spi.o(.rrx_text), (6 bytes).
    Removing spi.o(i.SPI_Transfer_Byte), (64 bytes).
    Removing spi.o(i.initializeDisplay), (40 bytes).
    Removing spi.o(i.setCS), (36 bytes).
    Removing spi.o(i.setDC), (36 bytes).
    Removing spi.o(i.setReset), (36 bytes).
    Removing spi.o(.constdata), (20 bytes).
    Removing uart.o(.rev16_text), (4 bytes).
    Removing uart.o(.revsh_text), (4 bytes).
    Removing uart.o(.rrx_text), (6 bytes).
    Removing uart_printf.o(.rev16_text), (4 bytes).
    Removing uart_printf.o(.revsh_text), (4 bytes).
    Removing uart_printf.o(.rrx_text), (6 bytes).

43 unused section(s) (total 878 bytes) removed from the image.

==============================================================================

Image Symbol Table

    Local Symbols

    Symbol Name                              Value     Ov Type        Size  Object(Section)

    ../clib/angel/boardlib.s                 0x00000000   Number         0  boardinit1.o ABSOLUTE
    ../clib/angel/boardlib.s                 0x00000000   Number         0  boardinit2.o ABSOLUTE
    ../clib/angel/boardlib.s                 0x00000000   Number         0  boardshut.o ABSOLUTE
    ../clib/angel/boardlib.s                 0x00000000   Number         0  boardinit3.o ABSOLUTE
    ../clib/angel/handlers.s                 0x00000000   Number         0  __scatter_copy.o ABSOLUTE
    ../clib/angel/handlers.s                 0x00000000   Number         0  __scatter_zi.o ABSOLUTE
    ../clib/angel/kernel.s                   0x00000000   Number         0  __rtentry4.o ABSOLUTE
    ../clib/angel/kernel.s                   0x00000000   Number         0  rtexit2.o ABSOLUTE
    ../clib/angel/kernel.s                   0x00000000   Number         0  __rtentry2.o ABSOLUTE
    ../clib/angel/kernel.s                   0x00000000   Number         0  __rtentry.o ABSOLUTE
    ../clib/angel/kernel.s                   0x00000000   Number         0  rtexit.o ABSOLUTE
    ../clib/angel/rt.s                       0x00000000   Number         0  rt_locale_intlibspace.o ABSOLUTE
    ../clib/angel/rt.s                       0x00000000   Number         0  rt_ctype_table.o ABSOLUTE
    ../clib/angel/rt.s                       0x00000000   Number         0  rt_raise.o ABSOLUTE
    ../clib/angel/rt.s                       0x00000000   Number         0  rt_locale.o ABSOLUTE
    ../clib/angel/scatter.s                  0x00000000   Number         0  __scatter.o ABSOLUTE
    ../clib/angel/startup.s                  0x00000000   Number         0  __main.o ABSOLUTE
    ../clib/angel/sys.s                      0x00000000   Number         0  indicate_semi.o ABSOLUTE
    ../clib/angel/sys.s                      0x00000000   Number         0  libspace.o ABSOLUTE
    ../clib/angel/sys.s                      0x00000000   Number         0  use_no_semi.o ABSOLUTE
    ../clib/angel/sys.s                      0x00000000   Number         0  sys_stackheap_outer.o ABSOLUTE
    ../clib/angel/sysapp.c                   0x00000000   Number         0  sys_exit.o ABSOLUTE
    ../clib/angel/sysapp.c                   0x00000000   Number         0  sys_command.o ABSOLUTE
    ../clib/angel/sysapp.c                   0x00000000   Number         0  sys_wrch.o ABSOLUTE
    ../clib/armsys.c                         0x00000000   Number         0  argv_veneer.o ABSOLUTE
    ../clib/armsys.c                         0x00000000   Number         0  argv_veneer.o ABSOLUTE
    ../clib/armsys.c                         0x00000000   Number         0  _get_argv_nomalloc.o ABSOLUTE
    ../clib/armsys.c                         0x00000000   Number         0  no_argv.o ABSOLUTE
    ../clib/ctype.c                          0x00000000   Number         0  isspace.o ABSOLUTE
    ../clib/heapalloc.c                      0x00000000   Number         0  hrguard.o ABSOLUTE
    ../clib/heapaux.c                        0x00000000   Number         0  heapauxi.o ABSOLUTE
    ../clib/libinit.s                        0x00000000   Number         0  libshutdown.o ABSOLUTE
    ../clib/libinit.s                        0x00000000   Number         0  libinit.o ABSOLUTE
    ../clib/libinit.s                        0x00000000   Number         0  libinit2.o ABSOLUTE
    ../clib/libinit.s                        0x00000000   Number         0  libshutdown2.o ABSOLUTE
    ../clib/locale.s                         0x00000000   Number         0  lc_ctype_c.o ABSOLUTE
    ../clib/memcpset.s                       0x00000000   Number         0  strcmpv7m.o ABSOLUTE
    ../clib/memcpset.s                       0x00000000   Number         0  rt_memcpy_w.o ABSOLUTE
    ../clib/printf.c                         0x00000000   Number         0  _printf_str.o ABSOLUTE
    ../clib/printf.c                         0x00000000   Number         0  __printf.o ABSOLUTE
    ../clib/printf.c                         0x00000000   Number         0  noretval__2printf.o ABSOLUTE
    ../clib/printf.c                         0x00000000   Number         0  __printf_flags_wp.o ABSOLUTE
    ../clib/printf.c                         0x00000000   Number         0  _printf_char_common.o ABSOLUTE
    ../clib/printf.c                         0x00000000   Number         0  __printf_flags_ss_wp.o ABSOLUTE
    ../clib/printf.c                         0x00000000   Number         0  __printf_flags_ss.o ABSOLUTE
    ../clib/printf.c                         0x00000000   Number         0  __printf_wp.o ABSOLUTE
    ../clib/printf.c                         0x00000000   Number         0  __printf_ss_wp.o ABSOLUTE
    ../clib/printf.c                         0x00000000   Number         0  __printf_nopercent.o ABSOLUTE
    ../clib/printf.c                         0x00000000   Number         0  __2printf.o ABSOLUTE
    ../clib/printf.c                         0x00000000   Number         0  _printf_char.o ABSOLUTE
    ../clib/printf.c                         0x00000000   Number         0  _printf_char_file.o ABSOLUTE
    ../clib/printf.c                         0x00000000   Number         0  __printf_ss.o ABSOLUTE
    ../clib/printf.c                         0x00000000   Number         0  __printf_flags.o ABSOLUTE
    ../clib/printf_percent.s                 0x00000000   Number         0  _printf_percent_end.o ABSOLUTE
    ../clib/printf_percent.s                 0x00000000   Number         0  _printf_c.o ABSOLUTE
    ../clib/printf_percent.s                 0x00000000   Number         0  _printf_percent.o ABSOLUTE
    ../clib/scanf.c                          0x00000000   Number         0  scanf_char.o ABSOLUTE
    ../clib/scanf.c                          0x00000000   Number         0  _scanf_str.o ABSOLUTE
    ../clib/scanf.c                          0x00000000   Number         0  scanf_char_file.o ABSOLUTE
    ../clib/scanf.c                          0x00000000   Number         0  __0scanf.o ABSOLUTE
    ../clib/scanf.c                          0x00000000   Number         0  _scanf.o ABSOLUTE
    ../clib/signal.c                         0x00000000   Number         0  defsig_pvfn_inner.o ABSOLUTE
    ../clib/signal.c                         0x00000000   Number         0  defsig_stak_inner.o ABSOLUTE
    ../clib/signal.c                         0x00000000   Number         0  defsig_rtred_inner.o ABSOLUTE
    ../clib/signal.c                         0x00000000   Number         0  defsig_fpe_inner.o ABSOLUTE
    ../clib/signal.c                         0x00000000   Number         0  defsig_abrt_inner.o ABSOLUTE
    ../clib/signal.c                         0x00000000   Number         0  defsig_general.o ABSOLUTE
    ../clib/signal.c                         0x00000000   Number         0  defsig_rtmem_inner.o ABSOLUTE
    ../clib/signal.c                         0x00000000   Number         0  defsig_exit.o ABSOLUTE
    ../clib/signal.c                         0x00000000   Number         0  defsig_cppl_inner.o ABSOLUTE
    ../clib/signal.c                         0x00000000   Number         0  defsig_rtmem_formal.o ABSOLUTE
    ../clib/signal.c                         0x00000000   Number         0  defsig_rtmem_outer.o ABSOLUTE
    ../clib/signal.c                         0x00000000   Number         0  __raise.o ABSOLUTE
    ../clib/signal.c                         0x00000000   Number         0  defsig_other.o ABSOLUTE
    ../clib/signal.c                         0x00000000   Number         0  defsig_segv_inner.o ABSOLUTE
    ../clib/signal.s                         0x00000000   Number         0  defsig.o ABSOLUTE
    ../clib/stdio.c                          0x00000000   Number         0  ungetc.o ABSOLUTE
    ../clib/stdio.c                          0x00000000   Number         0  backspace.o ABSOLUTE
    ../clib/stdio.c                          0x00000000   Number         0  ferror.o ABSOLUTE
    ../clib/stdio.c                          0x00000000   Number         0  backspace_locked.o ABSOLUTE
    ../clib/stdio.c                          0x00000000   Number         0  ferror_locked.o ABSOLUTE
    ../clib/stdlib.c                         0x00000000   Number         0  rand.o ABSOLUTE
    ../clib/stdlib.c                         0x00000000   Number         0  rand.o ABSOLUTE
    ../clib/stdlib.c                         0x00000000   Number         0  exit.o ABSOLUTE
    ../fplib/fpinit.s                        0x00000000   Number         0  fpinit.o ABSOLUTE
    BUTTON.c                                 0x00000000   Number         0  button.o ABSOLUTE
    BUTTON.c                                 0x00000000   Number         0  button.o ABSOLUTE
    EXTI.c                                   0x00000000   Number         0  exti.o ABSOLUTE
    EXTI.c                                   0x00000000   Number         0  exti.o ABSOLUTE
    LED.c                                    0x00000000   Number         0  led.o ABSOLUTE
    LED.c                                    0x00000000   Number         0  led.o ABSOLUTE
    RNG.c                                    0x00000000   Number         0  rng.o ABSOLUTE
    RNG.c                                    0x00000000   Number         0  rng.o ABSOLUTE
    SPI.c                                    0x00000000   Number         0  spi.o ABSOLUTE
    SPI.c                                    0x00000000   Number         0  spi.o ABSOLUTE
    SysClock.c                               0x00000000   Number         0  sysclock.o ABSOLUTE
    SysClock.c                               0x00000000   Number         0  sysclock.o ABSOLUTE
    SysTimer.c                               0x00000000   Number         0  systimer.o ABSOLUTE
    SysTimer.c                               0x00000000   Number         0  systimer.o ABSOLUTE
    UART.c                                   0x00000000   Number         0  uart.o ABSOLUTE
    UART.c                                   0x00000000   Number         0  uart.o ABSOLUTE
    UART_printf.c                            0x00000000   Number         0  uart_printf.o ABSOLUTE
    UART_printf.c                            0x00000000   Number         0  uart_printf.o ABSOLUTE
    dc.s                                     0x00000000   Number         0  dc.o ABSOLUTE
    main.c                                   0x00000000   Number         0  main.o ABSOLUTE
    main.c                                   0x00000000   Number         0  main.o ABSOLUTE
    startup_stm32l476xx.s                    0x00000000   Number         0  startup_stm32l476xx.o ABSOLUTE
    RESET                                    0x08000000   Section      392  startup_stm32l476xx.o(RESET)
    !!!main                                  0x08000188   Section        8  __main.o(!!!main)
    !!!scatter                               0x08000190   Section       52  __scatter.o(!!!scatter)
    !!handler_copy                           0x080001c4   Section       26  __scatter_copy.o(!!handler_copy)
    !!handler_zi                             0x080001e0   Section       28  __scatter_zi.o(!!handler_zi)
    .ARM.Collect$$_printf_percent$$00000000  0x080001fc   Section        0  _printf_percent.o(.ARM.Collect$$_printf_percent$$00000000)
    .ARM.Collect$$_printf_percent$$00000013  0x080001fc   Section        6  _printf_c.o(.ARM.Collect$$_printf_percent$$00000013)
    .ARM.Collect$$_printf_percent$$00000017  0x08000202   Section        4  _printf_percent_end.o(.ARM.Collect$$_printf_percent$$00000017)
    .ARM.Collect$$libinit$$00000000          0x08000206   Section        2  libinit.o(.ARM.Collect$$libinit$$00000000)
    .ARM.Collect$$libinit$$00000001          0x08000208   Section        4  libinit2.o(.ARM.Collect$$libinit$$00000001)
    .ARM.Collect$$libinit$$00000004          0x0800020c   Section        0  libinit2.o(.ARM.Collect$$libinit$$00000004)
    .ARM.Collect$$libinit$$0000000A          0x0800020c   Section        0  libinit2.o(.ARM.Collect$$libinit$$0000000A)
    .ARM.Collect$$libinit$$0000000C          0x0800020c   Section        0  libinit2.o(.ARM.Collect$$libinit$$0000000C)
    .ARM.Collect$$libinit$$0000000D          0x0800020c   Section        4  libinit2.o(.ARM.Collect$$libinit$$0000000D)
    .ARM.Collect$$libinit$$0000000E          0x08000210   Section        0  libinit2.o(.ARM.Collect$$libinit$$0000000E)
    .ARM.Collect$$libinit$$0000000F          0x08000210   Section        6  libinit2.o(.ARM.Collect$$libinit$$0000000F)
    .ARM.Collect$$libinit$$00000011          0x08000216   Section        0  libinit2.o(.ARM.Collect$$libinit$$00000011)
    .ARM.Collect$$libinit$$00000012          0x08000216   Section       12  libinit2.o(.ARM.Collect$$libinit$$00000012)
    .ARM.Collect$$libinit$$00000013          0x08000222   Section        0  libinit2.o(.ARM.Collect$$libinit$$00000013)
    .ARM.Collect$$libinit$$00000015          0x08000222   Section        0  libinit2.o(.ARM.Collect$$libinit$$00000015)
    .ARM.Collect$$libinit$$00000017          0x08000222   Section        0  libinit2.o(.ARM.Collect$$libinit$$00000017)
    .ARM.Collect$$libinit$$00000019          0x08000222   Section        0  libinit2.o(.ARM.Collect$$libinit$$00000019)
    .ARM.Collect$$libinit$$0000001B          0x08000222   Section        0  libinit2.o(.ARM.Collect$$libinit$$0000001B)
    .ARM.Collect$$libinit$$0000001D          0x08000222   Section        0  libinit2.o(.ARM.Collect$$libinit$$0000001D)
    .ARM.Collect$$libinit$$0000001F          0x08000222   Section        0  libinit2.o(.ARM.Collect$$libinit$$0000001F)
    .ARM.Collect$$libinit$$00000021          0x08000222   Section        0  libinit2.o(.ARM.Collect$$libinit$$00000021)
    .ARM.Collect$$libinit$$00000023          0x08000222   Section        0  libinit2.o(.ARM.Collect$$libinit$$00000023)
    .ARM.Collect$$libinit$$00000025          0x08000222   Section        0  libinit2.o(.ARM.Collect$$libinit$$00000025)
    .ARM.Collect$$libinit$$0000002C          0x08000222   Section        0  libinit2.o(.ARM.Collect$$libinit$$0000002C)
    .ARM.Collect$$libinit$$0000002E          0x08000222   Section        0  libinit2.o(.ARM.Collect$$libinit$$0000002E)
    .ARM.Collect$$libinit$$00000030          0x08000222   Section        0  libinit2.o(.ARM.Collect$$libinit$$00000030)
    .ARM.Collect$$libinit$$00000032          0x08000222   Section        0  libinit2.o(.ARM.Collect$$libinit$$00000032)
    .ARM.Collect$$libinit$$00000033          0x08000222   Section        2  libinit2.o(.ARM.Collect$$libinit$$00000033)
    .ARM.Collect$$libshutdown$$00000000      0x08000224   Section        2  libshutdown.o(.ARM.Collect$$libshutdown$$00000000)
    .ARM.Collect$$libshutdown$$00000002      0x08000226   Section        0  libshutdown2.o(.ARM.Collect$$libshutdown$$00000002)
    .ARM.Collect$$libshutdown$$00000004      0x08000226   Section        0  libshutdown2.o(.ARM.Collect$$libshutdown$$00000004)
    .ARM.Collect$$libshutdown$$00000006      0x08000226   Section        0  libshutdown2.o(.ARM.Collect$$libshutdown$$00000006)
    .ARM.Collect$$libshutdown$$00000009      0x08000226   Section        0  libshutdown2.o(.ARM.Collect$$libshutdown$$00000009)
    .ARM.Collect$$libshutdown$$0000000C      0x08000226   Section        0  libshutdown2.o(.ARM.Collect$$libshutdown$$0000000C)
    .ARM.Collect$$libshutdown$$0000000E      0x08000226   Section        0  libshutdown2.o(.ARM.Collect$$libshutdown$$0000000E)
    .ARM.Collect$$libshutdown$$00000011      0x08000226   Section        0  libshutdown2.o(.ARM.Collect$$libshutdown$$00000011)
    .ARM.Collect$$libshutdown$$00000012      0x08000226   Section        2  libshutdown2.o(.ARM.Collect$$libshutdown$$00000012)
    .ARM.Collect$$rtentry$$00000000          0x08000228   Section        0  __rtentry.o(.ARM.Collect$$rtentry$$00000000)
    .ARM.Collect$$rtentry$$00000002          0x08000228   Section        0  __rtentry2.o(.ARM.Collect$$rtentry$$00000002)
    .ARM.Collect$$rtentry$$00000004          0x08000228   Section        6  __rtentry4.o(.ARM.Collect$$rtentry$$00000004)
    .ARM.Collect$$rtentry$$00000009          0x0800022e   Section        0  __rtentry2.o(.ARM.Collect$$rtentry$$00000009)
    .ARM.Collect$$rtentry$$0000000A          0x0800022e   Section        4  __rtentry2.o(.ARM.Collect$$rtentry$$0000000A)
    .ARM.Collect$$rtentry$$0000000C          0x08000232   Section        0  __rtentry2.o(.ARM.Collect$$rtentry$$0000000C)
    .ARM.Collect$$rtentry$$0000000D          0x08000232   Section        8  __rtentry2.o(.ARM.Collect$$rtentry$$0000000D)
    .ARM.Collect$$rtexit$$00000000           0x0800023a   Section        2  rtexit.o(.ARM.Collect$$rtexit$$00000000)
    .ARM.Collect$$rtexit$$00000002           0x0800023c   Section        0  rtexit2.o(.ARM.Collect$$rtexit$$00000002)
    .ARM.Collect$$rtexit$$00000003           0x0800023c   Section        4  rtexit2.o(.ARM.Collect$$rtexit$$00000003)
    .ARM.Collect$$rtexit$$00000004           0x08000240   Section        6  rtexit2.o(.ARM.Collect$$rtexit$$00000004)
    .emb_text                                0x08000248   Section       52  rand.o(.emb_text)
    .text                                    0x0800027c   Section      132  startup_stm32l476xx.o(.text)
    $v0                                      0x0800027c   Number         0  startup_stm32l476xx.o(.text)
    .text                                    0x08000300   Section        0  noretval__2printf.o(.text)
    .text                                    0x08000318   Section        0  __printf.o(.text)
    .text                                    0x08000380   Section        0  _printf_str.o(.text)
    .text                                    0x080003d4   Section        0  __0scanf.o(.text)
    .text                                    0x080003f4   Section        0  _scanf_str.o(.text)
    .text                                    0x080004dc   Section        0  rand.o(.text)
    .text                                    0x08000518   Section        0  heapauxi.o(.text)
    .text                                    0x0800051e   Section        0  _printf_char.o(.text)
    .text                                    0x0800054c   Section        0  _printf_char_file.o(.text)
    .text                                    0x08000570   Section        0  scanf_char_file.o(.text)
    .text                                    0x08000588   Section        0  _printf_char_common.o(.text)
    _printf_input_char                       0x08000589   Thumb Code    10  _printf_char_common.o(.text)
    .text                                    0x080005b8   Section        0  scanf_char.o(.text)
    _scanf_char_input                        0x080005b9   Thumb Code    12  scanf_char.o(.text)
    .text                                    0x080005e4   Section        0  backspace.o(.text)
    .text                                    0x0800062c   Section        0  ferror.o(.text)
    .text                                    0x08000634   Section       74  sys_stackheap_outer.o(.text)
    .text                                    0x0800067e   Section        0  isspace.o(.text)
    .text                                    0x08000690   Section        0  _scanf.o(.text)
    .text                                    0x08000a0c   Section        0  ungetc.o(.text)
    .text                                    0x08000a54   Section        0  exit.o(.text)
    .text                                    0x08000a68   Section        8  libspace.o(.text)
    .text                                    0x08000a70   Section       16  rt_ctype_table.o(.text)
    .text                                    0x08000a80   Section        2  use_no_semi.o(.text)
    .text                                    0x08000a82   Section        0  indicate_semi.o(.text)
    .text                                    0x08000a84   Section        8  rt_locale_intlibspace.o(.text)
    .text                                    0x08000a8c   Section        0  sys_exit.o(.text)
    .text                                    0x08000a98   Section      128  strcmpv7m.o(.text)
    i.BUTTON_Init                            0x08000b18   Section        0  button.o(i.BUTTON_Init)
    i.EXTI9_5_IRQHandler                     0x08000bc8   Section        0  exti.o(i.EXTI9_5_IRQHandler)
    i.Green_LED_Toggle                       0x08000bfc   Section        0  led.o(i.Green_LED_Toggle)
    i.Init_USARTx                            0x08000c10   Section        0  main.o(i.Init_USARTx)
    i.LED0_Off                               0x08000c44   Section        0  led.o(i.LED0_Off)
    i.LED0_On                                0x08000c58   Section        0  led.o(i.LED0_On)
    i.LED0_State                             0x08000c6c   Section        0  led.o(i.LED0_State)
    i.LED0_Toggle                            0x08000c7c   Section        0  led.o(i.LED0_Toggle)
    i.LED1_Off                               0x08000c90   Section        0  led.o(i.LED1_Off)
    i.LED1_On                                0x08000ca4   Section        0  led.o(i.LED1_On)
    i.LED1_State                             0x08000cb8   Section        0  led.o(i.LED1_State)
    i.LED1_Toggle                            0x08000cc8   Section        0  led.o(i.LED1_Toggle)
    i.LED2_Off                               0x08000cdc   Section        0  led.o(i.LED2_Off)
    i.LED2_On                                0x08000cf0   Section        0  led.o(i.LED2_On)
    i.LED2_State                             0x08000d04   Section        0  led.o(i.LED2_State)
    i.LED2_Toggle                            0x08000d14   Section        0  led.o(i.LED2_Toggle)
    i.LED3_Off                               0x08000d28   Section        0  led.o(i.LED3_Off)
    i.LED3_On                                0x08000d3c   Section        0  led.o(i.LED3_On)
    i.LED3_State                             0x08000d50   Section        0  led.o(i.LED3_State)
    i.LED3_Toggle                            0x08000d60   Section        0  led.o(i.LED3_Toggle)
    i.LED_Init                               0x08000d74   Section        0  led.o(i.LED_Init)
    i.LED_Off                                0x08000e8c   Section        0  led.o(i.LED_Off)
    i.LED_On                                 0x08000ebc   Section        0  led.o(i.LED_On)
    i.LED_State                              0x08000eec   Section        0  led.o(i.LED_State)
    i.LED_Toggle                             0x08000f1c   Section        0  led.o(i.LED_Toggle)
    i.SPI2_GPIO_Init                         0x08000f4c   Section        0  spi.o(i.SPI2_GPIO_Init)
    i.SPI2_Init                              0x08001010   Section        0  spi.o(i.SPI2_Init)
    i.SysTick_Handler                        0x08001118   Section        0  systimer.o(i.SysTick_Handler)
    i.SysTick_Init                           0x08001128   Section        0  systimer.o(i.SysTick_Init)
    i.System_Clock_Init                      0x080011b4   Section        0  sysclock.o(i.System_Clock_Init)
    i.UART1_GPIO_Init                        0x080013b8   Section        0  uart.o(i.UART1_GPIO_Init)
    i.UART1_Init                             0x08001468   Section        0  uart.o(i.UART1_Init)
    i.UART2_GPIO_Init                        0x08001498   Section        0  uart.o(i.UART2_GPIO_Init)
    i.UART2_Init                             0x08001534   Section        0  uart.o(i.UART2_Init)
    i.USART_Delay                            0x08001564   Section        0  uart.o(i.USART_Delay)
    i.USART_Init                             0x08001578   Section        0  uart.o(i.USART_Init)
    i.USART_Read                             0x080015bc   Section        0  uart.o(i.USART_Read)
    i.USART_Write                            0x080015d0   Section        0  uart.o(i.USART_Write)
    i.delay                                  0x08001610   Section        0  systimer.o(i.delay)
    i.fgetc                                  0x08001628   Section        0  uart_printf.o(i.fgetc)
    i.fputc                                  0x0800163c   Section        0  uart_printf.o(i.fputc)
    i.isPressed                              0x08001658   Section        0  button.o(i.isPressed)
    i.main                                   0x080016a4   Section        0  main.o(i.main)
    locale$$code                             0x08001d6c   Section       44  lc_ctype_c.o(locale$$code)
    x$fpl$fpinit                             0x08001d98   Section       10  fpinit.o(x$fpl$fpinit)
    $v0                                      0x08001d98   Number         0  fpinit.o(x$fpl$fpinit)
    .conststring                             0x08001da4   Section      153  main.o(.conststring)
    locale$$data                             0x08001e60   Section      272  lc_ctype_c.o(locale$$data)
    __lcctype_c_name                         0x08001e64   Data           2  lc_ctype_c.o(locale$$data)
    __lcctype_c_start                        0x08001e6c   Data           0  lc_ctype_c.o(locale$$data)
    __lcctype_c_end                          0x08001f70   Data           0  lc_ctype_c.o(locale$$data)
    .data                                    0x20000000   Section       20  main.o(.data)
    .data                                    0x20000014   Section        4  systimer.o(.data)
    .data                                    0x20000018   Section        8  uart_printf.o(.data)
    .bss                                     0x20000020   Section      228  rand.o(.bss)
    .bss                                     0x20000104   Section       96  libspace.o(.bss)
    HEAP                                     0x20000168   Section      512  startup_stm32l476xx.o(HEAP)
    Heap_Mem                                 0x20000168   Data         512  startup_stm32l476xx.o(HEAP)
    STACK                                    0x20000368   Section     1024  startup_stm32l476xx.o(STACK)
    Stack_Mem                                0x20000368   Data        1024  startup_stm32l476xx.o(STACK)
    __initial_sp                             0x20000768   Data           0  startup_stm32l476xx.o(STACK)

    Global Symbols

    Symbol Name                              Value     Ov Type        Size  Object(Section)

    BuildAttributes$$THM_ISAv4$E$P$D$K$B$S$7EM$VFPi3$EXTD16$VFPS$VFMA$PE$A:L22UL41UL21$X:L11$S22US41US21$IEEE1$IW$USESV6$~STKCKD$USESV7$~SHL$OSPACE$ROPI$EBA8$UX$STANDARDLIB$REQ8$PRES8$EABIv2 0x00000000   Number         0  anon$$obj.o ABSOLUTE
    Image$$ER_IROM1$$RW$$Length              0x00000000   Number         0  anon$$obj.o ABSOLUTE
    Image$$ER_IROM1$$ZI$$Length              0x00000000   Number         0  anon$$obj.o ABSOLUTE
    Image$$RW_IRAM1$$RO$$Length              0x00000000   Number         0  anon$$obj.o ABSOLUTE
    __ARM_use_no_argv                        0x00000000   Number         0  main.o ABSOLUTE
    __ARM_exceptions_init                     - Undefined Weak Reference
    __alloca_initialize                       - Undefined Weak Reference
    __arm_fini_                               - Undefined Weak Reference
    __arm_preinit_                            - Undefined Weak Reference
    __cpp_initialize__aeabi_                  - Undefined Weak Reference
    __cxa_finalize                            - Undefined Weak Reference
    __sigvec_lookup                           - Undefined Weak Reference
    _atexit_init                              - Undefined Weak Reference
    _call_atexit_fns                          - Undefined Weak Reference
    _clock_init                               - Undefined Weak Reference
    _fp_trap_init                             - Undefined Weak Reference
    _fp_trap_shutdown                         - Undefined Weak Reference
    _get_lc_collate                           - Undefined Weak Reference
    _get_lc_monetary                          - Undefined Weak Reference
    _get_lc_numeric                           - Undefined Weak Reference
    _get_lc_time                              - Undefined Weak Reference
    _getenv_init                              - Undefined Weak Reference
    _handle_redirection                       - Undefined Weak Reference
    _init_alloc                               - Undefined Weak Reference
    _init_user_alloc                          - Undefined Weak Reference
    _initio                                   - Undefined Weak Reference
    _mutex_acquire                            - Undefined Weak Reference
    _mutex_release                            - Undefined Weak Reference
    _printf_mbtowc                            - Undefined Weak Reference
    _printf_post_padding                      - Undefined Weak Reference
    _printf_pre_padding                       - Undefined Weak Reference
    _scanf_int                                - Undefined Weak Reference
    _scanf_longlong                           - Undefined Weak Reference
    _scanf_mbtowc                             - Undefined Weak Reference
    _scanf_real                               - Undefined Weak Reference
    _scanf_wctomb                             - Undefined Weak Reference
    _scanf_wstring                            - Undefined Weak Reference
    _signal_finish                            - Undefined Weak Reference
    _signal_init                              - Undefined Weak Reference
    _terminate_alloc                          - Undefined Weak Reference
    _terminate_user_alloc                     - Undefined Weak Reference
    _terminateio                              - Undefined Weak Reference
    Image$$RW_IRAM1$$Length                  0x00000020   Number         0  anon$$obj.o ABSOLUTE
    Image$$RW_IRAM1$$RW$$Length              0x00000020   Number         0  anon$$obj.o ABSOLUTE
    __Vectors_Size                           0x00000188   Number         0  startup_stm32l476xx.o ABSOLUTE
    Image$$RW_IRAM1$$ZI$$Length              0x00000748   Number         0  anon$$obj.o ABSOLUTE
    Image$$ER_IROM1$$RO$$Length              0x00001f70   Number         0  anon$$obj.o ABSOLUTE
    Image$$ER_IROM1$$RO$$Base                0x08000000   Number         0  anon$$obj.o ABSOLUTE
    Load$$ER_IROM1$$Base                     0x08000000   Number         0  anon$$obj.o ABSOLUTE
    __Vectors                                0x08000000   Data           4  startup_stm32l476xx.o(RESET)
    __Vectors_End                            0x08000188   Data           0  startup_stm32l476xx.o(RESET)
    __main                                   0x08000189   Thumb Code     8  __main.o(!!!main)
    __scatterload                            0x08000191   Thumb Code     0  __scatter.o(!!!scatter)
    __scatterload_rt2                        0x08000191   Thumb Code    44  __scatter.o(!!!scatter)
    __scatterload_rt2_thumb_only             0x08000191   Thumb Code     0  __scatter.o(!!!scatter)
    __scatterload_null                       0x0800019f   Thumb Code     0  __scatter.o(!!!scatter)
    __scatterload_copy                       0x080001c5   Thumb Code    26  __scatter_copy.o(!!handler_copy)
    __scatterload_zeroinit                   0x080001e1   Thumb Code    28  __scatter_zi.o(!!handler_zi)
    _printf_c                                0x080001fd   Thumb Code     0  _printf_c.o(.ARM.Collect$$_printf_percent$$00000013)
    _printf_percent                          0x080001fd   Thumb Code     0  _printf_percent.o(.ARM.Collect$$_printf_percent$$00000000)
    _printf_percent_end                      0x08000203   Thumb Code     0  _printf_percent_end.o(.ARM.Collect$$_printf_percent$$00000017)
    __rt_lib_init                            0x08000207   Thumb Code     0  libinit.o(.ARM.Collect$$libinit$$00000000)
    __rt_lib_init_fp_1                       0x08000209   Thumb Code     0  libinit2.o(.ARM.Collect$$libinit$$00000001)
    __rt_lib_init_heap_1                     0x0800020d   Thumb Code     0  libinit2.o(.ARM.Collect$$libinit$$0000000A)
    __rt_lib_init_preinit_1                  0x0800020d   Thumb Code     0  libinit2.o(.ARM.Collect$$libinit$$00000004)
    __rt_lib_init_rand_2                     0x0800020d   Thumb Code     0  libinit2.o(.ARM.Collect$$libinit$$0000000D)
    __rt_lib_init_user_alloc_1               0x0800020d   Thumb Code     0  libinit2.o(.ARM.Collect$$libinit$$0000000C)
    __rt_lib_init_lc_common                  0x08000211   Thumb Code     0  libinit2.o(.ARM.Collect$$libinit$$0000000F)
    __rt_lib_init_rand_1                     0x08000211   Thumb Code     0  libinit2.o(.ARM.Collect$$libinit$$0000000E)
    __rt_lib_init_lc_collate_1               0x08000217   Thumb Code     0  libinit2.o(.ARM.Collect$$libinit$$00000011)
    __rt_lib_init_lc_ctype_2                 0x08000217   Thumb Code     0  libinit2.o(.ARM.Collect$$libinit$$00000012)
    __rt_lib_init_alloca_1                   0x08000223   Thumb Code     0  libinit2.o(.ARM.Collect$$libinit$$0000002E)
    __rt_lib_init_argv_1                     0x08000223   Thumb Code     0  libinit2.o(.ARM.Collect$$libinit$$0000002C)
    __rt_lib_init_atexit_1                   0x08000223   Thumb Code     0  libinit2.o(.ARM.Collect$$libinit$$0000001B)
    __rt_lib_init_clock_1                    0x08000223   Thumb Code     0  libinit2.o(.ARM.Collect$$libinit$$00000021)
    __rt_lib_init_cpp_1                      0x08000223   Thumb Code     0  libinit2.o(.ARM.Collect$$libinit$$00000032)
    __rt_lib_init_exceptions_1               0x08000223   Thumb Code     0  libinit2.o(.ARM.Collect$$libinit$$00000030)
    __rt_lib_init_fp_trap_1                  0x08000223   Thumb Code     0  libinit2.o(.ARM.Collect$$libinit$$0000001F)
    __rt_lib_init_getenv_1                   0x08000223   Thumb Code     0  libinit2.o(.ARM.Collect$$libinit$$00000023)
    __rt_lib_init_lc_ctype_1                 0x08000223   Thumb Code     0  libinit2.o(.ARM.Collect$$libinit$$00000013)
    __rt_lib_init_lc_monetary_1              0x08000223   Thumb Code     0  libinit2.o(.ARM.Collect$$libinit$$00000015)
    __rt_lib_init_lc_numeric_1               0x08000223   Thumb Code     0  libinit2.o(.ARM.Collect$$libinit$$00000017)
    __rt_lib_init_lc_time_1                  0x08000223   Thumb Code     0  libinit2.o(.ARM.Collect$$libinit$$00000019)
    __rt_lib_init_return                     0x08000223   Thumb Code     0  libinit2.o(.ARM.Collect$$libinit$$00000033)
    __rt_lib_init_signal_1                   0x08000223   Thumb Code     0  libinit2.o(.ARM.Collect$$libinit$$0000001D)
    __rt_lib_init_stdio_1                    0x08000223   Thumb Code     0  libinit2.o(.ARM.Collect$$libinit$$00000025)
    __rt_lib_shutdown                        0x08000225   Thumb Code     0  libshutdown.o(.ARM.Collect$$libshutdown$$00000000)
    __rt_lib_shutdown_cpp_1                  0x08000227   Thumb Code     0  libshutdown2.o(.ARM.Collect$$libshutdown$$00000004)
    __rt_lib_shutdown_fini_1                 0x08000227   Thumb Code     0  libshutdown2.o(.ARM.Collect$$libshutdown$$00000002)
    __rt_lib_shutdown_fp_trap_1              0x08000227   Thumb Code     0  libshutdown2.o(.ARM.Collect$$libshutdown$$00000009)
    __rt_lib_shutdown_heap_1                 0x08000227   Thumb Code     0  libshutdown2.o(.ARM.Collect$$libshutdown$$00000011)
    __rt_lib_shutdown_return                 0x08000227   Thumb Code     0  libshutdown2.o(.ARM.Collect$$libshutdown$$00000012)
    __rt_lib_shutdown_signal_1               0x08000227   Thumb Code     0  libshutdown2.o(.ARM.Collect$$libshutdown$$0000000C)
    __rt_lib_shutdown_stdio_1                0x08000227   Thumb Code     0  libshutdown2.o(.ARM.Collect$$libshutdown$$00000006)
    __rt_lib_shutdown_user_alloc_1           0x08000227   Thumb Code     0  libshutdown2.o(.ARM.Collect$$libshutdown$$0000000E)
    __rt_entry                               0x08000229   Thumb Code     0  __rtentry.o(.ARM.Collect$$rtentry$$00000000)
    __rt_entry_presh_1                       0x08000229   Thumb Code     0  __rtentry2.o(.ARM.Collect$$rtentry$$00000002)
    __rt_entry_sh                            0x08000229   Thumb Code     0  __rtentry4.o(.ARM.Collect$$rtentry$$00000004)
    __rt_entry_li                            0x0800022f   Thumb Code     0  __rtentry2.o(.ARM.Collect$$rtentry$$0000000A)
    __rt_entry_postsh_1                      0x0800022f   Thumb Code     0  __rtentry2.o(.ARM.Collect$$rtentry$$00000009)
    __rt_entry_main                          0x08000233   Thumb Code     0  __rtentry2.o(.ARM.Collect$$rtentry$$0000000D)
    __rt_entry_postli_1                      0x08000233   Thumb Code     0  __rtentry2.o(.ARM.Collect$$rtentry$$0000000C)
    __rt_exit                                0x0800023b   Thumb Code     0  rtexit.o(.ARM.Collect$$rtexit$$00000000)
    __rt_exit_ls                             0x0800023d   Thumb Code     0  rtexit2.o(.ARM.Collect$$rtexit$$00000003)
    __rt_exit_prels_1                        0x0800023d   Thumb Code     0  rtexit2.o(.ARM.Collect$$rtexit$$00000002)
    __rt_exit_exit                           0x08000241   Thumb Code     0  rtexit2.o(.ARM.Collect$$rtexit$$00000004)
    rand                                     0x08000249   Thumb Code    48  rand.o(.emb_text)
    Reset_Handler                            0x0800027d   Thumb Code    60  startup_stm32l476xx.o(.text)
    NMI_Handler                              0x080002b9   Thumb Code     2  startup_stm32l476xx.o(.text)
    HardFault_Handler                        0x080002bb   Thumb Code     2  startup_stm32l476xx.o(.text)
    MemManage_Handler                        0x080002bd   Thumb Code     2  startup_stm32l476xx.o(.text)
    BusFault_Handler                         0x080002bf   Thumb Code     2  startup_stm32l476xx.o(.text)
    UsageFault_Handler                       0x080002c1   Thumb Code     2  startup_stm32l476xx.o(.text)
    SVC_Handler                              0x080002c3   Thumb Code     2  startup_stm32l476xx.o(.text)
    DebugMon_Handler                         0x080002c5   Thumb Code     2  startup_stm32l476xx.o(.text)
    PendSV_Handler                           0x080002c7   Thumb Code     2  startup_stm32l476xx.o(.text)
    ADC1_2_IRQHandler                        0x080002cb   Thumb Code     0  startup_stm32l476xx.o(.text)
    ADC3_IRQHandler                          0x080002cb   Thumb Code     0  startup_stm32l476xx.o(.text)
    CAN1_RX0_IRQHandler                      0x080002cb   Thumb Code     0  startup_stm32l476xx.o(.text)
    CAN1_RX1_IRQHandler                      0x080002cb   Thumb Code     0  startup_stm32l476xx.o(.text)
    CAN1_SCE_IRQHandler                      0x080002cb   Thumb Code     0  startup_stm32l476xx.o(.text)
    CAN1_TX_IRQHandler                       0x080002cb   Thumb Code     0  startup_stm32l476xx.o(.text)
    COMP_IRQHandler                          0x080002cb   Thumb Code     0  startup_stm32l476xx.o(.text)
    DFSDM0_IRQHandler                        0x080002cb   Thumb Code     0  startup_stm32l476xx.o(.text)
    DFSDM1_IRQHandler                        0x080002cb   Thumb Code     0  startup_stm32l476xx.o(.text)
    DFSDM2_IRQHandler                        0x080002cb   Thumb Code     0  startup_stm32l476xx.o(.text)
    DFSDM3_IRQHandler                        0x080002cb   Thumb Code     0  startup_stm32l476xx.o(.text)
    DMA1_Channel1_IRQHandler                 0x080002cb   Thumb Code     0  startup_stm32l476xx.o(.text)
    DMA1_Channel2_IRQHandler                 0x080002cb   Thumb Code     0  startup_stm32l476xx.o(.text)
    DMA1_Channel3_IRQHandler                 0x080002cb   Thumb Code     0  startup_stm32l476xx.o(.text)
    DMA1_Channel4_IRQHandler                 0x080002cb   Thumb Code     0  startup_stm32l476xx.o(.text)
    DMA1_Channel5_IRQHandler                 0x080002cb   Thumb Code     0  startup_stm32l476xx.o(.text)
    DMA1_Channel6_IRQHandler                 0x080002cb   Thumb Code     0  startup_stm32l476xx.o(.text)
    DMA1_Channel7_IRQHandler                 0x080002cb   Thumb Code     0  startup_stm32l476xx.o(.text)
    DMA2_Channel1_IRQHandler                 0x080002cb   Thumb Code     0  startup_stm32l476xx.o(.text)
    DMA2_Channel2_IRQHandler                 0x080002cb   Thumb Code     0  startup_stm32l476xx.o(.text)
    DMA2_Channel3_IRQHandler                 0x080002cb   Thumb Code     0  startup_stm32l476xx.o(.text)
    DMA2_Channel4_IRQHandler                 0x080002cb   Thumb Code     0  startup_stm32l476xx.o(.text)
    DMA2_Channel5_IRQHandler                 0x080002cb   Thumb Code     0  startup_stm32l476xx.o(.text)
    DMA2_Channel6_IRQHandler                 0x080002cb   Thumb Code     0  startup_stm32l476xx.o(.text)
    DMA2_Channel7_IRQHandler                 0x080002cb   Thumb Code     0  startup_stm32l476xx.o(.text)
    EXTI0_IRQHandler                         0x080002cb   Thumb Code     0  startup_stm32l476xx.o(.text)
    EXTI15_10_IRQHandler                     0x080002cb   Thumb Code     0  startup_stm32l476xx.o(.text)
    EXTI1_IRQHandler                         0x080002cb   Thumb Code     0  startup_stm32l476xx.o(.text)
    EXTI2_IRQHandler                         0x080002cb   Thumb Code     0  startup_stm32l476xx.o(.text)
    EXTI3_IRQHandler                         0x080002cb   Thumb Code     0  startup_stm32l476xx.o(.text)
    EXTI4_IRQHandler                         0x080002cb   Thumb Code     0  startup_stm32l476xx.o(.text)
    FLASH_IRQHandler                         0x080002cb   Thumb Code     0  startup_stm32l476xx.o(.text)
    FMC_IRQHandler                           0x080002cb   Thumb Code     0  startup_stm32l476xx.o(.text)
    FPU_IRQHandler                           0x080002cb   Thumb Code     0  startup_stm32l476xx.o(.text)
    I2C1_ER_IRQHandler                       0x080002cb   Thumb Code     0  startup_stm32l476xx.o(.text)
    I2C1_EV_IRQHandler                       0x080002cb   Thumb Code     0  startup_stm32l476xx.o(.text)
    I2C2_ER_IRQHandler                       0x080002cb   Thumb Code     0  startup_stm32l476xx.o(.text)
    I2C2_EV_IRQHandler                       0x080002cb   Thumb Code     0  startup_stm32l476xx.o(.text)
    I2C3_ER_IRQHandler                       0x080002cb   Thumb Code     0  startup_stm32l476xx.o(.text)
    I2C3_EV_IRQHandler                       0x080002cb   Thumb Code     0  startup_stm32l476xx.o(.text)
    LCD_IRQHandler                           0x080002cb   Thumb Code     0  startup_stm32l476xx.o(.text)
    LPTIM1_IRQHandler                        0x080002cb   Thumb Code     0  startup_stm32l476xx.o(.text)
    LPTIM2_IRQHandler                        0x080002cb   Thumb Code     0  startup_stm32l476xx.o(.text)
    LPUART1_IRQHandler                       0x080002cb   Thumb Code     0  startup_stm32l476xx.o(.text)
    OTG_FS_IRQHandler                        0x080002cb   Thumb Code     0  startup_stm32l476xx.o(.text)
    PVD_PVM_IRQHandler                       0x080002cb   Thumb Code     0  startup_stm32l476xx.o(.text)
    QUADSPI_IRQHandler                       0x080002cb   Thumb Code     0  startup_stm32l476xx.o(.text)
    RCC_IRQHandler                           0x080002cb   Thumb Code     0  startup_stm32l476xx.o(.text)
    RNG_IRQHandler                           0x080002cb   Thumb Code     0  startup_stm32l476xx.o(.text)
    RTC_Alarm_IRQHandler                     0x080002cb   Thumb Code     0  startup_stm32l476xx.o(.text)
    RTC_WKUP_IRQHandler                      0x080002cb   Thumb Code     0  startup_stm32l476xx.o(.text)
    SAI1_IRQHandler                          0x080002cb   Thumb Code     0  startup_stm32l476xx.o(.text)
    SAI2_IRQHandler                          0x080002cb   Thumb Code     0  startup_stm32l476xx.o(.text)
    SDMMC1_IRQHandler                        0x080002cb   Thumb Code     0  startup_stm32l476xx.o(.text)
    SPI1_IRQHandler                          0x080002cb   Thumb Code     0  startup_stm32l476xx.o(.text)
    SPI2_IRQHandler                          0x080002cb   Thumb Code     0  startup_stm32l476xx.o(.text)
    SPI3_IRQHandler                          0x080002cb   Thumb Code     0  startup_stm32l476xx.o(.text)
    SWPMI1_IRQHandler                        0x080002cb   Thumb Code     0  startup_stm32l476xx.o(.text)
    TAMP_STAMP_IRQHandler                    0x080002cb   Thumb Code     0  startup_stm32l476xx.o(.text)
    TIM1_BRK_TIM15_IRQHandler                0x080002cb   Thumb Code     0  startup_stm32l476xx.o(.text)
    TIM1_CC_IRQHandler                       0x080002cb   Thumb Code     0  startup_stm32l476xx.o(.text)
    TIM1_TRG_COM_TIM17_IRQHandler            0x080002cb   Thumb Code     0  startup_stm32l476xx.o(.text)
    TIM1_UP_TIM16_IRQHandler                 0x080002cb   Thumb Code     0  startup_stm32l476xx.o(.text)
    TIM2_IRQHandler                          0x080002cb   Thumb Code     0  startup_stm32l476xx.o(.text)
    TIM3_IRQHandler                          0x080002cb   Thumb Code     0  startup_stm32l476xx.o(.text)
    TIM4_IRQHandler                          0x080002cb   Thumb Code     0  startup_stm32l476xx.o(.text)
    TIM5_IRQHandler                          0x080002cb   Thumb Code     0  startup_stm32l476xx.o(.text)
    TIM6_DAC_IRQHandler                      0x080002cb   Thumb Code     0  startup_stm32l476xx.o(.text)
    TIM7_IRQHandler                          0x080002cb   Thumb Code     0  startup_stm32l476xx.o(.text)
    TIM8_BRK_IRQHandler                      0x080002cb   Thumb Code     0  startup_stm32l476xx.o(.text)
    TIM8_CC_IRQHandler                       0x080002cb   Thumb Code     0  startup_stm32l476xx.o(.text)
    TIM8_TRG_COM_IRQHandler                  0x080002cb   Thumb Code     0  startup_stm32l476xx.o(.text)
    TIM8_UP_IRQHandler                       0x080002cb   Thumb Code     0  startup_stm32l476xx.o(.text)
    TSC_IRQHandler                           0x080002cb   Thumb Code     0  startup_stm32l476xx.o(.text)
    UART4_IRQHandler                         0x080002cb   Thumb Code     0  startup_stm32l476xx.o(.text)
    UART5_IRQHandler                         0x080002cb   Thumb Code     0  startup_stm32l476xx.o(.text)
    USART1_IRQHandler                        0x080002cb   Thumb Code     0  startup_stm32l476xx.o(.text)
    USART2_IRQHandler                        0x080002cb   Thumb Code     0  startup_stm32l476xx.o(.text)
    USART3_IRQHandler                        0x080002cb   Thumb Code     0  startup_stm32l476xx.o(.text)
    WWDG_IRQHandler                          0x080002cb   Thumb Code     0  startup_stm32l476xx.o(.text)
    __user_initial_stackheap                 0x080002cd   Thumb Code     0  startup_stm32l476xx.o(.text)
    __2printf                                0x08000301   Thumb Code    20  noretval__2printf.o(.text)
    __printf                                 0x08000319   Thumb Code   104  __printf.o(.text)
    _printf_str                              0x08000381   Thumb Code    82  _printf_str.o(.text)
    __0scanf                                 0x080003d5   Thumb Code    26  __0scanf.o(.text)
    _scanf_string                            0x080003f5   Thumb Code   224  _scanf_str.o(.text)
    srand                                    0x080004dd   Thumb Code    42  rand.o(.text)
    _rand_init                               0x08000507   Thumb Code     4  rand.o(.text)
    __use_two_region_memory                  0x08000519   Thumb Code     2  heapauxi.o(.text)
    __rt_heap_escrow$2region                 0x0800051b   Thumb Code     2  heapauxi.o(.text)
    __rt_heap_expand$2region                 0x0800051d   Thumb Code     2  heapauxi.o(.text)
    _printf_cs_common                        0x0800051f   Thumb Code    20  _printf_char.o(.text)
    _printf_char                             0x08000533   Thumb Code    16  _printf_char.o(.text)
    _printf_string                           0x08000543   Thumb Code     8  _printf_char.o(.text)
    _printf_char_file                        0x0800054d   Thumb Code    32  _printf_char_file.o(.text)
    __vfscanf_char_file                      0x08000571   Thumb Code    16  scanf_char_file.o(.text)
    _printf_char_common                      0x08000593   Thumb Code    32  _printf_char_common.o(.text)
    __vfscanf_char                           0x080005c5   Thumb Code    24  scanf_char.o(.text)
    ___backspace$unlocked                    0x080005e5   Thumb Code     2  backspace.o(.text)
    __backspace                              0x080005e7   Thumb Code    70  backspace.o(.text)
    ferror                                   0x0800062d   Thumb Code     8  ferror.o(.text)
    __user_setup_stackheap                   0x08000635   Thumb Code    74  sys_stackheap_outer.o(.text)
    isspace                                  0x0800067f   Thumb Code    18  isspace.o(.text)
    __vfscanf                                0x08000691   Thumb Code   880  _scanf.o(.text)
    _ungetc_internal                         0x08000a0d   Thumb Code    60  ungetc.o(.text)
    ungetc                                   0x08000a0d   Thumb Code     0  ungetc.o(.text)
    exit                                     0x08000a55   Thumb Code    18  exit.o(.text)
    __user_libspace                          0x08000a69   Thumb Code     8  libspace.o(.text)
    __user_perproc_libspace                  0x08000a69   Thumb Code     0  libspace.o(.text)
    __user_perthread_libspace                0x08000a69   Thumb Code     0  libspace.o(.text)
    __rt_ctype_table                         0x08000a71   Thumb Code    16  rt_ctype_table.o(.text)
    __I$use$semihosting                      0x08000a81   Thumb Code     0  use_no_semi.o(.text)
    __use_no_semihosting_swi                 0x08000a81   Thumb Code     2  use_no_semi.o(.text)
    __semihosting_library_function           0x08000a83   Thumb Code     0  indicate_semi.o(.text)
    __rt_locale                              0x08000a85   Thumb Code     8  rt_locale_intlibspace.o(.text)
    _sys_exit                                0x08000a8d   Thumb Code     8  sys_exit.o(.text)
    strcmp                                   0x08000a99   Thumb Code   128  strcmpv7m.o(.text)
    BUTTON_Init                              0x08000b19   Thumb Code   166  button.o(i.BUTTON_Init)
    EXTI9_5_IRQHandler                       0x08000bc9   Thumb Code    42  exti.o(i.EXTI9_5_IRQHandler)
    Green_LED_Toggle                         0x08000bfd   Thumb Code    18  led.o(i.Green_LED_Toggle)
    Init_USARTx                              0x08000c11   Thumb Code    44  main.o(i.Init_USARTx)
    LED0_Off                                 0x08000c45   Thumb Code    14  led.o(i.LED0_Off)
    LED0_On                                  0x08000c59   Thumb Code    14  led.o(i.LED0_On)
    LED0_State                               0x08000c6d   Thumb Code    10  led.o(i.LED0_State)
    LED0_Toggle                              0x08000c7d   Thumb Code    14  led.o(i.LED0_Toggle)
    LED1_Off                                 0x08000c91   Thumb Code    14  led.o(i.LED1_Off)
    LED1_On                                  0x08000ca5   Thumb Code    14  led.o(i.LED1_On)
    LED1_State                               0x08000cb9   Thumb Code    10  led.o(i.LED1_State)
    LED1_Toggle                              0x08000cc9   Thumb Code    14  led.o(i.LED1_Toggle)
    LED2_Off                                 0x08000cdd   Thumb Code    14  led.o(i.LED2_Off)
    LED2_On                                  0x08000cf1   Thumb Code    14  led.o(i.LED2_On)
    LED2_State                               0x08000d05   Thumb Code    10  led.o(i.LED2_State)
    LED2_Toggle                              0x08000d15   Thumb Code    14  led.o(i.LED2_Toggle)
    LED3_Off                                 0x08000d29   Thumb Code    14  led.o(i.LED3_Off)
    LED3_On                                  0x08000d3d   Thumb Code    14  led.o(i.LED3_On)
    LED3_State                               0x08000d51   Thumb Code    10  led.o(i.LED3_State)
    LED3_Toggle                              0x08000d61   Thumb Code    14  led.o(i.LED3_Toggle)
    LED_Init                                 0x08000d75   Thumb Code   270  led.o(i.LED_Init)
    LED_Off                                  0x08000e8d   Thumb Code    48  led.o(i.LED_Off)
    LED_On                                   0x08000ebd   Thumb Code    48  led.o(i.LED_On)
    LED_State                                0x08000eed   Thumb Code    48  led.o(i.LED_State)
    LED_Toggle                               0x08000f1d   Thumb Code    48  led.o(i.LED_Toggle)
    SPI2_GPIO_Init                           0x08000f4d   Thumb Code   184  spi.o(i.SPI2_GPIO_Init)
    SPI2_Init                                0x08001011   Thumb Code   254  spi.o(i.SPI2_Init)
    SysTick_Handler                          0x08001119   Thumb Code    12  systimer.o(i.SysTick_Handler)
    SysTick_Init                             0x08001129   Thumb Code   130  systimer.o(i.SysTick_Init)
    System_Clock_Init                        0x080011b5   Thumb Code   508  sysclock.o(i.System_Clock_Init)
    UART1_GPIO_Init                          0x080013b9   Thumb Code   166  uart.o(i.UART1_GPIO_Init)
    UART1_Init                               0x08001469   Thumb Code    42  uart.o(i.UART1_Init)
    UART2_GPIO_Init                          0x08001499   Thumb Code   150  uart.o(i.UART2_GPIO_Init)
    UART2_Init                               0x08001535   Thumb Code    42  uart.o(i.UART2_Init)
    USART_Delay                              0x08001565   Thumb Code    20  uart.o(i.USART_Delay)
    USART_Init                               0x08001579   Thumb Code    68  uart.o(i.USART_Init)
    USART_Read                               0x080015bd   Thumb Code    20  uart.o(i.USART_Read)
    USART_Write                              0x080015d1   Thumb Code    64  uart.o(i.USART_Write)
    delay                                    0x08001611   Thumb Code    18  systimer.o(i.delay)
    fgetc                                    0x08001629   Thumb Code    16  uart_printf.o(i.fgetc)
    fputc                                    0x0800163d   Thumb Code    24  uart_printf.o(i.fputc)
    isPressed                                0x08001659   Thumb Code    70  button.o(i.isPressed)
    main                                     0x080016a5   Thumb Code  1728  main.o(i.main)
    _get_lc_ctype                            0x08001d6d   Thumb Code    44  lc_ctype_c.o(locale$$code)
    _fp_init                                 0x08001d99   Thumb Code    10  fpinit.o(x$fpl$fpinit)
    __fplib_config_fpu_vfp                   0x08001da1   Thumb Code     0  fpinit.o(x$fpl$fpinit)
    __fplib_config_pureend_doubles           0x08001da1   Thumb Code     0  fpinit.o(x$fpl$fpinit)
    Region$$Table$$Base                      0x08001e40   Number         0  anon$$obj.o(Region$$Table)
    Region$$Table$$Limit                     0x08001e60   Number         0  anon$$obj.o(Region$$Table)
    __ctype                                  0x08001e6d   Data           0  lc_ctype_c.o(locale$$data)
    Image$$ER_IROM1$$RO$$Limit               0x08001f70   Number         0  anon$$obj.o ABSOLUTE
    Image$$ER_IROM1$$RW$$Base                0x08001f70   Number         0  anon$$obj.o ABSOLUTE
    Image$$ER_IROM1$$RW$$Limit               0x08001f70   Number         0  anon$$obj.o ABSOLUTE
    Image$$ER_IROM1$$ZI$$Base                0x08001f70   Number         0  anon$$obj.o ABSOLUTE
    Image$$ER_IROM1$$ZI$$Limit               0x08001f70   Number         0  anon$$obj.o ABSOLUTE
    Load$$RW_IRAM1$$Base                     0x08001f70   Number         0  anon$$obj.o ABSOLUTE
    CHOOSE                                   0x20000000   Data           4  main.o(.data)
    Image$$RW_IRAM1$$Base                    0x20000000   Number         0  anon$$obj.o ABSOLUTE
    Image$$RW_IRAM1$$RO$$Base                0x20000000   Number         0  anon$$obj.o ABSOLUTE
    Image$$RW_IRAM1$$RW$$Base                0x20000000   Number         0  anon$$obj.o ABSOLUTE
    BUTTONS                                  0x20000004   Data           4  main.o(.data)
    LOSE_PENALTY                             0x20000008   Data           4  main.o(.data)
    ROUND_STARTUP                            0x2000000c   Data           4  main.o(.data)
    DURATION                                 0x20000010   Data           4  main.o(.data)
    msTicks                                  0x20000014   Data           4  systimer.o(.data)
    __stdout                                 0x20000018   Data           4  uart_printf.o(.data)
    __stdin                                  0x2000001c   Data           4  uart_printf.o(.data)
    Image$$RW_IRAM1$$Limit                   0x20000020   Number         0  anon$$obj.o ABSOLUTE
    Image$$RW_IRAM1$$RW$$Limit               0x20000020   Number         0  anon$$obj.o ABSOLUTE
    Image$$RW_IRAM1$$ZI$$Base                0x20000020   Number         0  anon$$obj.o ABSOLUTE
    _random_number_data                      0x20000020   Data         228  rand.o(.bss)
    __libspace_start                         0x20000104   Data          96  libspace.o(.bss)
    __temporary_stack_top$libspace           0x20000164   Data           0  libspace.o(.bss)
    Image$$RW_IRAM1$$ZI$$Limit               0x20000768   Number         0  anon$$obj.o ABSOLUTE



==============================================================================

Memory Map of the image

  Image Entry point : 0x08000189

  Load Region LR_IROM1 (Base: 0x08000000, Size: 0x00001f90, Max: 0x00100000, ABSOLUTE)

    Execution Region ER_IROM1 (Exec base: 0x08000000, Load base: 0x08000000, Size: 0x00001f70, Max: 0x00100000, ABSOLUTE)

    Exec Addr    Load Addr    Size         Type   Attr      Idx    E Section Name        Object

    0x08000000   0x08000000   0x00000188   Data   RO          284    RESET               startup_stm32l476xx.o
    0x08000188   0x08000188   0x00000008   Code   RO          649  * !!!main             c_w.l(__main.o)
    0x08000190   0x08000190   0x00000034   Code   RO          847    !!!scatter          c_w.l(__scatter.o)
    0x080001c4   0x080001c4   0x0000001a   Code   RO          849    !!handler_copy      c_w.l(__scatter_copy.o)
    0x080001de   0x080001de   0x00000002   PAD
    0x080001e0   0x080001e0   0x0000001c   Code   RO          851    !!handler_zi        c_w.l(__scatter_zi.o)
    0x080001fc   0x080001fc   0x00000000   Code   RO          635    .ARM.Collect$$_printf_percent$$00000000  c_w.l(_printf_percent.o)
    0x080001fc   0x080001fc   0x00000006   Code   RO          634    .ARM.Collect$$_printf_percent$$00000013  c_w.l(_printf_c.o)
    0x08000202   0x08000202   0x00000004   Code   RO          656    .ARM.Collect$$_printf_percent$$00000017  c_w.l(_printf_percent_end.o)
    0x08000206   0x08000206   0x00000002   Code   RO          756    .ARM.Collect$$libinit$$00000000  c_w.l(libinit.o)
    0x08000208   0x08000208   0x00000004   Code   RO          659    .ARM.Collect$$libinit$$00000001  c_w.l(libinit2.o)
    0x0800020c   0x0800020c   0x00000000   Code   RO          662    .ARM.Collect$$libinit$$00000004  c_w.l(libinit2.o)
    0x0800020c   0x0800020c   0x00000000   Code   RO          665    .ARM.Collect$$libinit$$0000000A  c_w.l(libinit2.o)
    0x0800020c   0x0800020c   0x00000000   Code   RO          667    .ARM.Collect$$libinit$$0000000C  c_w.l(libinit2.o)
    0x0800020c   0x0800020c   0x00000004   Code   RO          668    .ARM.Collect$$libinit$$0000000D  c_w.l(libinit2.o)
    0x08000210   0x08000210   0x00000000   Code   RO          669    .ARM.Collect$$libinit$$0000000E  c_w.l(libinit2.o)
    0x08000210   0x08000210   0x00000006   Code   RO          670    .ARM.Collect$$libinit$$0000000F  c_w.l(libinit2.o)
    0x08000216   0x08000216   0x00000000   Code   RO          672    .ARM.Collect$$libinit$$00000011  c_w.l(libinit2.o)
    0x08000216   0x08000216   0x0000000c   Code   RO          673    .ARM.Collect$$libinit$$00000012  c_w.l(libinit2.o)
    0x08000222   0x08000222   0x00000000   Code   RO          674    .ARM.Collect$$libinit$$00000013  c_w.l(libinit2.o)
    0x08000222   0x08000222   0x00000000   Code   RO          676    .ARM.Collect$$libinit$$00000015  c_w.l(libinit2.o)
    0x08000222   0x08000222   0x00000000   Code   RO          678    .ARM.Collect$$libinit$$00000017  c_w.l(libinit2.o)
    0x08000222   0x08000222   0x00000000   Code   RO          680    .ARM.Collect$$libinit$$00000019  c_w.l(libinit2.o)
    0x08000222   0x08000222   0x00000000   Code   RO          682    .ARM.Collect$$libinit$$0000001B  c_w.l(libinit2.o)
    0x08000222   0x08000222   0x00000000   Code   RO          684    .ARM.Collect$$libinit$$0000001D  c_w.l(libinit2.o)
    0x08000222   0x08000222   0x00000000   Code   RO          686    .ARM.Collect$$libinit$$0000001F  c_w.l(libinit2.o)
    0x08000222   0x08000222   0x00000000   Code   RO          688    .ARM.Collect$$libinit$$00000021  c_w.l(libinit2.o)
    0x08000222   0x08000222   0x00000000   Code   RO          690    .ARM.Collect$$libinit$$00000023  c_w.l(libinit2.o)
    0x08000222   0x08000222   0x00000000   Code   RO          692    .ARM.Collect$$libinit$$00000025  c_w.l(libinit2.o)
    0x08000222   0x08000222   0x00000000   Code   RO          696    .ARM.Collect$$libinit$$0000002C  c_w.l(libinit2.o)
    0x08000222   0x08000222   0x00000000   Code   RO          698    .ARM.Collect$$libinit$$0000002E  c_w.l(libinit2.o)
    0x08000222   0x08000222   0x00000000   Code   RO          700    .ARM.Collect$$libinit$$00000030  c_w.l(libinit2.o)
    0x08000222   0x08000222   0x00000000   Code   RO          702    .ARM.Collect$$libinit$$00000032  c_w.l(libinit2.o)
    0x08000222   0x08000222   0x00000002   Code   RO          703    .ARM.Collect$$libinit$$00000033  c_w.l(libinit2.o)
    0x08000224   0x08000224   0x00000002   Code   RO          806    .ARM.Collect$$libshutdown$$00000000  c_w.l(libshutdown.o)
    0x08000226   0x08000226   0x00000000   Code   RO          812    .ARM.Collect$$libshutdown$$00000002  c_w.l(libshutdown2.o)
    0x08000226   0x08000226   0x00000000   Code   RO          814    .ARM.Collect$$libshutdown$$00000004  c_w.l(libshutdown2.o)
    0x08000226   0x08000226   0x00000000   Code   RO          816    .ARM.Collect$$libshutdown$$00000006  c_w.l(libshutdown2.o)
    0x08000226   0x08000226   0x00000000   Code   RO          819    .ARM.Collect$$libshutdown$$00000009  c_w.l(libshutdown2.o)
    0x08000226   0x08000226   0x00000000   Code   RO          822    .ARM.Collect$$libshutdown$$0000000C  c_w.l(libshutdown2.o)
    0x08000226   0x08000226   0x00000000   Code   RO          824    .ARM.Collect$$libshutdown$$0000000E  c_w.l(libshutdown2.o)
    0x08000226   0x08000226   0x00000000   Code   RO          827    .ARM.Collect$$libshutdown$$00000011  c_w.l(libshutdown2.o)
    0x08000226   0x08000226   0x00000002   Code   RO          828    .ARM.Collect$$libshutdown$$00000012  c_w.l(libshutdown2.o)
    0x08000228   0x08000228   0x00000000   Code   RO          651    .ARM.Collect$$rtentry$$00000000  c_w.l(__rtentry.o)
    0x08000228   0x08000228   0x00000000   Code   RO          705    .ARM.Collect$$rtentry$$00000002  c_w.l(__rtentry2.o)
    0x08000228   0x08000228   0x00000006   Code   RO          717    .ARM.Collect$$rtentry$$00000004  c_w.l(__rtentry4.o)
    0x0800022e   0x0800022e   0x00000000   Code   RO          707    .ARM.Collect$$rtentry$$00000009  c_w.l(__rtentry2.o)
    0x0800022e   0x0800022e   0x00000004   Code   RO          708    .ARM.Collect$$rtentry$$0000000A  c_w.l(__rtentry2.o)
    0x08000232   0x08000232   0x00000000   Code   RO          710    .ARM.Collect$$rtentry$$0000000C  c_w.l(__rtentry2.o)
    0x08000232   0x08000232   0x00000008   Code   RO          711    .ARM.Collect$$rtentry$$0000000D  c_w.l(__rtentry2.o)
    0x0800023a   0x0800023a   0x00000002   Code   RO          762    .ARM.Collect$$rtexit$$00000000  c_w.l(rtexit.o)
    0x0800023c   0x0800023c   0x00000000   Code   RO          776    .ARM.Collect$$rtexit$$00000002  c_w.l(rtexit2.o)
    0x0800023c   0x0800023c   0x00000004   Code   RO          777    .ARM.Collect$$rtexit$$00000003  c_w.l(rtexit2.o)
    0x08000240   0x08000240   0x00000006   Code   RO          778    .ARM.Collect$$rtexit$$00000004  c_w.l(rtexit2.o)
    0x08000246   0x08000246   0x00000002   PAD
    0x08000248   0x08000248   0x00000034   Code   RO          640    .emb_text           c_w.l(rand.o)
    0x0800027c   0x0800027c   0x00000084   Code   RO          285    .text               startup_stm32l476xx.o
    0x08000300   0x08000300   0x00000018   Code   RO          608    .text               c_w.l(noretval__2printf.o)
    0x08000318   0x08000318   0x00000068   Code   RO          610    .text               c_w.l(__printf.o)
    0x08000380   0x08000380   0x00000052   Code   RO          612    .text               c_w.l(_printf_str.o)
    0x080003d2   0x080003d2   0x00000002   PAD
    0x080003d4   0x080003d4   0x00000020   Code   RO          636    .text               c_w.l(__0scanf.o)
    0x080003f4   0x080003f4   0x000000e6   Code   RO          638    .text               c_w.l(_scanf_str.o)
    0x080004da   0x080004da   0x00000002   PAD
    0x080004dc   0x080004dc   0x0000003c   Code   RO          641    .text               c_w.l(rand.o)
    0x08000518   0x08000518   0x00000006   Code   RO          647    .text               c_w.l(heapauxi.o)
    0x0800051e   0x0800051e   0x0000002c   Code   RO          652    .text               c_w.l(_printf_char.o)
    0x0800054a   0x0800054a   0x00000002   PAD
    0x0800054c   0x0800054c   0x00000024   Code   RO          654    .text               c_w.l(_printf_char_file.o)
    0x08000570   0x08000570   0x00000018   Code   RO          657    .text               c_w.l(scanf_char_file.o)
    0x08000588   0x08000588   0x00000030   Code   RO          719    .text               c_w.l(_printf_char_common.o)
    0x080005b8   0x080005b8   0x0000002c   Code   RO          721    .text               c_w.l(scanf_char.o)
    0x080005e4   0x080005e4   0x00000048   Code   RO          723    .text               c_w.l(backspace.o)
    0x0800062c   0x0800062c   0x00000008   Code   RO          725    .text               c_w.l(ferror.o)
    0x08000634   0x08000634   0x0000004a   Code   RO          735    .text               c_w.l(sys_stackheap_outer.o)
    0x0800067e   0x0800067e   0x00000012   Code   RO          737    .text               c_w.l(isspace.o)
    0x08000690   0x08000690   0x0000037a   Code   RO          741    .text               c_w.l(_scanf.o)
    0x08000a0a   0x08000a0a   0x00000002   PAD
    0x08000a0c   0x08000a0c   0x00000048   Code   RO          743    .text               c_w.l(ungetc.o)
    0x08000a54   0x08000a54   0x00000012   Code   RO          745    .text               c_w.l(exit.o)
    0x08000a66   0x08000a66   0x00000002   PAD
    0x08000a68   0x08000a68   0x00000008   Code   RO          759    .text               c_w.l(libspace.o)
    0x08000a70   0x08000a70   0x00000010   Code   RO          764    .text               c_w.l(rt_ctype_table.o)
    0x08000a80   0x08000a80   0x00000002   Code   RO          772    .text               c_w.l(use_no_semi.o)
    0x08000a82   0x08000a82   0x00000000   Code   RO          774    .text               c_w.l(indicate_semi.o)
    0x08000a82   0x08000a82   0x00000002   PAD
    0x08000a84   0x08000a84   0x00000008   Code   RO          787    .text               c_w.l(rt_locale_intlibspace.o)
    0x08000a8c   0x08000a8c   0x0000000c   Code   RO          796    .text               c_w.l(sys_exit.o)
    0x08000a98   0x08000a98   0x00000080   Code   RO          802    .text               c_w.l(strcmpv7m.o)
    0x08000b18   0x08000b18   0x000000b0   Code   RO          350    i.BUTTON_Init       button.o
    0x08000bc8   0x08000bc8   0x00000034   Code   RO          292    i.EXTI9_5_IRQHandler  exti.o
    0x08000bfc   0x08000bfc   0x00000012   Code   RO            4    i.Green_LED_Toggle  led.o
    0x08000c0e   0x08000c0e   0x00000002   PAD
    0x08000c10   0x08000c10   0x00000034   Code   RO          216    i.Init_USARTx       main.o
    0x08000c44   0x08000c44   0x00000014   Code   RO            5    i.LED0_Off          led.o
    0x08000c58   0x08000c58   0x00000014   Code   RO            6    i.LED0_On           led.o
    0x08000c6c   0x08000c6c   0x00000010   Code   RO            8    i.LED0_State        led.o
    0x08000c7c   0x08000c7c   0x00000014   Code   RO            9    i.LED0_Toggle       led.o
    0x08000c90   0x08000c90   0x00000014   Code   RO           10    i.LED1_Off          led.o
    0x08000ca4   0x08000ca4   0x00000014   Code   RO           11    i.LED1_On           led.o
    0x08000cb8   0x08000cb8   0x00000010   Code   RO           13    i.LED1_State        led.o
    0x08000cc8   0x08000cc8   0x00000014   Code   RO           14    i.LED1_Toggle       led.o
    0x08000cdc   0x08000cdc   0x00000014   Code   RO           15    i.LED2_Off          led.o
    0x08000cf0   0x08000cf0   0x00000014   Code   RO           16    i.LED2_On           led.o
    0x08000d04   0x08000d04   0x00000010   Code   RO           18    i.LED2_State        led.o
    0x08000d14   0x08000d14   0x00000014   Code   RO           19    i.LED2_Toggle       led.o
    0x08000d28   0x08000d28   0x00000014   Code   RO           20    i.LED3_Off          led.o
    0x08000d3c   0x08000d3c   0x00000014   Code   RO           21    i.LED3_On           led.o
    0x08000d50   0x08000d50   0x00000010   Code   RO           23    i.LED3_State        led.o
    0x08000d60   0x08000d60   0x00000014   Code   RO           24    i.LED3_Toggle       led.o
    0x08000d74   0x08000d74   0x00000118   Code   RO           25    i.LED_Init          led.o
    0x08000e8c   0x08000e8c   0x00000030   Code   RO           26    i.LED_Off           led.o
    0x08000ebc   0x08000ebc   0x00000030   Code   RO           27    i.LED_On            led.o
    0x08000eec   0x08000eec   0x00000030   Code   RO           29    i.LED_State         led.o
    0x08000f1c   0x08000f1c   0x00000030   Code   RO           30    i.LED_Toggle        led.o
    0x08000f4c   0x08000f4c   0x000000c4   Code   RO          443    i.SPI2_GPIO_Init    spi.o
    0x08001010   0x08001010   0x00000108   Code   RO          444    i.SPI2_Init         spi.o
    0x08001118   0x08001118   0x00000010   Code   RO          380    i.SysTick_Handler   systimer.o
    0x08001128   0x08001128   0x0000008c   Code   RO          381    i.SysTick_Init      systimer.o
    0x080011b4   0x080011b4   0x00000204   Code   RO          326    i.System_Clock_Init  sysclock.o
    0x080013b8   0x080013b8   0x000000b0   Code   RO          504    i.UART1_GPIO_Init   uart.o
    0x08001468   0x08001468   0x00000030   Code   RO          505    i.UART1_Init        uart.o
    0x08001498   0x08001498   0x0000009c   Code   RO          506    i.UART2_GPIO_Init   uart.o
    0x08001534   0x08001534   0x00000030   Code   RO          507    i.UART2_Init        uart.o
    0x08001564   0x08001564   0x00000014   Code   RO          508    i.USART_Delay       uart.o
    0x08001578   0x08001578   0x00000044   Code   RO          509    i.USART_Init        uart.o
    0x080015bc   0x080015bc   0x00000014   Code   RO          510    i.USART_Read        uart.o
    0x080015d0   0x080015d0   0x00000040   Code   RO          511    i.USART_Write       uart.o
    0x08001610   0x08001610   0x00000018   Code   RO          382    i.delay             systimer.o
    0x08001628   0x08001628   0x00000014   Code   RO          570    i.fgetc             uart_printf.o
    0x0800163c   0x0800163c   0x0000001c   Code   RO          571    i.fputc             uart_printf.o
    0x08001658   0x08001658   0x0000004c   Code   RO          351    i.isPressed         button.o
    0x080016a4   0x080016a4   0x000006c8   Code   RO          217    i.main              main.o
    0x08001d6c   0x08001d6c   0x0000002c   Code   RO          790    locale$$code        c_w.l(lc_ctype_c.o)
    0x08001d98   0x08001d98   0x0000000a   Code   RO          733    x$fpl$fpinit        fz_wm.l(fpinit.o)
    0x08001da2   0x08001da2   0x00000002   PAD
    0x08001da4   0x08001da4   0x00000099   Data   RO          218    .conststring        main.o
    0x08001e3d   0x08001e3d   0x00000003   PAD
    0x08001e40   0x08001e40   0x00000020   Data   RO          845    Region$$Table       anon$$obj.o
    0x08001e60   0x08001e60   0x00000110   Data   RO          789    locale$$data        c_w.l(lc_ctype_c.o)


    Execution Region RW_IRAM1 (Exec base: 0x20000000, Load base: 0x08001f70, Size: 0x00000768, Max: 0x00018000, ABSOLUTE)

    Exec Addr    Load Addr    Size         Type   Attr      Idx    E Section Name        Object

    0x20000000   0x08001f70   0x00000014   Data   RW          219    .data               main.o
    0x20000014   0x08001f84   0x00000004   Data   RW          383    .data               systimer.o
    0x20000018   0x08001f88   0x00000008   Data   RW          572    .data               uart_printf.o
    0x20000020        -       0x000000e4   Zero   RW          642    .bss                c_w.l(rand.o)
    0x20000104        -       0x00000060   Zero   RW          760    .bss                c_w.l(libspace.o)
    0x20000164   0x08001f90   0x00000004   PAD
    0x20000168        -       0x00000200   Zero   RW          283    HEAP                startup_stm32l476xx.o
    0x20000368        -       0x00000400   Zero   RW          282    STACK               startup_stm32l476xx.o


==============================================================================

Image component sizes


      Code (inc. data)   RO Data    RW Data    ZI Data      Debug   Object Name

       252         16          0          0          0       1070   button.o
        52         10          0          0          0      30552   exti.o
       794        106          0          0          0     327158   led.o
      1788        824        153         20          0       2234   main.o
       460         22          0          0          0       1025   spi.o
       132         42        392          0       1536        848   startup_stm32l476xx.o
       516          8          0          0          0        700   sysclock.o
       180         20          0          4          0       2187   systimer.o
       600         28          0          0          0       4320   uart.o
        48          8          0          8          0       2902   uart_printf.o

    ----------------------------------------------------------------------
      4824       1084        580         32       1536     372996   Object Totals
         0          0         32          0          0          0   (incl. Generated)
         2          0          3          0          0          0   (incl. Padding)

    ----------------------------------------------------------------------

      Code (inc. data)   RO Data    RW Data    ZI Data      Debug   Library Member Name

        32          6          0          0          0         84   __0scanf.o
         8          0          0          0          0         68   __main.o
       104          0          0          0          0         84   __printf.o
         0          0          0          0          0          0   __rtentry.o
        12          0          0          0          0          0   __rtentry2.o
         6          0          0          0          0          0   __rtentry4.o
        52          8          0          0          0          0   __scatter.o
        26          0          0          0          0          0   __scatter_copy.o
        28          0          0          0          0          0   __scatter_zi.o
         6          0          0          0          0          0   _printf_c.o
        44          0          0          0          0        108   _printf_char.o
        48          6          0          0          0         96   _printf_char_common.o
        36          4          0          0          0         80   _printf_char_file.o
         0          0          0          0          0          0   _printf_percent.o
         4          0          0          0          0          0   _printf_percent_end.o
        82          0          0          0          0         80   _printf_str.o
       890          4          0          0          0        100   _scanf.o
       230          0          0          0          0         96   _scanf_str.o
        72          0          0          0          0         92   backspace.o
        18          0          0          0          0         80   exit.o
         8          0          0          0          0         68   ferror.o
         6          0          0          0          0        152   heapauxi.o
         0          0          0          0          0          0   indicate_semi.o
        18          0          0          0          0         76   isspace.o
        44         10        272          0          0         76   lc_ctype_c.o
         2          0          0          0          0          0   libinit.o
        28          0          0          0          0          0   libinit2.o
         2          0          0          0          0          0   libshutdown.o
         2          0          0          0          0          0   libshutdown2.o
         8          4          0          0         96         68   libspace.o
        24          4          0          0          0         84   noretval__2printf.o
       112         18          0          0        228        160   rand.o
        16          4          0          0          0         76   rt_ctype_table.o
         8          4          0          0          0         68   rt_locale_intlibspace.o
         2          0          0          0          0          0   rtexit.o
        10          0          0          0          0          0   rtexit2.o
        44          8          0          0          0         84   scanf_char.o
        24          8          0          0          0         68   scanf_char_file.o
       128          0          0          0          0         68   strcmpv7m.o
        12          4          0          0          0         68   sys_exit.o
        74          0          0          0          0         80   sys_stackheap_outer.o
        72         12          0          0          0         68   ungetc.o
         2          0          0          0          0         68   use_no_semi.o
        10          0          0          0          0        116   fpinit.o

    ----------------------------------------------------------------------
      2372        104        272          0        328       2416   Library Totals
        18          0          0          0          4          0   (incl. Padding)

    ----------------------------------------------------------------------

      Code (inc. data)   RO Data    RW Data    ZI Data      Debug   Library Name

      2344        104        272          0        324       2300   c_w.l
        10          0          0          0          0        116   fz_wm.l

    ----------------------------------------------------------------------
      2372        104        272          0        328       2416   Library Totals

    ----------------------------------------------------------------------

==============================================================================


      Code (inc. data)   RO Data    RW Data    ZI Data      Debug   

      7196       1188        852         32       1864     370364   Grand Totals
      7196       1188        852         32       1864     370364   ELF Image Totals
      7196       1188        852         32          0          0   ROM Totals

==============================================================================

    Total RO  Size (Code + RO Data)                 8048 (   7.86kB)
    Total RW  Size (RW Data + ZI Data)              1896 (   1.85kB)
    Total ROM Size (Code + RO Data + RW Data)       8080 (   7.89kB)

==============================================================================

